Archive member included to satisfy reference by file (symbol)

/usr/lib/gcc/arm-none-eabi/10.3.1/../../../arm-none-eabi/lib/thumb/v8-m.main+fp/hard/libm.a(lib_a-s_modf.o)
                              CMakeFiles/temperature_measurement.elf.dir/home/ubuntu/Downloads/newRW612/devices/RW612/utilities/debug_console_lite/fsl_debug_console.c.obj (modf)
/usr/lib/gcc/arm-none-eabi/10.3.1/../../../arm-none-eabi/lib/thumb/v8-m.main+fp/hard/libm.a(lib_a-w_pow.o)
                              CMakeFiles/temperature_measurement.elf.dir/home/ubuntu/Downloads/newRW612/devices/RW612/utilities/debug_console_lite/fsl_debug_console.c.obj (pow)
/usr/lib/gcc/arm-none-eabi/10.3.1/../../../arm-none-eabi/lib/thumb/v8-m.main+fp/hard/libm.a(lib_a-e_pow.o)
                              /usr/lib/gcc/arm-none-eabi/10.3.1/../../../arm-none-eabi/lib/thumb/v8-m.main+fp/hard/libm.a(lib_a-w_pow.o) (__ieee754_pow)
/usr/lib/gcc/arm-none-eabi/10.3.1/../../../arm-none-eabi/lib/thumb/v8-m.main+fp/hard/libm.a(lib_a-e_sqrt.o)
                              /usr/lib/gcc/arm-none-eabi/10.3.1/../../../arm-none-eabi/lib/thumb/v8-m.main+fp/hard/libm.a(lib_a-e_pow.o) (__ieee754_sqrt)
/usr/lib/gcc/arm-none-eabi/10.3.1/../../../arm-none-eabi/lib/thumb/v8-m.main+fp/hard/libm.a(lib_a-s_fabs.o)
                              /usr/lib/gcc/arm-none-eabi/10.3.1/../../../arm-none-eabi/lib/thumb/v8-m.main+fp/hard/libm.a(lib_a-e_pow.o) (fabs)
/usr/lib/gcc/arm-none-eabi/10.3.1/../../../arm-none-eabi/lib/thumb/v8-m.main+fp/hard/libm.a(lib_a-s_finite.o)
                              /usr/lib/gcc/arm-none-eabi/10.3.1/../../../arm-none-eabi/lib/thumb/v8-m.main+fp/hard/libm.a(lib_a-w_pow.o) (finite)
/usr/lib/gcc/arm-none-eabi/10.3.1/../../../arm-none-eabi/lib/thumb/v8-m.main+fp/hard/libm.a(lib_a-s_lib_ver.o)
                              /usr/lib/gcc/arm-none-eabi/10.3.1/../../../arm-none-eabi/lib/thumb/v8-m.main+fp/hard/libm.a(lib_a-w_pow.o) (__fdlib_version)
/usr/lib/gcc/arm-none-eabi/10.3.1/../../../arm-none-eabi/lib/thumb/v8-m.main+fp/hard/libm.a(lib_a-s_nan.o)
                              /usr/lib/gcc/arm-none-eabi/10.3.1/../../../arm-none-eabi/lib/thumb/v8-m.main+fp/hard/libm.a(lib_a-e_pow.o) (nan)
/usr/lib/gcc/arm-none-eabi/10.3.1/../../../arm-none-eabi/lib/thumb/v8-m.main+fp/hard/libm.a(lib_a-s_rint.o)
                              /usr/lib/gcc/arm-none-eabi/10.3.1/../../../arm-none-eabi/lib/thumb/v8-m.main+fp/hard/libm.a(lib_a-w_pow.o) (rint)
/usr/lib/gcc/arm-none-eabi/10.3.1/../../../arm-none-eabi/lib/thumb/v8-m.main+fp/hard/libm.a(lib_a-s_scalbn.o)
                              /usr/lib/gcc/arm-none-eabi/10.3.1/../../../arm-none-eabi/lib/thumb/v8-m.main+fp/hard/libm.a(lib_a-e_pow.o) (scalbn)
/usr/lib/gcc/arm-none-eabi/10.3.1/../../../arm-none-eabi/lib/thumb/v8-m.main+fp/hard/libc_nano.a(lib_a-atexit.o)
                              /usr/lib/gcc/arm-none-eabi/10.3.1/../../../arm-none-eabi/lib/thumb/v8-m.main+fp/hard/crt0.o (atexit)
/usr/lib/gcc/arm-none-eabi/10.3.1/../../../arm-none-eabi/lib/thumb/v8-m.main+fp/hard/libc_nano.a(lib_a-errno.o)
                              CMakeFiles/temperature_measurement.elf.dir/home/ubuntu/Downloads/newRW612/devices/RW612/utilities/fsl_syscall_stub.c.obj (__errno)
/usr/lib/gcc/arm-none-eabi/10.3.1/../../../arm-none-eabi/lib/thumb/v8-m.main+fp/hard/libc_nano.a(lib_a-exit.o)
                              /usr/lib/gcc/arm-none-eabi/10.3.1/../../../arm-none-eabi/lib/thumb/v8-m.main+fp/hard/crt0.o (exit)
/usr/lib/gcc/arm-none-eabi/10.3.1/../../../arm-none-eabi/lib/thumb/v8-m.main+fp/hard/libc_nano.a(lib_a-fini.o)
                              /usr/lib/gcc/arm-none-eabi/10.3.1/../../../arm-none-eabi/lib/thumb/v8-m.main+fp/hard/crt0.o (__libc_fini_array)
/usr/lib/gcc/arm-none-eabi/10.3.1/../../../arm-none-eabi/lib/thumb/v8-m.main+fp/hard/libc_nano.a(lib_a-impure.o)
                              /usr/lib/gcc/arm-none-eabi/10.3.1/../../../arm-none-eabi/lib/thumb/v8-m.main+fp/hard/libc_nano.a(lib_a-exit.o) (_global_impure_ptr)
/usr/lib/gcc/arm-none-eabi/10.3.1/../../../arm-none-eabi/lib/thumb/v8-m.main+fp/hard/libc_nano.a(lib_a-init.o)
                              /usr/lib/gcc/arm-none-eabi/10.3.1/../../../arm-none-eabi/lib/thumb/v8-m.main+fp/hard/crt0.o (__libc_init_array)
/usr/lib/gcc/arm-none-eabi/10.3.1/../../../arm-none-eabi/lib/thumb/v8-m.main+fp/hard/libc_nano.a(lib_a-malloc.o)
                              CMakeFiles/temperature_measurement.elf.dir/home/ubuntu/Downloads/newRW612/devices/RW612/drivers/fsl_common.c.obj (malloc)
/usr/lib/gcc/arm-none-eabi/10.3.1/../../../arm-none-eabi/lib/thumb/v8-m.main+fp/hard/libc_nano.a(lib_a-memset.o)
                              /usr/lib/gcc/arm-none-eabi/10.3.1/../../../arm-none-eabi/lib/thumb/v8-m.main+fp/hard/crt0.o (memset)
/usr/lib/gcc/arm-none-eabi/10.3.1/../../../arm-none-eabi/lib/thumb/v8-m.main+fp/hard/libc_nano.a(lib_a-nano-freer.o)
[...]
Memory Configuration

Name             Origin             Length             Attributes
m_flash_config   0x0000000008000000 0x0000000000001000 xr
m_interrupts     0x0000000008001000 0x0000000000000280 xr
m_text           0x0000000008001280 0x00000000001fed80 xr
m_data           0x0000000020000000 0x0000000000130000 rw
*default*        0x0000000000000000 0xffffffffffffffff

Linker script and memory map

LOAD /usr/lib/gcc/arm-none-eabi/10.3.1/thumb/v8-m.main+fp/hard/crti.o
LOAD /usr/lib/gcc/arm-none-eabi/10.3.1/thumb/v8-m.main+fp/hard/crtbegin.o
LOAD /usr/lib/gcc/arm-none-eabi/10.3.1/../../../arm-none-eabi/lib/thumb/v8-m.main+fp/hard/crt0.o
LOAD CMakeFiles/temperature_measurement.elf.dir/home/ubuntu/Downloads/newRW612/boards/frdmrw612/demo_apps/temperature_measurement/temperature_measurement.c.obj
LOAD CMakeFiles/temperature_measurement.elf.dir/home/ubuntu/Downloads/newRW612/boards/frdmrw612/demo_apps/temperature_measurement/board.c.obj
LOAD CMakeFiles/temperature_measurement.elf.dir/home/ubuntu/Downloads/newRW612/boards/frdmrw612/demo_apps/temperature_measurement/clock_config.c.obj
LOAD CMakeFiles/temperature_measurement.elf.dir/home/ubuntu/Downloads/newRW612/boards/frdmrw612/demo_apps/temperature_measurement/pin_mux.c.obj
LOAD CMakeFiles/temperature_measurement.elf.dir/home/ubuntu/Downloads/newRW612/boards/frdmrw612/demo_apps/temperature_measurement/hardware_init.c.obj
LOAD CMakeFiles/temperature_measurement.elf.dir/home/ubuntu/Downloads/newRW612/components/els_pkc/src/comps/mcuxClBuffer/src/mcuxClBuffer.c.obj
LOAD CMakeFiles/temperature_measurement.elf.dir/home/ubuntu/Downloads/newRW612/components/els_pkc/src/comps/mcuxClEls/src/mcuxClEls_Common.c.obj
LOAD CMakeFiles/temperature_measurement.elf.dir/home/ubuntu/Downloads/newRW612/components/els_pkc/src/comps/mcuxClMemory/src/mcuxClMemory.c.obj
LOAD CMakeFiles/temperature_measurement.elf.dir/home/ubuntu/Downloads/newRW612/components/els_pkc/src/comps/mcuxCsslMemory/src/mcuxCsslMemory_Clear.c.obj
LOAD CMakeFiles/temperature_measurement.elf.dir/home/ubuntu/Downloads/newRW612/components/els_pkc/src/comps/mcuxCsslMemory/src/mcuxCsslMemory_Compare.c.obj
LOAD CMakeFiles/temperature_measurement.elf.dir/home/ubuntu/Downloads/newRW612/components/els_pkc/src/comps/mcuxCsslMemory/src/mcuxCsslMemory_Copy.c.obj
LOAD CMakeFiles/temperature_measurement.elf.dir/home/ubuntu/Downloads/newRW612/components/els_pkc/src/comps/mcuxCsslMemory/src/mcuxCsslMemory_Set.c.obj
LOAD CMakeFiles/temperature_measurement.elf.dir/home/ubuntu/Downloads/newRW612/components/els_pkc/src/comps/mcuxCsslParamIntegrity/src/mcuxCsslParamIntegrity32.c.obj
LOAD CMakeFiles/temperature_measurement.elf.dir/home/ubuntu/Downloads/newRW612/components/els_pkc/src/comps/mcuxClEls/src/mcuxClEls_GlitchDetector.c.obj
LOAD CMakeFiles/temperature_measurement.elf.dir/home/ubuntu/Downloads/newRW612/components/uart/fsl_adapter_usart.c.obj
LOAD CMakeFiles/temperature_measurement.elf.dir/home/ubuntu/Downloads/newRW612/devices/RW612/gcc/startup_RW612.S.obj
LOAD CMakeFiles/temperature_measurement.elf.dir/home/ubuntu/Downloads/newRW612/devices/RW612/system_RW612.c.obj
LOAD CMakeFiles/temperature_measurement.elf.dir/home/ubuntu/Downloads/newRW612/devices/RW612/drivers/fsl_cache.c.obj
LOAD CMakeFiles/temperature_measurement.elf.dir/home/ubuntu/Downloads/newRW612/devices/RW612/drivers/fsl_clock.c.obj
LOAD CMakeFiles/temperature_measurement.elf.dir/home/ubuntu/Downloads/newRW612/devices/RW612/drivers/fsl_common.c.obj
LOAD CMakeFiles/temperature_measurement.elf.dir/home/ubuntu/Downloads/newRW612/devices/RW612/drivers/fsl_common_arm.c.obj
LOAD CMakeFiles/temperature_measurement.elf.dir/home/ubuntu/Downloads/newRW612/boards/frdmrw612/flash_config/flash_config.c.obj
LOAD CMakeFiles/temperature_measurement.elf.dir/home/ubuntu/Downloads/newRW612/devices/RW612/drivers/fsl_flexcomm.c.obj
LOAD CMakeFiles/temperature_measurement.elf.dir/home/ubuntu/Downloads/newRW612/devices/RW612/drivers/fsl_usart.c.obj
LOAD CMakeFiles/temperature_measurement.elf.dir/home/ubuntu/Downloads/newRW612/devices/RW612/drivers/fsl_flexspi.c.obj
LOAD CMakeFiles/temperature_measurement.elf.dir/home/ubuntu/Downloads/newRW612/devices/RW612/drivers/fsl_i2s_bridge.c.obj
LOAD CMakeFiles/temperature_measurement.elf.dir/home/ubuntu/Downloads/newRW612/devices/RW612/drivers/fsl_iped.c.obj
LOAD CMakeFiles/temperature_measurement.elf.dir/home/ubuntu/Downloads/newRW612/devices/RW612/drivers/fsl_gpio.c.obj
LOAD CMakeFiles/temperature_measurement.elf.dir/home/ubuntu/Downloads/newRW612/devices/RW612/drivers/fsl_ocotp.c.obj
LOAD CMakeFiles/temperature_measurement.elf.dir/home/ubuntu/Downloads/newRW612/devices/RW612/drivers/fsl_power.c.obj
LOAD CMakeFiles/temperature_measurement.elf.dir/home/ubuntu/Downloads/newRW612/devices/RW612/drivers/fsl_reset.c.obj
LOAD CMakeFiles/temperature_measurement.elf.dir/home/ubuntu/Downloads/newRW612/devices/RW612/utilities/fsl_syscall_stub.c.obj
LOAD CMakeFiles/temperature_measurement.elf.dir/home/ubuntu/Downloads/newRW612/devices/RW612/utilities/fsl_sbrk.c.obj
LOAD CMakeFiles/temperature_measurement.elf.dir/home/ubuntu/Downloads/newRW612/devices/RW612/utilities/fsl_memcpy.S.obj
LOAD CMakeFiles/temperature_measurement.elf.dir/home/ubuntu/Downloads/newRW612/devices/RW612/utilities/debug_console_lite/fsl_assert.c.obj
LOAD CMakeFiles/temperature_measurement.elf.dir/home/ubuntu/Downloads/newRW612/devices/RW612/utilities/debug_console_lite/fsl_debug_console.c.obj
LOAD CMakeFiles/temperature_measurement.elf.dir/home/ubuntu/Downloads/newRW612/devices/RW612/utilities/str/fsl_str.c.obj
START GROUP
LOAD /usr/lib/gcc/arm-none-eabi/10.3.1/../../../arm-none-eabi/lib/thumb/v8-m.main+fp/hard/libm.a
LOAD /usr/lib/gcc/arm-none-eabi/10.3.1/../../../arm-none-eabi/lib/thumb/v8-m.main+fp/hard/libc_nano.a
LOAD /usr/lib/gcc/arm-none-eabi/10.3.1/thumb/v8-m.main+fp/hard/libgcc.a
LOAD /usr/lib/gcc/arm-none-eabi/10.3.1/../../../arm-none-eabi/lib/thumb/v8-m.main+fp/hard/libnosys.a
END GROUP
START GROUP
LOAD /usr/lib/gcc/arm-none-eabi/10.3.1/thumb/v8-m.main+fp/hard/libgcc.a
LOAD /usr/lib/gcc/arm-none-eabi/10.3.1/../../../arm-none-eabi/lib/thumb/v8-m.main+fp/hard/libg_nano.a
LOAD /usr/lib/gcc/arm-none-eabi/10.3.1/../../../arm-none-eabi/lib/thumb/v8-m.main+fp/hard/libc_nano.a
END GROUP
START GROUP
LOAD /usr/lib/gcc/arm-none-eabi/10.3.1/thumb/v8-m.main+fp/hard/libgcc.a
LOAD /usr/lib/gcc/arm-none-eabi/10.3.1/../../../arm-none-eabi/lib/thumb/v8-m.main+fp/hard/libc_nano.a
LOAD /usr/lib/gcc/arm-none-eabi/10.3.1/../../../arm-none-eabi/lib/thumb/v8-m.main+fp/hard/libnosys.a
END GROUP
START GROUP
LOAD /usr/lib/gcc/arm-none-eabi/10.3.1/thumb/v8-m.main+fp/hard/libgcc.a
LOAD /usr/lib/gcc/arm-none-eabi/10.3.1/../../../arm-none-eabi/lib/thumb/v8-m.main+fp/hard/libc_nano.a
LOAD /usr/lib/gcc/arm-none-eabi/10.3.1/../../../arm-none-eabi/lib/thumb/v8-m.main+fp/hard/libnosys.a
END GROUP
LOAD /usr/lib/gcc/arm-none-eabi/10.3.1/thumb/v8-m.main+fp/hard/crtend.o
LOAD /usr/lib/gcc/arm-none-eabi/10.3.1/thumb/v8-m.main+fp/hard/crtn.o
                0x0000000000000400                HEAP_SIZE = DEFINED (__heap_size__)?__heap_size__:0x400
                0x0000000000000400                STACK_SIZE = DEFINED (__stack_size__)?__stack_size__:0x400
                0x0000000000000000                M_VECTOR_RAM_SIZE = DEFINED (__ram_vector_table__)?0x280:0x0

.flash_config   0x0000000008000000     0x1000
                0x0000000008000000                . = ALIGN (0x4)
 FILL mask 0xff
                0x0000000000000400                . = 0x400
 *fill*         0x0000000008000000      0x400 ff
                0x0000000008000400                __FLASH_BASE = .
 *(.flash_conf)
 .flash_conf    0x0000000008000400      0xc00 CMakeFiles/temperature_measurement.elf.dir/home/ubuntu/Downloads/newRW612/boards/frdmrw612/flash_config/flash_config.c.obj
                0x0000000008000400                flexspi_config
                0x0000000000001000                . = 0x1000

.interrupts     0x0000000008001000      0x280
                0x0000000008001000                . = ALIGN (0x4)
                0x0000000008001000                __VECTOR_TABLE = .
                0x0000000008001000                __Vectors = .
 *(.isr_vector)
 .isr_vector    0x0000000008001000      0x244 CMakeFiles/temperature_measurement.elf.dir/home/ubuntu/Downloads/newRW612/devices/RW612/gcc/startup_RW612.S.obj
                0x0000000008001000                __isr_vector
 FILL mask 0x00
                0x0000000000000280                . = 0x280
 *fill*         0x0000000008001244       0x3c 00

.text           0x0000000008001280     0x8c40
                0x0000000008001280                . = ALIGN (0x4)
 *(.text)
 .text          0x0000000008001280       0x8c /usr/lib/gcc/arm-none-eabi/10.3.1/thumb/v8-m.main+fp/hard/crtbegin.o
 .text          0x000000000800130c       0x70 /usr/lib/gcc/arm-none-eabi/10.3.1/../../../arm-none-eabi/lib/thumb/v8-m.main+fp/hard/crt0.o
                0x000000000800130c                _stack_init
                0x0000000008001314                _mainCRTStartup
                0x0000000008001314                _start
 .text          0x000000000800137c      0x4c8 CMakeFiles/temperature_measurement.elf.dir/home/ubuntu/Downloads/newRW612/devices/RW612/gcc/startup_RW612.S.obj
                0x000000000800137c                Reset_Handler
                0x0000000008001410                CDOG_INT_DriverIRQHandler
                0x0000000008001410                W2MWKUP_DONE1_DriverIRQHandler
                0x0000000008001410                PIN1_INT_DriverIRQHandler
                0x0000000008001410                DebugMon_Handler
                0x0000000008001410                WL_MCI_INT3_DriverIRQHandler
                0x0000000008001410                PKC_ERR_DriverIRQHandler
                0x0000000008001410                W2MWKUP_DONE4_DriverIRQHandler
                0x0000000008001410                Reserved75_DriverIRQHandler
                0x0000000008001410                B2MWKUP_DONE2_DriverIRQHandler
                0x0000000008001410                B2MWKUP0_DriverIRQHandler
                0x0000000008001410                DMA0_DriverIRQHandler
                0x0000000008001410                GAU_ACOMP_WKUP_DriverIRQHandler
                0x0000000008001410                SGPIO_INTA_DriverIRQHandler
                0x0000000008001410                BLE_MCI_INT7_DriverIRQHandler
                0x0000000008001410                BLE_MCI_INT3_DriverIRQHandler
                0x0000000008001410                BLE_MCI_INT5_DriverIRQHandler
                0x0000000008001410                B2MWKUP_DONE0_DriverIRQHandler
                0x0000000008001410                HWVAD_DriverIRQHandler
                0x0000000008001410                USIM_DriverIRQHandler
                0x0000000008001410                WKDEEPSLEEP_DriverIRQHandler
                0x0000000008001410                B2MWKUP_DONE3_DriverIRQHandler
                0x0000000008001410                Reserved73_DriverIRQHandler
                0x0000000008001410                WL_MCI_INT5_DriverIRQHandler
                0x0000000008001410                ENET_TIMER_DriverIRQHandler
                0x0000000008001410                PIN_INT3_DriverIRQHandler
                0x0000000008001410                PIN_INT2_DriverIRQHandler
                0x0000000008001410                ELS_DriverIRQHandler
                0x0000000008001410                OTP_DriverIRQHandler
                0x0000000008001410                GPIO_INTB_DriverIRQHandler
                0x0000000008001410                TRNG_DriverIRQHandler
                0x0000000008001410                ACC_C_INT_DriverIRQHandler
                0x0000000008001410                PIN_INT0_DriverIRQHandler
                0x0000000008001410                GFMRT_DriverIRQHandler
                0x0000000008001410                Reserved76_DriverIRQHandler
                0x0000000008001410                CTIMER2_DriverIRQHandler
                0x0000000008001410                Reserved69_DriverIRQHandler
                0x0000000008001410                UsageFault_Handler
                0x0000000008001410                SECUREVIOLATION_DriverIRQHandler
                0x0000000008001410                BACC_DriverIRQHandler
                0x0000000008001410                Reserved34_DriverIRQHandler
                0x0000000008001410                DefaultISR
                0x0000000008001410                Reserved138_DriverIRQHandler
                0x0000000008001410                Reserved136_DriverIRQHandler
                0x0000000008001410                Reserved67_DriverIRQHandler
                0x0000000008001410                W2MWKUP_DONE7_DriverIRQHandler
                0x0000000008001410                W2MWKUP1_DriverIRQHandler
                0x0000000008001410                PMIP_DriverIRQHandler
                0x0000000008001410                WL_MCI_INT1_DriverIRQHandler
                0x0000000008001410                B2MWKUP_DONE7_DriverIRQHandler
                0x0000000008001410                PIN_INT4_DriverIRQHandler
                0x0000000008001410                PIN_INT5_DriverIRQHandler
                0x0000000008001410                PIN0_INT_DriverIRQHandler
                0x0000000008001410                ENET_DriverIRQHandler
                0x0000000008001410                Reserved47_DriverIRQHandler
                0x0000000008001410                GAU_ADC0_DriverIRQHandler
                0x0000000008001410                CTIMER4_DriverIRQHandler
                0x0000000008001410                WL_MCI_INT0_DriverIRQHandler
                0x0000000008001410                PIN_INT7_DriverIRQHandler
                0x0000000008001410                GDMA_DriverIRQHandler
                0x0000000008001410                BLE_MCI_INT1_DriverIRQHandler
                0x0000000008001410                OS_EVENT_TIMER_DriverIRQHandler
                0x0000000008001410                Reserved38_DriverIRQHandler
                0x0000000008001410                POWERQUAD_DriverIRQHandler
                0x0000000008001410                ELS_GDET_DriverIRQHandler
                0x0000000008001410                Reserved35_DriverIRQHandler
                0x0000000008001410                CTIMER0_DriverIRQHandler
                0x0000000008001410                Reserved79_DriverIRQHandler
                0x0000000008001410                MRT_DriverIRQHandler
                0x0000000008001410                BLE_MCI_INT6_DriverIRQHandler
                0x0000000008001410                CTIMER1_DriverIRQHandler
                0x0000000008001410                SecureFault_Handler
                0x0000000008001410                PIN_INT6_DriverIRQHandler
                0x0000000008001410                W2MWKUP_DONE6_DriverIRQHandler
                0x0000000008001410                SGPIO_INTB_DriverIRQHandler
                0x0000000008001410                ACC_S_INT_DriverIRQHandler
                0x0000000008001410                PMIP_CHANGE_DriverIRQHandler
                0x0000000008001410                PIN_INT1_DriverIRQHandler
                0x0000000008001410                W2MWKUP0_DriverIRQHandler
                0x0000000008001410                CTIMER3_DriverIRQHandler
                0x0000000008001410                W2MWKUP_DONE0_DriverIRQHandler
                0x0000000008001410                Reserved74_DriverIRQHandler
                0x0000000008001410                PKC_INT_DriverIRQHandler
                0x0000000008001410                GPIO_INTA_DriverIRQHandler
                0x0000000008001410                Reserved61_DriverIRQHandler
                0x0000000008001410                WL_MCI_INT2_DriverIRQHandler
                0x0000000008001410                PUF_DriverIRQHandler
                0x0000000008001410                GAU_ACOMP_DriverIRQHandler
                0x0000000008001410                Reserved40_DriverIRQHandler
                0x0000000008001410                RTC_DriverIRQHandler
                0x0000000008001410                WACC_DriverIRQHandler
                0x0000000008001410                Reserved65_DriverIRQHandler
                0x0000000008001410                LCD_DriverIRQHandler
                0x0000000008001410                B2MWKUP1_DriverIRQHandler
                0x0000000008001410                MemManage_Handler
                0x0000000008001410                BLE_MCI_INT4_DriverIRQHandler
                0x0000000008001410                BLE_MCI_INT2_DriverIRQHandler
                0x0000000008001410                GAU_DAC_DriverIRQHandler
                0x0000000008001410                Reserved60_DriverIRQHandler
                0x0000000008001410                WL_MCI_INT4_DriverIRQHandler
                0x0000000008001410                Reserved49_DriverIRQHandler
                0x0000000008001410                DMA1_DriverIRQHandler
                0x0000000008001410                DMIC_DriverIRQHandler
                0x0000000008001410                Reserved137_DriverIRQHandler
                0x0000000008001410                B2MWKUP_DONE4_DriverIRQHandler
                0x0000000008001410                B2MWKUP_DONE1_DriverIRQHandler
                0x0000000008001410                GAU_ADC1_DriverIRQHandler
                0x0000000008001410                BLE_MCI_INT0_DriverIRQHandler
                0x0000000008001410                ELS_GDET_UM_DriverIRQHandler
                0x0000000008001410                WL_MCI_INT7_DriverIRQHandler
                0x0000000008001410                UTICK_DriverIRQHandler
                0x0000000008001410                W2MWKUP_DONE2_DriverIRQHandler
                0x0000000008001410                B2MWKUP_DONE6_DriverIRQHandler
                0x0000000008001410                WDT0_DriverIRQHandler
                0x0000000008001410                Reserved68_DriverIRQHandler
                0x0000000008001410                Reserved59_DriverIRQHandler
                0x0000000008001410                SDIO_DriverIRQHandler
                0x0000000008001410                WL_MCI_INT6_DriverIRQHandler
                0x0000000008001410                W2MWKUP_DONE3_DriverIRQHandler
                0x0000000008001410                B2MWKUP_DONE5_DriverIRQHandler
                0x0000000008001410                BusFault_Handler
                0x0000000008001410                Reserved46_DriverIRQHandler
                0x0000000008001410                Reserved37_DriverIRQHandler
                0x0000000008001410                SCT0_DriverIRQHandler
                0x0000000008001410                HYPERVISOR_DriverIRQHandler
                0x0000000008001410                ITRC_DriverIRQHandler
                0x0000000008001410                Reserved50_DriverIRQHandler
                0x0000000008001410                W2MWKUP_DONE5_DriverIRQHandler
                0x0000000008001410                USB_DriverIRQHandler
                0x0000000008001414                NMI_Handler
                0x0000000008001418                HardFault_Handler
                0x000000000800141c                SVC_Handler
                0x0000000008001420                PendSV_Handler
                0x0000000008001424                SysTick_Handler
                0x0000000008001428                WDT0_IRQHandler
                0x000000000800142c                DMA0_IRQHandler
                0x0000000008001430                GPIO_INTA_IRQHandler
                0x0000000008001434                GPIO_INTB_IRQHandler
                0x0000000008001438                PIN_INT0_IRQHandler
                0x000000000800143c                PIN_INT1_IRQHandler
                0x0000000008001440                PIN_INT2_IRQHandler
                0x0000000008001444                PIN_INT3_IRQHandler
                0x0000000008001448                UTICK_IRQHandler
                0x000000000800144c                MRT_IRQHandler
                0x0000000008001450                CTIMER0_IRQHandler
                0x0000000008001454                CTIMER1_IRQHandler
                0x0000000008001458                SCT0_IRQHandler
                0x000000000800145c                CTIMER3_IRQHandler
                0x0000000008001460                FLEXCOMM0_IRQHandler
                0x0000000008001464                FLEXCOMM1_IRQHandler
                0x0000000008001468                FLEXCOMM2_IRQHandler
                0x000000000800146c                FLEXCOMM3_IRQHandler
                0x0000000008001470                Reserved34_IRQHandler
                0x0000000008001474                Reserved35_IRQHandler
                0x0000000008001478                FLEXCOMM14_IRQHandler
                0x000000000800147c                Reserved37_IRQHandler
                0x0000000008001480                Reserved38_IRQHandler
                0x0000000008001484                GFMRT_IRQHandler
                0x0000000008001488                Reserved40_IRQHandler
                0x000000000800148c                DMIC_IRQHandler
                0x0000000008001490                WKDEEPSLEEP_IRQHandler
                0x0000000008001494                HYPERVISOR_IRQHandler
                0x0000000008001498                SECUREVIOLATION_IRQHandler
                0x000000000800149c                HWVAD_IRQHandler
                0x00000000080014a0                Reserved46_IRQHandler
                0x00000000080014a4                Reserved47_IRQHandler
                0x00000000080014a8                RTC_IRQHandler
                0x00000000080014ac                Reserved49_IRQHandler
                0x00000000080014b0                Reserved50_IRQHandler
                0x00000000080014b4                PIN_INT4_IRQHandler
                0x00000000080014b8                PIN_INT5_IRQHandler
                0x00000000080014bc                PIN_INT6_IRQHandler
                0x00000000080014c0                PIN_INT7_IRQHandler
                0x00000000080014c4                CTIMER2_IRQHandler
                0x00000000080014c8                CTIMER4_IRQHandler
                0x00000000080014cc                OS_EVENT_TIMER_IRQHandler
                0x00000000080014d0                FLEXSPI_IRQHandler
                0x00000000080014d4                Reserved59_IRQHandler
                0x00000000080014d8                Reserved60_IRQHandler
                0x00000000080014dc                Reserved61_IRQHandler
                0x00000000080014e0                SDIO_IRQHandler
                0x00000000080014e4                SGPIO_INTA_IRQHandler
                0x00000000080014e8                SGPIO_INTB_IRQHandler
                0x00000000080014ec                Reserved65_IRQHandler
                0x00000000080014f0                USB_IRQHandler
                0x00000000080014f4                Reserved67_IRQHandler
                0x00000000080014f8                Reserved68_IRQHandler
                0x00000000080014fc                Reserved69_IRQHandler
                0x0000000008001500                DMA1_IRQHandler
                0x0000000008001504                PUF_IRQHandler
                0x0000000008001508                POWERQUAD_IRQHandler
                0x000000000800150c                Reserved73_IRQHandler
                0x0000000008001510                Reserved74_IRQHandler
                0x0000000008001514                Reserved75_IRQHandler
                0x0000000008001518                Reserved76_IRQHandler
                0x000000000800151c                LCD_IRQHandler
                0x0000000008001520                CAPTIMER_IRQHandler
                0x0000000008001524                Reserved79_IRQHandler
                0x0000000008001528                W2MWKUP_DONE0_IRQHandler
                0x000000000800152c                W2MWKUP_DONE1_IRQHandler
                0x0000000008001530                W2MWKUP_DONE2_IRQHandler
                0x0000000008001534                W2MWKUP_DONE3_IRQHandler
                0x0000000008001538                W2MWKUP_DONE4_IRQHandler
                0x000000000800153c                W2MWKUP_DONE5_IRQHandler
                0x0000000008001540                W2MWKUP_DONE6_IRQHandler
                0x0000000008001544                W2MWKUP_DONE7_IRQHandler
                0x0000000008001548                W2MWKUP0_IRQHandler
                0x000000000800154c                W2MWKUP1_IRQHandler
                0x0000000008001550                WL_MCI_INT0_IRQHandler
                0x0000000008001554                WL_MCI_INT1_IRQHandler
                0x0000000008001558                WL_MCI_INT2_IRQHandler
                0x000000000800155c                WL_MCI_INT3_IRQHandler
                0x0000000008001560                WL_MCI_INT4_IRQHandler
                0x0000000008001564                WL_MCI_INT5_IRQHandler
                0x0000000008001568                WL_MCI_INT6_IRQHandler
                0x000000000800156c                WL_MCI_INT7_IRQHandler
                0x0000000008001570                B2MWKUP_DONE0_IRQHandler
                0x0000000008001574                B2MWKUP_DONE1_IRQHandler
                0x0000000008001578                B2MWKUP_DONE2_IRQHandler
                0x000000000800157c                B2MWKUP_DONE3_IRQHandler
                0x0000000008001580                B2MWKUP_DONE4_IRQHandler
                0x0000000008001584                B2MWKUP_DONE5_IRQHandler
                0x0000000008001588                B2MWKUP_DONE6_IRQHandler
                0x000000000800158c                B2MWKUP_DONE7_IRQHandler
                0x0000000008001590                B2MWKUP0_IRQHandler
                0x0000000008001594                B2MWKUP1_IRQHandler
                0x0000000008001598                BLE_MCI_INT0_IRQHandler
                0x000000000800159c                BLE_MCI_INT1_IRQHandler
                0x00000000080015a0                BLE_MCI_INT2_IRQHandler
                0x00000000080015a4                BLE_MCI_INT3_IRQHandler
                0x00000000080015a8                BLE_MCI_INT4_IRQHandler
                0x00000000080015ac                BLE_MCI_INT5_IRQHandler
                0x00000000080015b0                BLE_MCI_INT6_IRQHandler
                0x00000000080015b4                BLE_MCI_INT7_IRQHandler
                0x00000000080015b8                PIN0_INT_IRQHandler
                0x00000000080015bc                PIN1_INT_IRQHandler
                0x00000000080015c0                ELS_IRQHandler
                0x00000000080015c4                ELS_GDET_IRQHandler
                0x00000000080015c8                ELS_GDET_UM_IRQHandler
                0x00000000080015cc                PKC_INT_IRQHandler
                0x00000000080015d0                PKC_ERR_IRQHandler
                0x00000000080015d4                CDOG_INT_IRQHandler
                0x00000000080015d8                GAU_DAC_IRQHandler
                0x00000000080015dc                GAU_ACOMP_WKUP_IRQHandler
                0x00000000080015e0                GAU_ACOMP_IRQHandler
                0x00000000080015e4                GAU_ADC1_IRQHandler
                0x00000000080015e8                GAU_ADC0_IRQHandler
                0x00000000080015ec                USIM_IRQHandler
                0x00000000080015f0                OTP_IRQHandler
                0x00000000080015f4                ENET_IRQHandler
                0x00000000080015f8                ENET_TIMER_IRQHandler
                0x00000000080015fc                PMIP_IRQHandler
                0x0000000008001600                PMIP_CHANGE_IRQHandler
                0x0000000008001604                ITRC_IRQHandler
                0x0000000008001608                Reserved136_IRQHandler
                0x000000000800160c                Reserved137_IRQHandler
                0x0000000008001610                Reserved138_IRQHandler
                0x0000000008001614                TRNG_IRQHandler
                0x0000000008001618                ACC_C_INT_IRQHandler
                0x000000000800161c                ACC_S_INT_IRQHandler
                0x0000000008001620                WACC_IRQHandler
                0x0000000008001624                BACC_IRQHandler
                0x0000000008001628                GDMA_IRQHandler
 .text          0x0000000008001844       0xa0 CMakeFiles/temperature_measurement.elf.dir/home/ubuntu/Downloads/newRW612/devices/RW612/utilities/fsl_memcpy.S.obj
                0x0000000008001844                memcpy
 .text          0x00000000080018e4       0xa0 /usr/lib/gcc/arm-none-eabi/10.3.1/../../../arm-none-eabi/lib/thumb/v8-m.main+fp/hard/libm.a(lib_a-s_modf.o)
                0x00000000080018e4                modf
 *fill*         0x0000000008001984        0x4 
 .text          0x0000000008001988      0x1a4 /usr/lib/gcc/arm-none-eabi/10.3.1/../../../arm-none-eabi/lib/thumb/v8-m.main+fp/hard/libm.a(lib_a-w_pow.o)
                0x0000000008001988                pow
 *fill*         0x0000000008001b2c        0x4 
 .text          0x0000000008001b30      0xb24 /usr/lib/gcc/arm-none-eabi/10.3.1/../../../arm-none-eabi/lib/thumb/v8-m.main+fp/hard/libm.a(lib_a-e_pow.o)
                0x0000000008001b30                __ieee754_pow
 .text          0x0000000008002654      0x184 /usr/lib/gcc/arm-none-eabi/10.3.1/../../../arm-none-eabi/lib/thumb/v8-m.main+fp/hard/libm.a(lib_a-e_sqrt.o)
                0x0000000008002654                __ieee754_sqrt
 .text          0x00000000080027d8       0x14 /usr/lib/gcc/arm-none-eabi/10.3.1/../../../arm-none-eabi/lib/thumb/v8-m.main+fp/hard/libm.a(lib_a-s_fabs.o)
                0x00000000080027d8                fabs
 .text          0x00000000080027ec       0x1c /usr/lib/gcc/arm-none-eabi/10.3.1/../../../arm-none-eabi/lib/thumb/v8-m.main+fp/hard/libm.a(lib_a-s_finite.o)
                0x00000000080027ec                finite
 .text          0x0000000008002808       0x10 /usr/lib/gcc/arm-none-eabi/10.3.1/../../../arm-none-eabi/lib/thumb/v8-m.main+fp/hard/libm.a(lib_a-s_nan.o)
                0x0000000008002808                nan
 .text          0x0000000008002818      0x138 /usr/lib/gcc/arm-none-eabi/10.3.1/../../../arm-none-eabi/lib/thumb/v8-m.main+fp/hard/libm.a(lib_a-s_rint.o)
                0x0000000008002818                rint
 .text          0x0000000008002950      0x128 /usr/lib/gcc/arm-none-eabi/10.3.1/../../../arm-none-eabi/lib/thumb/v8-m.main+fp/hard/libm.a(lib_a-s_scalbn.o)
                0x0000000008002950                scalbn
 .text          0x0000000008002a78        0xc /usr/lib/gcc/arm-none-eabi/10.3.1/../../../arm-none-eabi/lib/thumb/v8-m.main+fp/hard/libc_nano.a(lib_a-atexit.o)
                0x0000000008002a78                atexit
 .text          0x0000000008002a84        0xc /usr/lib/gcc/arm-none-eabi/10.3.1/../../../arm-none-eabi/lib/thumb/v8-m.main+fp/hard/libc_nano.a(lib_a-errno.o)
                0x0000000008002a84                __errno
 .text          0x0000000008002a90       0x28 /usr/lib/gcc/arm-none-eabi/10.3.1/../../../arm-none-eabi/lib/thumb/v8-m.main+fp/hard/libc_nano.a(lib_a-exit.o)
                0x0000000008002a90                exit
 .text          0x0000000008002ab8       0x2c /usr/lib/gcc/arm-none-eabi/10.3.1/../../../arm-none-eabi/lib/thumb/v8-m.main+fp/hard/libc_nano.a(lib_a-fini.o)
                0x0000000008002ab8                __libc_fini_array
 .text          0x0000000008002ae4       0x48 /usr/lib/gcc/arm-none-eabi/10.3.1/../../../arm-none-eabi/lib/thumb/v8-m.main+fp/hard/libc_nano.a(lib_a-init.o)
                0x0000000008002ae4                __libc_init_array
 .text          0x0000000008002b2c       0x20 /usr/lib/gcc/arm-none-eabi/10.3.1/../../../arm-none-eabi/lib/thumb/v8-m.main+fp/hard/libc_nano.a(lib_a-malloc.o)
                0x0000000008002b2c                malloc
                0x0000000008002b3c                free
 .text          0x0000000008002b4c       0xa4 /usr/lib/gcc/arm-none-eabi/10.3.1/../../../arm-none-eabi/lib/thumb/v8-m.main+fp/hard/libc_nano.a(lib_a-memset.o)
                0x0000000008002b4c                memset
 .text          0x0000000008002bf0       0xac /usr/lib/gcc/arm-none-eabi/10.3.1/../../../arm-none-eabi/lib/thumb/v8-m.main+fp/hard/libc_nano.a(lib_a-nano-freer.o)
                0x0000000008002bf0                _free_r
 .text          0x0000000008002c9c       0xb4 /usr/lib/gcc/arm-none-eabi/10.3.1/../../../arm-none-eabi/lib/thumb/v8-m.main+fp/hard/libc_nano.a(lib_a-nano-mallocr.o)
                0x0000000008002c9c                _malloc_r
 .text          0x0000000008002d50       0x24 /usr/lib/gcc/arm-none-eabi/10.3.1/../../../arm-none-eabi/lib/thumb/v8-m.main+fp/hard/libc_nano.a(lib_a-sbrkr.o)
                0x0000000008002d50                _sbrk_r
 .text          0x0000000008002d74       0x5c /usr/lib/gcc/arm-none-eabi/10.3.1/../../../arm-none-eabi/lib/thumb/v8-m.main+fp/hard/libc_nano.a(lib_a-strlen-stub.o)
                0x0000000008002d74                strlen
 .text          0x0000000008002dd0       0xac /usr/lib/gcc/arm-none-eabi/10.3.1/../../../arm-none-eabi/lib/thumb/v8-m.main+fp/hard/libc_nano.a(lib_a-__atexit.o)
                0x0000000008002dd0                __register_exitproc
 .text          0x0000000008002e7c       0xc4 /usr/lib/gcc/arm-none-eabi/10.3.1/../../../arm-none-eabi/lib/thumb/v8-m.main+fp/hard/libc_nano.a(lib_a-__call_atexit.o)
                0x0000000008002e7c                __call_exitprocs
 .text          0x0000000008002f40        0x8 /usr/lib/gcc/arm-none-eabi/10.3.1/../../../arm-none-eabi/lib/thumb/v8-m.main+fp/hard/libc_nano.a(lib_a-mlock.o)
                0x0000000008002f40                __malloc_lock
                0x0000000008002f44                __malloc_unlock
 .text          0x0000000008002f48      0x378 /usr/lib/gcc/arm-none-eabi/10.3.1/thumb/v8-m.main+fp/hard/libgcc.a(_arm_addsubdf3.o)
                0x0000000008002f48                __aeabi_drsub
                0x0000000008002f50                __aeabi_dsub
                0x0000000008002f50                __subdf3
                0x0000000008002f54                __adddf3
                0x0000000008002f54                __aeabi_dadd
                0x00000000080031cc                __aeabi_ui2d
                0x00000000080031cc                __floatunsidf
                0x00000000080031ec                __floatsidf
                0x00000000080031ec                __aeabi_i2d
                0x0000000008003210                __extendsfdf2
                0x0000000008003210                __aeabi_f2d
                0x0000000008003254                __aeabi_ul2d
                0x0000000008003254                __floatundidf
                0x0000000008003264                __floatdidf
                0x0000000008003264                __aeabi_l2d
 .text          0x00000000080032c0      0x424 /usr/lib/gcc/arm-none-eabi/10.3.1/thumb/v8-m.main+fp/hard/libgcc.a(_arm_muldivdf3.o)
                0x00000000080032c0                __aeabi_dmul
                0x00000000080032c0                __muldf3
                0x0000000008003514                __aeabi_ddiv
                0x0000000008003514                __divdf3
 .text          0x00000000080036e4      0x110 /usr/lib/gcc/arm-none-eabi/10.3.1/thumb/v8-m.main+fp/hard/libgcc.a(_arm_cmpdf2.o)
                0x00000000080036e4                __gtdf2
                0x00000000080036e4                __gedf2
                0x00000000080036ec                __ltdf2
                0x00000000080036ec                __ledf2
                0x00000000080036f4                __cmpdf2
                0x00000000080036f4                __eqdf2
                0x00000000080036f4                __nedf2
                0x0000000008003770                __aeabi_cdrcmple
                0x0000000008003780                __aeabi_cdcmple
                0x0000000008003780                __aeabi_cdcmpeq
                0x0000000008003790                __aeabi_dcmpeq
                0x00000000080037a4                __aeabi_dcmplt
                0x00000000080037b8                __aeabi_dcmple
                0x00000000080037cc                __aeabi_dcmpge
                0x00000000080037e0                __aeabi_dcmpgt
 .text          0x00000000080037f4       0x2c /usr/lib/gcc/arm-none-eabi/10.3.1/thumb/v8-m.main+fp/hard/libgcc.a(_arm_unorddf2.o)
                0x00000000080037f4                __aeabi_dcmpun
                0x00000000080037f4                __unorddf2
 .text          0x0000000008003820       0x50 /usr/lib/gcc/arm-none-eabi/10.3.1/thumb/v8-m.main+fp/hard/libgcc.a(_arm_fixdfsi.o)
                0x0000000008003820                __fixdfsi
                0x0000000008003820                __aeabi_d2iz
 .text          0x0000000008003870       0xa0 /usr/lib/gcc/arm-none-eabi/10.3.1/thumb/v8-m.main+fp/hard/libgcc.a(_aeabi_ldivmod.o)
                0x0000000008003870                __aeabi_ldivmod
 .text          0x0000000008003910       0x30 /usr/lib/gcc/arm-none-eabi/10.3.1/thumb/v8-m.main+fp/hard/libgcc.a(_aeabi_uldivmod.o)
                0x0000000008003910                __aeabi_uldivmod
 .text          0x0000000008003940       0x30 /usr/lib/gcc/arm-none-eabi/10.3.1/thumb/v8-m.main+fp/hard/libgcc.a(_fixdfdi.o)
                0x0000000008003940                __aeabi_d2lz
                0x0000000008003940                __fixdfdi
 .text          0x0000000008003970       0x3c /usr/lib/gcc/arm-none-eabi/10.3.1/thumb/v8-m.main+fp/hard/libgcc.a(_fixunsdfdi.o)
                0x0000000008003970                __aeabi_d2ulz
                0x0000000008003970                __fixunsdfdi
 .text          0x00000000080039ac      0x2ec /usr/lib/gcc/arm-none-eabi/10.3.1/thumb/v8-m.main+fp/hard/libgcc.a(_udivmoddi4.o)
                0x00000000080039ac                __udivmoddi4
 .text          0x0000000008003c98        0x4 /usr/lib/gcc/arm-none-eabi/10.3.1/thumb/v8-m.main+fp/hard/libgcc.a(_dvmd_tls.o)
                0x0000000008003c98                __aeabi_ldiv0
                0x0000000008003c98                __aeabi_idiv0
 .text          0x0000000008003c9c       0x40 /usr/lib/gcc/arm-none-eabi/10.3.1/thumb/v8-m.main+fp/hard/libgcc.a(_arm_fixunsdfsi.o)
                0x0000000008003c9c                __fixunsdfsi
                0x0000000008003c9c                __aeabi_d2uiz
 .text          0x0000000008003cdc        0x4 /usr/lib/gcc/arm-none-eabi/10.3.1/../../../arm-none-eabi/lib/thumb/v8-m.main+fp/hard/libnosys.a(_exit.o)
                0x0000000008003cdc                _exit
 *(.text*)
 .text.main     0x0000000008003ce0       0x40 CMakeFiles/temperature_measurement.elf.dir/home/ubuntu/Downloads/newRW612/boards/frdmrw612/demo_apps/temperature_measurement/temperature_measurement.c.obj
                0x0000000008003ce0                main
 .text.BOARD_InitDebugConsole
                0x0000000008003d20       0x44 CMakeFiles/temperature_measurement.elf.dir/home/ubuntu/Downloads/newRW612/boards/frdmrw612/demo_apps/temperature_measurement/board.c.obj
                0x0000000008003d20                BOARD_InitDebugConsole
 .text.LoadGdetCfg
                0x0000000008003d64       0xcc CMakeFiles/temperature_measurement.elf.dir/home/ubuntu/Downloads/newRW612/boards/frdmrw612/demo_apps/temperature_measurement/board.c.obj
 .text.ConfigSvcSensor
                0x0000000008003e30      0x178 CMakeFiles/temperature_measurement.elf.dir/home/ubuntu/Downloads/newRW612/boards/frdmrw612/demo_apps/temperature_measurement/board.c.obj
 .text.BOARD_ClockPreConfig
                0x0000000008003fa8       0x6c CMakeFiles/temperature_measurement.elf.dir/home/ubuntu/Downloads/newRW612/boards/frdmrw612/demo_apps/temperature_measurement/board.c.obj
                0x0000000008003fa8                BOARD_ClockPreConfig
 .text.BOARD_ClockPostConfig
                0x0000000008004014       0x3c CMakeFiles/temperature_measurement.elf.dir/home/ubuntu/Downloads/newRW612/boards/frdmrw612/demo_apps/temperature_measurement/board.c.obj
                0x0000000008004014                BOARD_ClockPostConfig
 .text.BOARD_InitBootClocks
                0x0000000008004050        0xc CMakeFiles/temperature_measurement.elf.dir/home/ubuntu/Downloads/newRW612/boards/frdmrw612/demo_apps/temperature_measurement/clock_config.c.obj
                0x0000000008004050                BOARD_InitBootClocks
 .text.BOARD_BootClockRUN
                0x000000000800405c      0x108 CMakeFiles/temperature_measurement.elf.dir/home/ubuntu/Downloads/newRW612/boards/frdmrw612/demo_apps/temperature_measurement/clock_config.c.obj
                0x000000000800405c                BOARD_BootClockRUN
 .text.IO_MUX_SetPinMux
                0x0000000008004164      0x29c CMakeFiles/temperature_measurement.elf.dir/home/ubuntu/Downloads/newRW612/boards/frdmrw612/demo_apps/temperature_measurement/pin_mux.c.obj
 .text.BOARD_InitBootPins
                0x0000000008004400        0xc CMakeFiles/temperature_measurement.elf.dir/home/ubuntu/Downloads/newRW612/boards/frdmrw612/demo_apps/temperature_measurement/pin_mux.c.obj
                0x0000000008004400                BOARD_InitBootPins
 .text.BOARD_InitPins
                0x000000000800440c       0x40 CMakeFiles/temperature_measurement.elf.dir/home/ubuntu/Downloads/newRW612/boards/frdmrw612/demo_apps/temperature_measurement/pin_mux.c.obj
                0x000000000800440c                BOARD_InitPins
 .text.DEMO_MeasureTemperature
                0x000000000800444c       0x64 CMakeFiles/temperature_measurement.elf.dir/home/ubuntu/Downloads/newRW612/boards/frdmrw612/demo_apps/temperature_measurement/hardware_init.c.obj
                0x000000000800444c                DEMO_MeasureTemperature
 .text.BOARD_InitHardware
                0x00000000080044b0       0x14 CMakeFiles/temperature_measurement.elf.dir/home/ubuntu/Downloads/newRW612/boards/frdmrw612/demo_apps/temperature_measurement/hardware_init.c.obj
                0x00000000080044b0                BOARD_InitHardware
 .text.mcuxClEls_getSfrField
                0x00000000080044c4       0x24 CMakeFiles/temperature_measurement.elf.dir/home/ubuntu/Downloads/newRW612/components/els_pkc/src/comps/mcuxClEls/src/mcuxClEls_Common.c.obj
 .text.mcuxClEls_isBusy
                0x00000000080044e8       0x24 CMakeFiles/temperature_measurement.elf.dir/home/ubuntu/Downloads/newRW612/components/els_pkc/src/comps/mcuxClEls/src/mcuxClEls_Common.c.obj
 .text.mcuxClEls_GetErrorCode
                0x000000000800450c      0x1c0 CMakeFiles/temperature_measurement.elf.dir/home/ubuntu/Downloads/newRW612/components/els_pkc/src/comps/mcuxClEls/src/mcuxClEls_Common.c.obj
                0x000000000800450c                mcuxClEls_GetErrorCode
 .text.mcuxClEls_WaitForOperation
                0x00000000080046cc       0x9c CMakeFiles/temperature_measurement.elf.dir/home/ubuntu/Downloads/newRW612/components/els_pkc/src/comps/mcuxClEls/src/mcuxClEls_Common.c.obj
                0x00000000080046cc                mcuxClEls_WaitForOperation
 .text.mcuxClEls_ResetErrorFlags
                0x0000000008004768       0x74 CMakeFiles/temperature_measurement.elf.dir/home/ubuntu/Downloads/newRW612/components/els_pkc/src/comps/mcuxClEls/src/mcuxClEls_Common.c.obj
                0x0000000008004768                mcuxClEls_ResetErrorFlags
 .text.mcuxClEls_setInput0_fixedSize
                0x00000000080047dc       0x20 CMakeFiles/temperature_measurement.elf.dir/home/ubuntu/Downloads/newRW612/components/els_pkc/src/comps/mcuxClEls/src/mcuxClEls_GlitchDetector.c.obj
 .text.mcuxClEls_startCommand
                0x00000000080047fc       0x40 CMakeFiles/temperature_measurement.elf.dir/home/ubuntu/Downloads/newRW612/components/els_pkc/src/comps/mcuxClEls/src/mcuxClEls_GlitchDetector.c.obj
 .text.mcuxClEls_isBusy
                0x000000000800483c       0x24 CMakeFiles/temperature_measurement.elf.dir/home/ubuntu/Downloads/newRW612/components/els_pkc/src/comps/mcuxClEls/src/mcuxClEls_GlitchDetector.c.obj
 .text.mcuxClEls_GlitchDetector_LoadConfig_Async
                0x0000000008004860       0x98 CMakeFiles/temperature_measurement.elf.dir/home/ubuntu/Downloads/newRW612/components/els_pkc/src/comps/mcuxClEls/src/mcuxClEls_GlitchDetector.c.obj
                0x0000000008004860                mcuxClEls_GlitchDetector_LoadConfig_Async
 .text.HAL_UartGetStatus
                0x00000000080048f8       0x22 CMakeFiles/temperature_measurement.elf.dir/home/ubuntu/Downloads/newRW612/components/uart/fsl_adapter_usart.c.obj
 *fill*         0x000000000800491a        0x2 
 .text.HAL_UartInitCommon
                0x000000000800491c      0x138 CMakeFiles/temperature_measurement.elf.dir/home/ubuntu/Downloads/newRW612/components/uart/fsl_adapter_usart.c.obj
 .text.HAL_UartInit
                0x0000000008004a54       0x36 CMakeFiles/temperature_measurement.elf.dir/home/ubuntu/Downloads/newRW612/components/uart/fsl_adapter_usart.c.obj
                0x0000000008004a54                HAL_UartInit
 *fill*         0x0000000008004a8a        0x2 
 .text.HAL_UartReceiveBlocking
                0x0000000008004a8c       0x8c CMakeFiles/temperature_measurement.elf.dir/home/ubuntu/Downloads/newRW612/components/uart/fsl_adapter_usart.c.obj
                0x0000000008004a8c                HAL_UartReceiveBlocking
 .text.HAL_UartSendBlocking
                0x0000000008004b18       0x84 CMakeFiles/temperature_measurement.elf.dir/home/ubuntu/Downloads/newRW612/components/uart/fsl_adapter_usart.c.obj
                0x0000000008004b18                HAL_UartSendBlocking
 .text.SystemInit
                0x0000000008004b9c       0xc4 CMakeFiles/temperature_measurement.elf.dir/home/ubuntu/Downloads/newRW612/devices/RW612/system_RW612.c.obj
                0x0000000008004b9c                SystemInit
 .text.getT3PllMciIrcClkFreq
                0x0000000008004c60       0x50 CMakeFiles/temperature_measurement.elf.dir/home/ubuntu/Downloads/newRW612/devices/RW612/system_RW612.c.obj
 .text.getTcpuFvcoFreq
                0x0000000008004cb0       0x9c CMakeFiles/temperature_measurement.elf.dir/home/ubuntu/Downloads/newRW612/devices/RW612/system_RW612.c.obj
 .text.getT3PllMci256mClkFreq
                0x0000000008004d4c       0x1c CMakeFiles/temperature_measurement.elf.dir/home/ubuntu/Downloads/newRW612/devices/RW612/system_RW612.c.obj
 .text.getTcpuMciClkFreq
                0x0000000008004d68       0x24 CMakeFiles/temperature_measurement.elf.dir/home/ubuntu/Downloads/newRW612/devices/RW612/system_RW612.c.obj
 .text.getSysOscFreq
                0x0000000008004d8c       0x48 CMakeFiles/temperature_measurement.elf.dir/home/ubuntu/Downloads/newRW612/devices/RW612/system_RW612.c.obj
 .text.getFFroFreq
                0x0000000008004dd4        0xe CMakeFiles/temperature_measurement.elf.dir/home/ubuntu/Downloads/newRW612/devices/RW612/system_RW612.c.obj
 *fill*         0x0000000008004de2        0x2 
 .text.getLpOscFreq
                0x0000000008004de4       0x30 CMakeFiles/temperature_measurement.elf.dir/home/ubuntu/Downloads/newRW612/devices/RW612/system_RW612.c.obj
 .text.getSFroFreq
                0x0000000008004e14       0x10 CMakeFiles/temperature_measurement.elf.dir/home/ubuntu/Downloads/newRW612/devices/RW612/system_RW612.c.obj
 .text.getMainPllClkFreq
                0x0000000008004e24       0x20 CMakeFiles/temperature_measurement.elf.dir/home/ubuntu/Downloads/newRW612/devices/RW612/system_RW612.c.obj
 .text.SystemCoreClockUpdate
                0x0000000008004e44       0xc4 CMakeFiles/temperature_measurement.elf.dir/home/ubuntu/Downloads/newRW612/devices/RW612/system_RW612.c.obj
                0x0000000008004e44                SystemCoreClockUpdate
 .text.SystemInitHook
                0x0000000008004f08        0xe CMakeFiles/temperature_measurement.elf.dir/home/ubuntu/Downloads/newRW612/devices/RW612/system_RW612.c.obj
                0x0000000008004f08                SystemInitHook
 *fill*         0x0000000008004f16        0x2 
 .text.CLOCK_GetSysOscFreq
                0x0000000008004f18       0x54 CMakeFiles/temperature_measurement.elf.dir/home/ubuntu/Downloads/newRW612/devices/RW612/drivers/fsl_clock.c.obj
 .text.CLOCK_GetMclkInClkFreq
                0x0000000008004f6c       0x18 CMakeFiles/temperature_measurement.elf.dir/home/ubuntu/Downloads/newRW612/devices/RW612/drivers/fsl_clock.c.obj
 .text.CLOCK_GetLpOscFreq
                0x0000000008004f84       0x30 CMakeFiles/temperature_measurement.elf.dir/home/ubuntu/Downloads/newRW612/devices/RW612/drivers/fsl_clock.c.obj
 .text.CLOCK_GetClk32KFreq
                0x0000000008004fb4       0x12 CMakeFiles/temperature_measurement.elf.dir/home/ubuntu/Downloads/newRW612/devices/RW612/drivers/fsl_clock.c.obj
 .text.CLOCK_Delay
                0x0000000008004fc6       0x22 CMakeFiles/temperature_measurement.elf.dir/home/ubuntu/Downloads/newRW612/devices/RW612/drivers/fsl_clock.c.obj
 .text.CLOCK_DelayUs
                0x0000000008004fe8       0x4c CMakeFiles/temperature_measurement.elf.dir/home/ubuntu/Downloads/newRW612/devices/RW612/drivers/fsl_clock.c.obj
 .text.CLOCK_GetT3PllMciIrcClkFreq
                0x0000000008005034       0x64 CMakeFiles/temperature_measurement.elf.dir/home/ubuntu/Downloads/newRW612/devices/RW612/drivers/fsl_clock.c.obj
                0x0000000008005034                CLOCK_GetT3PllMciIrcClkFreq
 .text.CLOCK_GetT3PllMci256mClkFreq
                0x0000000008005098       0x1c CMakeFiles/temperature_measurement.elf.dir/home/ubuntu/Downloads/newRW612/devices/RW612/drivers/fsl_clock.c.obj
                0x0000000008005098                CLOCK_GetT3PllMci256mClkFreq
 .text.CLOCK_GetTcpuFvcoFreq
                0x00000000080050b4       0xb0 CMakeFiles/temperature_measurement.elf.dir/home/ubuntu/Downloads/newRW612/devices/RW612/drivers/fsl_clock.c.obj
 .text.CLOCK_GetTcpuMciClkFreq
                0x0000000008005164       0x24 CMakeFiles/temperature_measurement.elf.dir/home/ubuntu/Downloads/newRW612/devices/RW612/drivers/fsl_clock.c.obj
                0x0000000008005164                CLOCK_GetTcpuMciClkFreq
 .text.CLOCK_EnableClock
                0x0000000008005188      0x128 CMakeFiles/temperature_measurement.elf.dir/home/ubuntu/Downloads/newRW612/devices/RW612/drivers/fsl_clock.c.obj
                0x0000000008005188                CLOCK_EnableClock
 .text.CLOCK_DisableClock
                0x00000000080052b0      0x114 CMakeFiles/temperature_measurement.elf.dir/home/ubuntu/Downloads/newRW612/devices/RW612/drivers/fsl_clock.c.obj
                0x00000000080052b0                CLOCK_DisableClock
 .text.CLOCK_AttachClk
                0x00000000080053c4       0xf4 CMakeFiles/temperature_measurement.elf.dir/home/ubuntu/Downloads/newRW612/devices/RW612/drivers/fsl_clock.c.obj
                0x00000000080053c4                CLOCK_AttachClk
 .text.CLOCK_SetClkDiv
                0x00000000080054b8       0x78 CMakeFiles/temperature_measurement.elf.dir/home/ubuntu/Downloads/newRW612/devices/RW612/drivers/fsl_clock.c.obj
                0x00000000080054b8                CLOCK_SetClkDiv
 .text.CLOCK_GetFFroFreq
                0x0000000008005530        0xe CMakeFiles/temperature_measurement.elf.dir/home/ubuntu/Downloads/newRW612/devices/RW612/drivers/fsl_clock.c.obj
                0x0000000008005530                CLOCK_GetFFroFreq
 .text.CLOCK_GetSFroFreq
                0x000000000800553e       0x10 CMakeFiles/temperature_measurement.elf.dir/home/ubuntu/Downloads/newRW612/devices/RW612/drivers/fsl_clock.c.obj
                0x000000000800553e                CLOCK_GetSFroFreq
 *fill*         0x000000000800554e        0x2 
 .text.CLOCK_GetAvPllCh1Freq
                0x0000000008005550       0x5c CMakeFiles/temperature_measurement.elf.dir/home/ubuntu/Downloads/newRW612/devices/RW612/drivers/fsl_clock.c.obj
                0x0000000008005550                CLOCK_GetAvPllCh1Freq
 .text.CLOCK_GetMainPllClkFreq
                0x00000000080055ac       0x20 CMakeFiles/temperature_measurement.elf.dir/home/ubuntu/Downloads/newRW612/devices/RW612/drivers/fsl_clock.c.obj
 .text.CLOCK_GetAudioPllClkFreq
                0x00000000080055cc       0x20 CMakeFiles/temperature_measurement.elf.dir/home/ubuntu/Downloads/newRW612/devices/RW612/drivers/fsl_clock.c.obj
 .text.CLOCK_GetMainClkFreq
                0x00000000080055ec       0xac CMakeFiles/temperature_measurement.elf.dir/home/ubuntu/Downloads/newRW612/devices/RW612/drivers/fsl_clock.c.obj
                0x00000000080055ec                CLOCK_GetMainClkFreq
 .text.CLOCK_GetFRGClock
                0x0000000008005698      0x158 CMakeFiles/temperature_measurement.elf.dir/home/ubuntu/Downloads/newRW612/devices/RW612/drivers/fsl_clock.c.obj
                0x0000000008005698                CLOCK_GetFRGClock
 .text.CLOCK_SetFRGClock
                0x00000000080057f0       0xc4 CMakeFiles/temperature_measurement.elf.dir/home/ubuntu/Downloads/newRW612/devices/RW612/drivers/fsl_clock.c.obj
                0x00000000080057f0                CLOCK_SetFRGClock
 .text.CLOCK_GetFlexCommClkFreq
                0x00000000080058b4       0xb4 CMakeFiles/temperature_measurement.elf.dir/home/ubuntu/Downloads/newRW612/devices/RW612/drivers/fsl_clock.c.obj
                0x00000000080058b4                CLOCK_GetFlexCommClkFreq
 .text.CLOCK_CfgTcpuRefClk
                0x0000000008005968      0x124 CMakeFiles/temperature_measurement.elf.dir/home/ubuntu/Downloads/newRW612/devices/RW612/drivers/fsl_clock.c.obj
 .text.CLOCK_InitTcpuRefClk
                0x0000000008005a8c       0x64 CMakeFiles/temperature_measurement.elf.dir/home/ubuntu/Downloads/newRW612/devices/RW612/drivers/fsl_clock.c.obj
                0x0000000008005a8c                CLOCK_InitTcpuRefClk
 .text.CLOCK_DeinitTcpuRefClk
                0x0000000008005af0       0x40 CMakeFiles/temperature_measurement.elf.dir/home/ubuntu/Downloads/newRW612/devices/RW612/drivers/fsl_clock.c.obj
                0x0000000008005af0                CLOCK_DeinitTcpuRefClk
 .text.CLOCK_InitTddrRefClk
                0x0000000008005b30       0x70 CMakeFiles/temperature_measurement.elf.dir/home/ubuntu/Downloads/newRW612/devices/RW612/drivers/fsl_clock.c.obj
                0x0000000008005b30                CLOCK_InitTddrRefClk
 .text.CLOCK_DeinitTddrRefClk
                0x0000000008005ba0       0x40 CMakeFiles/temperature_measurement.elf.dir/home/ubuntu/Downloads/newRW612/devices/RW612/drivers/fsl_clock.c.obj
                0x0000000008005ba0                CLOCK_DeinitTddrRefClk
 .text.CLOCK_InitT3RefClk
                0x0000000008005be0       0x68 CMakeFiles/temperature_measurement.elf.dir/home/ubuntu/Downloads/newRW612/devices/RW612/drivers/fsl_clock.c.obj
                0x0000000008005be0                CLOCK_InitT3RefClk
 .text.CLOCK_DeinitT3RefClk
                0x0000000008005c48       0x38 CMakeFiles/temperature_measurement.elf.dir/home/ubuntu/Downloads/newRW612/devices/RW612/drivers/fsl_clock.c.obj
                0x0000000008005c48                CLOCK_DeinitT3RefClk
 .text.CLOCK_ConfigAvPll
                0x0000000008005c80       0xf4 CMakeFiles/temperature_measurement.elf.dir/home/ubuntu/Downloads/newRW612/devices/RW612/drivers/fsl_clock.c.obj
 .text.CLOCK_ConfigAvPllCh1
                0x0000000008005d74       0x84 CMakeFiles/temperature_measurement.elf.dir/home/ubuntu/Downloads/newRW612/devices/RW612/drivers/fsl_clock.c.obj
 .text.CLOCK_ConfigAvPllCh2
                0x0000000008005df8       0x64 CMakeFiles/temperature_measurement.elf.dir/home/ubuntu/Downloads/newRW612/devices/RW612/drivers/fsl_clock.c.obj
 .text.CLOCK_PowerUpAnaGrp
                0x0000000008005e5c       0x34 CMakeFiles/temperature_measurement.elf.dir/home/ubuntu/Downloads/newRW612/devices/RW612/drivers/fsl_clock.c.obj
 .text.CLOCK_PowerDownAnaGrp
                0x0000000008005e90       0x30 CMakeFiles/temperature_measurement.elf.dir/home/ubuntu/Downloads/newRW612/devices/RW612/drivers/fsl_clock.c.obj
 .text.CLOCK_EnableAvPllCh
                0x0000000008005ec0      0x154 CMakeFiles/temperature_measurement.elf.dir/home/ubuntu/Downloads/newRW612/devices/RW612/drivers/fsl_clock.c.obj
                0x0000000008005ec0                CLOCK_EnableAvPllCh
 .text.CLOCK_DisableAvPllCh
                0x0000000008006014       0x60 CMakeFiles/temperature_measurement.elf.dir/home/ubuntu/Downloads/newRW612/devices/RW612/drivers/fsl_clock.c.obj
                0x0000000008006014                CLOCK_DisableAvPllCh
 .text.CLOCK_InitAvPll
                0x0000000008006074       0x98 CMakeFiles/temperature_measurement.elf.dir/home/ubuntu/Downloads/newRW612/devices/RW612/drivers/fsl_clock.c.obj
                0x0000000008006074                CLOCK_InitAvPll
 .text.CLOCK_DeinitAvPll
                0x000000000800610c       0x54 CMakeFiles/temperature_measurement.elf.dir/home/ubuntu/Downloads/newRW612/devices/RW612/drivers/fsl_clock.c.obj
                0x000000000800610c                CLOCK_DeinitAvPll
 .text.DelayLoop
                0x0000000008006160       0x20 CMakeFiles/temperature_measurement.elf.dir/home/ubuntu/Downloads/newRW612/devices/RW612/drivers/fsl_common_arm.c.obj
 .text.SDK_DelayAtLeastUs
                0x0000000008006180       0x98 CMakeFiles/temperature_measurement.elf.dir/home/ubuntu/Downloads/newRW612/devices/RW612/drivers/fsl_common_arm.c.obj
                0x0000000008006180                SDK_DelayAtLeastUs
 .text.FLEXCOMM_PeripheralIsPresent
                0x0000000008006218       0x64 CMakeFiles/temperature_measurement.elf.dir/home/ubuntu/Downloads/newRW612/devices/RW612/drivers/fsl_flexcomm.c.obj
 .text.FLEXCOMM_GetInstance
                0x000000000800627c       0x58 CMakeFiles/temperature_measurement.elf.dir/home/ubuntu/Downloads/newRW612/devices/RW612/drivers/fsl_flexcomm.c.obj
                0x000000000800627c                FLEXCOMM_GetInstance
 .text.FLEXCOMM_SetPeriph
                0x00000000080062d4       0x74 CMakeFiles/temperature_measurement.elf.dir/home/ubuntu/Downloads/newRW612/devices/RW612/drivers/fsl_flexcomm.c.obj
 .text.FLEXCOMM_Init
                0x0000000008006348       0x50 CMakeFiles/temperature_measurement.elf.dir/home/ubuntu/Downloads/newRW612/devices/RW612/drivers/fsl_flexcomm.c.obj
                0x0000000008006348                FLEXCOMM_Init
 .text.FLEXCOMM0_DriverIRQHandler
                0x0000000008006398       0x68 CMakeFiles/temperature_measurement.elf.dir/home/ubuntu/Downloads/newRW612/devices/RW612/drivers/fsl_flexcomm.c.obj
                0x0000000008006398                FLEXCOMM0_DriverIRQHandler
 .text.FLEXCOMM1_DriverIRQHandler
                0x0000000008006400       0x68 CMakeFiles/temperature_measurement.elf.dir/home/ubuntu/Downloads/newRW612/devices/RW612/drivers/fsl_flexcomm.c.obj
                0x0000000008006400                FLEXCOMM1_DriverIRQHandler
 .text.FLEXCOMM2_DriverIRQHandler
                0x0000000008006468       0x68 CMakeFiles/temperature_measurement.elf.dir/home/ubuntu/Downloads/newRW612/devices/RW612/drivers/fsl_flexcomm.c.obj
                0x0000000008006468                FLEXCOMM2_DriverIRQHandler
 .text.FLEXCOMM3_DriverIRQHandler
                0x00000000080064d0       0x68 CMakeFiles/temperature_measurement.elf.dir/home/ubuntu/Downloads/newRW612/devices/RW612/drivers/fsl_flexcomm.c.obj
                0x00000000080064d0                FLEXCOMM3_DriverIRQHandler
 .text.FLEXCOMM14_DriverIRQHandler
                0x0000000008006538       0x6c CMakeFiles/temperature_measurement.elf.dir/home/ubuntu/Downloads/newRW612/devices/RW612/drivers/fsl_flexcomm.c.obj
                0x0000000008006538                FLEXCOMM14_DriverIRQHandler
 .text.USART_EnableContinuousSCLK
                0x00000000080065a4       0x38 CMakeFiles/temperature_measurement.elf.dir/home/ubuntu/Downloads/newRW612/devices/RW612/drivers/fsl_usart.c.obj
 .text.USART_Init
                0x00000000080065dc      0x1e8 CMakeFiles/temperature_measurement.elf.dir/home/ubuntu/Downloads/newRW612/devices/RW612/drivers/fsl_usart.c.obj
                0x00000000080065dc                USART_Init
 .text.USART_GetDefaultConfig
                0x00000000080067c4       0xb0 CMakeFiles/temperature_measurement.elf.dir/home/ubuntu/Downloads/newRW612/devices/RW612/drivers/fsl_usart.c.obj
                0x00000000080067c4                USART_GetDefaultConfig
 .text.USART_SetRxTimeoutConfig
                0x0000000008006874       0x68 CMakeFiles/temperature_measurement.elf.dir/home/ubuntu/Downloads/newRW612/devices/RW612/drivers/fsl_usart.c.obj
                0x0000000008006874                USART_SetRxTimeoutConfig
 .text.USART_SetBaudRate
                0x00000000080068dc      0x19c CMakeFiles/temperature_measurement.elf.dir/home/ubuntu/Downloads/newRW612/devices/RW612/drivers/fsl_usart.c.obj
                0x00000000080068dc                USART_SetBaudRate
 .text.USART_WriteBlocking
                0x0000000008006a78       0x9c CMakeFiles/temperature_measurement.elf.dir/home/ubuntu/Downloads/newRW612/devices/RW612/drivers/fsl_usart.c.obj
                0x0000000008006a78                USART_WriteBlocking
 .text.USART_ReadBlocking
                0x0000000008006b14      0x114 CMakeFiles/temperature_measurement.elf.dir/home/ubuntu/Downloads/newRW612/devices/RW612/drivers/fsl_usart.c.obj
                0x0000000008006b14                USART_ReadBlocking
 .text.FLEXSPI_DriverIRQHandler
                0x0000000008006c28       0x24 CMakeFiles/temperature_measurement.elf.dir/home/ubuntu/Downloads/newRW612/devices/RW612/drivers/fsl_flexspi.c.obj
                0x0000000008006c28                FLEXSPI_DriverIRQHandler
 .text.otp_get_nonmask_status_result
                0x0000000008006c4c       0x60 CMakeFiles/temperature_measurement.elf.dir/home/ubuntu/Downloads/newRW612/devices/RW612/drivers/fsl_ocotp.c.obj
 .text.otp_wait_busy
                0x0000000008006cac       0x50 CMakeFiles/temperature_measurement.elf.dir/home/ubuntu/Downloads/newRW612/devices/RW612/drivers/fsl_ocotp.c.obj
 .text.otp_clear_status
                0x0000000008006cfc       0x28 CMakeFiles/temperature_measurement.elf.dir/home/ubuntu/Downloads/newRW612/devices/RW612/drivers/fsl_ocotp.c.obj
 .text.OCOTP_OtpInit
                0x0000000008006d24       0x34 CMakeFiles/temperature_measurement.elf.dir/home/ubuntu/Downloads/newRW612/devices/RW612/drivers/fsl_ocotp.c.obj
                0x0000000008006d24                OCOTP_OtpInit
 .text.OCOTP_OtpDeinit
                0x0000000008006d58       0x44 CMakeFiles/temperature_measurement.elf.dir/home/ubuntu/Downloads/newRW612/devices/RW612/drivers/fsl_ocotp.c.obj
                0x0000000008006d58                OCOTP_OtpDeinit
 .text.OCOTP_OtpFuseRead
                0x0000000008006d9c       0x74 CMakeFiles/temperature_measurement.elf.dir/home/ubuntu/Downloads/newRW612/devices/RW612/drivers/fsl_ocotp.c.obj
                0x0000000008006d9c                OCOTP_OtpFuseRead
 .text.soc_otp_read
                0x0000000008006e10      0x120 CMakeFiles/temperature_measurement.elf.dir/home/ubuntu/Downloads/newRW612/devices/RW612/drivers/fsl_ocotp.c.obj
 .text.OCOTP_ReadSocOtp
                0x0000000008006f30       0x6a CMakeFiles/temperature_measurement.elf.dir/home/ubuntu/Downloads/newRW612/devices/RW612/drivers/fsl_ocotp.c.obj
                0x0000000008006f30                OCOTP_ReadSocOtp
 *fill*         0x0000000008006f9a        0x2 
 .text.OCOTP_ReadSVC
                0x0000000008006f9c       0x44 CMakeFiles/temperature_measurement.elf.dir/home/ubuntu/Downloads/newRW612/devices/RW612/drivers/fsl_ocotp.c.obj
                0x0000000008006f9c                OCOTP_ReadSVC
 .text.OCOTP_ReadPackage
                0x0000000008006fe0       0x68 CMakeFiles/temperature_measurement.elf.dir/home/ubuntu/Downloads/newRW612/devices/RW612/drivers/fsl_ocotp.c.obj
                0x0000000008006fe0                OCOTP_ReadPackage
 .text.__NVIC_SetPriorityGrouping
                0x0000000008007048       0x48 CMakeFiles/temperature_measurement.elf.dir/home/ubuntu/Downloads/newRW612/devices/RW612/drivers/fsl_power.c.obj
 .text.__NVIC_GetPriorityGrouping
                0x0000000008007090       0x1c CMakeFiles/temperature_measurement.elf.dir/home/ubuntu/Downloads/newRW612/devices/RW612/drivers/fsl_power.c.obj
 .text.DisableGlobalIRQ
                0x00000000080070ac       0x22 CMakeFiles/temperature_measurement.elf.dir/home/ubuntu/Downloads/newRW612/devices/RW612/drivers/fsl_power.c.obj
 .text.EnableGlobalIRQ
                0x00000000080070ce       0x20 CMakeFiles/temperature_measurement.elf.dir/home/ubuntu/Downloads/newRW612/devices/RW612/drivers/fsl_power.c.obj
 *fill*         0x00000000080070ee        0x2 
 .text.POWER_GetThresholdParams
                0x00000000080070f0      0x144 CMakeFiles/temperature_measurement.elf.dir/home/ubuntu/Downloads/newRW612/devices/RW612/drivers/fsl_power.c.obj
 .text.POWER_SaveNvicState
                0x0000000008007234      0x154 CMakeFiles/temperature_measurement.elf.dir/home/ubuntu/Downloads/newRW612/devices/RW612/drivers/fsl_power.c.obj
 .text.POWER_RestoreNvicState
                0x0000000008007388      0x11c CMakeFiles/temperature_measurement.elf.dir/home/ubuntu/Downloads/newRW612/devices/RW612/drivers/fsl_power.c.obj
 .text.CAPTIMER_DriverIRQHandler
                0x00000000080074a4       0x34 CMakeFiles/temperature_measurement.elf.dir/home/ubuntu/Downloads/newRW612/devices/RW612/drivers/fsl_power.c.obj
                0x00000000080074a4                CAPTIMER_DriverIRQHandler
 .text.POWER_EnableWakeup
                0x00000000080074d8      0x1e4 CMakeFiles/temperature_measurement.elf.dir/home/ubuntu/Downloads/newRW612/devices/RW612/drivers/fsl_power.c.obj
                0x00000000080074d8                POWER_EnableWakeup
 .text.POWER_InitVSensorThreshold
                0x00000000080076bc      0x1f0 CMakeFiles/temperature_measurement.elf.dir/home/ubuntu/Downloads/newRW612/devices/RW612/drivers/fsl_power.c.obj
 .text.Power_InitLoadGdetCfg
                0x00000000080078ac       0x90 CMakeFiles/temperature_measurement.elf.dir/home/ubuntu/Downloads/newRW612/devices/RW612/drivers/fsl_power.c.obj
                0x00000000080078ac                Power_InitLoadGdetCfg
 .text.POWER_InitVoltage
                0x000000000800793c       0xa4 CMakeFiles/temperature_measurement.elf.dir/home/ubuntu/Downloads/newRW612/devices/RW612/drivers/fsl_power.c.obj
                0x000000000800793c                POWER_InitVoltage
 .text.POWER_TrimSvc
                0x00000000080079e0      0x148 CMakeFiles/temperature_measurement.elf.dir/home/ubuntu/Downloads/newRW612/devices/RW612/drivers/fsl_power.c.obj
                0x00000000080079e0                POWER_TrimSvc
 .text.RESET_SetPeripheralReset
                0x0000000008007b28      0x104 CMakeFiles/temperature_measurement.elf.dir/home/ubuntu/Downloads/newRW612/devices/RW612/drivers/fsl_reset.c.obj
                0x0000000008007b28                RESET_SetPeripheralReset
 .text.RESET_ClearPeripheralReset
                0x0000000008007c2c      0x110 CMakeFiles/temperature_measurement.elf.dir/home/ubuntu/Downloads/newRW612/devices/RW612/drivers/fsl_reset.c.obj
                0x0000000008007c2c                RESET_ClearPeripheralReset
 .text.RESET_PeripheralReset
                0x0000000008007d3c       0x22 CMakeFiles/temperature_measurement.elf.dir/home/ubuntu/Downloads/newRW612/devices/RW612/drivers/fsl_reset.c.obj
                0x0000000008007d3c                RESET_PeripheralReset
 *fill*         0x0000000008007d5e        0x2 
 .text._sbrk    0x0000000008007d60       0x68 CMakeFiles/temperature_measurement.elf.dir/home/ubuntu/Downloads/newRW612/devices/RW612/utilities/fsl_sbrk.c.obj
                0x0000000008007d60                _sbrk
 .text.fsl_assert_hook
                0x0000000008007dc8       0x1a CMakeFiles/temperature_measurement.elf.dir/home/ubuntu/Downloads/newRW612/devices/RW612/utilities/debug_console_lite/fsl_assert.c.obj
                0x0000000008007dc8                fsl_assert_hook
 *fill*         0x0000000008007de2        0x2 
 .text.__assert_func
                0x0000000008007de4       0x30 CMakeFiles/temperature_measurement.elf.dir/home/ubuntu/Downloads/newRW612/devices/RW612/utilities/debug_console_lite/fsl_assert.c.obj
                0x0000000008007de4                __assert_func
 .text.DbgConsole_Init
                0x0000000008007e14       0x88 CMakeFiles/temperature_measurement.elf.dir/home/ubuntu/Downloads/newRW612/devices/RW612/utilities/debug_console_lite/fsl_debug_console.c.obj
                0x0000000008007e14                DbgConsole_Init
 .text.DbgConsole_Printf
                0x0000000008007e9c       0x2c CMakeFiles/temperature_measurement.elf.dir/home/ubuntu/Downloads/newRW612/devices/RW612/utilities/debug_console_lite/fsl_debug_console.c.obj
                0x0000000008007e9c                DbgConsole_Printf
 .text.DbgConsole_Vprintf
                0x0000000008007ec8       0x3c CMakeFiles/temperature_measurement.elf.dir/home/ubuntu/Downloads/newRW612/devices/RW612/utilities/debug_console_lite/fsl_debug_console.c.obj
                0x0000000008007ec8                DbgConsole_Vprintf
 .text.DbgConsole_Putchar
                0x0000000008007f04       0x30 CMakeFiles/temperature_measurement.elf.dir/home/ubuntu/Downloads/newRW612/devices/RW612/utilities/debug_console_lite/fsl_debug_console.c.obj
                0x0000000008007f04                DbgConsole_Putchar
 .text.DbgConsole_Getchar
                0x0000000008007f34       0x3c CMakeFiles/temperature_measurement.elf.dir/home/ubuntu/Downloads/newRW612/devices/RW612/utilities/debug_console_lite/fsl_debug_console.c.obj
                0x0000000008007f34                DbgConsole_Getchar
 .text.DbgConsole_PrintfPaddingCharacter
                0x0000000008007f70       0x40 CMakeFiles/temperature_measurement.elf.dir/home/ubuntu/Downloads/newRW612/devices/RW612/utilities/debug_console_lite/fsl_debug_console.c.obj
 .text.DbgConsole_ConvertRadixNumToString
                0x0000000008007fb0      0x2b0 CMakeFiles/temperature_measurement.elf.dir/home/ubuntu/Downloads/newRW612/devices/RW612/utilities/debug_console_lite/fsl_debug_console.c.obj
 .text.DbgConsole_ConvertFloatRadixNumToString
                0x0000000008008260      0x2a0 CMakeFiles/temperature_measurement.elf.dir/home/ubuntu/Downloads/newRW612/devices/RW612/utilities/debug_console_lite/fsl_debug_console.c.obj
 .text.DbgConsole_PrintfFormattedData
                0x0000000008008500      0xb68 CMakeFiles/temperature_measurement.elf.dir/home/ubuntu/Downloads/newRW612/devices/RW612/utilities/debug_console_lite/fsl_debug_console.c.obj
 *(.rodata)
 .rodata        0x0000000008009068       0x85 CMakeFiles/temperature_measurement.elf.dir/home/ubuntu/Downloads/newRW612/boards/frdmrw612/demo_apps/temperature_measurement/temperature_measurement.c.obj
 *fill*         0x00000000080090ed        0x3 
 .rodata        0x00000000080090f0       0xfb CMakeFiles/temperature_measurement.elf.dir/home/ubuntu/Downloads/newRW612/boards/frdmrw612/demo_apps/temperature_measurement/board.c.obj
 *fill*         0x00000000080091eb        0x1 
 .rodata        0x00000000080091ec       0x75 CMakeFiles/temperature_measurement.elf.dir/home/ubuntu/Downloads/newRW612/boards/frdmrw612/demo_apps/temperature_measurement/pin_mux.c.obj
 *fill*         0x0000000008009261        0x3 
 .rodata        0x0000000008009264       0xd3 CMakeFiles/temperature_measurement.elf.dir/home/ubuntu/Downloads/newRW612/components/uart/fsl_adapter_usart.c.obj
 *fill*         0x0000000008009337        0x1 
 .rodata        0x0000000008009338       0x7d CMakeFiles/temperature_measurement.elf.dir/home/ubuntu/Downloads/newRW612/devices/RW612/drivers/fsl_clock.c.obj
 *fill*         0x00000000080093b5        0x3 
 .rodata        0x00000000080093b8       0x9c CMakeFiles/temperature_measurement.elf.dir/home/ubuntu/Downloads/newRW612/devices/RW612/drivers/fsl_common_arm.c.obj
 .rodata        0x0000000008009454       0x9f CMakeFiles/temperature_measurement.elf.dir/home/ubuntu/Downloads/newRW612/devices/RW612/drivers/fsl_flexcomm.c.obj
 *fill*         0x00000000080094f3        0x1 
 .rodata        0x00000000080094f4      0x267 CMakeFiles/temperature_measurement.elf.dir/home/ubuntu/Downloads/newRW612/devices/RW612/drivers/fsl_usart.c.obj
 *fill*         0x000000000800975b        0x1 
 .rodata        0x000000000800975c       0x5d CMakeFiles/temperature_measurement.elf.dir/home/ubuntu/Downloads/newRW612/devices/RW612/drivers/fsl_ocotp.c.obj
 *fill*         0x00000000080097b9        0x3 
 .rodata        0x00000000080097bc      0x193 CMakeFiles/temperature_measurement.elf.dir/home/ubuntu/Downloads/newRW612/devices/RW612/drivers/fsl_power.c.obj
 *fill*         0x000000000800994f        0x1 
 .rodata        0x0000000008009950       0x52 CMakeFiles/temperature_measurement.elf.dir/home/ubuntu/Downloads/newRW612/devices/RW612/drivers/fsl_reset.c.obj
 *fill*         0x00000000080099a2        0x2 
 .rodata        0x00000000080099a4       0x3e CMakeFiles/temperature_measurement.elf.dir/home/ubuntu/Downloads/newRW612/devices/RW612/utilities/debug_console_lite/fsl_assert.c.obj
 *fill*         0x00000000080099e2        0x6 
 .rodata        0x00000000080099e8       0x10 /usr/lib/gcc/arm-none-eabi/10.3.1/../../../arm-none-eabi/lib/thumb/v8-m.main+fp/hard/libm.a(lib_a-s_rint.o)
 .rodata        0x00000000080099f8        0x4 /usr/lib/gcc/arm-none-eabi/10.3.1/../../../arm-none-eabi/lib/thumb/v8-m.main+fp/hard/libc_nano.a(lib_a-impure.o)
                0x00000000080099f8                _global_impure_ptr
 *(.rodata*)
 .rodata.__func__.0
                0x00000000080099fc       0x10 CMakeFiles/temperature_measurement.elf.dir/home/ubuntu/Downloads/newRW612/boards/frdmrw612/demo_apps/temperature_measurement/board.c.obj
 .rodata.avpllConfig_BOARD_BootClockRUN
                0x0000000008009a0c        0x3 CMakeFiles/temperature_measurement.elf.dir/home/ubuntu/Downloads/newRW612/boards/frdmrw612/demo_apps/temperature_measurement/clock_config.c.obj
                0x0000000008009a0c                avpllConfig_BOARD_BootClockRUN
 *fill*         0x0000000008009a0f        0x1 
 .rodata.__func__.0
                0x0000000008009a10       0x11 CMakeFiles/temperature_measurement.elf.dir/home/ubuntu/Downloads/newRW612/boards/frdmrw612/demo_apps/temperature_measurement/pin_mux.c.obj
 *fill*         0x0000000008009a21        0x3 
 .rodata.s_UsartAdapterBase
                0x0000000008009a24       0x14 CMakeFiles/temperature_measurement.elf.dir/home/ubuntu/Downloads/newRW612/components/uart/fsl_adapter_usart.c.obj
 .rodata.__func__.4
                0x0000000008009a38       0x13 CMakeFiles/temperature_measurement.elf.dir/home/ubuntu/Downloads/newRW612/components/uart/fsl_adapter_usart.c.obj
 *fill*         0x0000000008009a4b        0x1 
 .rodata.__func__.2
                0x0000000008009a4c       0x18 CMakeFiles/temperature_measurement.elf.dir/home/ubuntu/Downloads/newRW612/components/uart/fsl_adapter_usart.c.obj
 .rodata.__func__.1
                0x0000000008009a64       0x15 CMakeFiles/temperature_measurement.elf.dir/home/ubuntu/Downloads/newRW612/components/uart/fsl_adapter_usart.c.obj
 *fill*         0x0000000008009a79        0x3 
 .rodata.s_avpllFreq
                0x0000000008009a7c       0x2c CMakeFiles/temperature_measurement.elf.dir/home/ubuntu/Downloads/newRW612/devices/RW612/drivers/fsl_clock.c.obj
 .rodata.s_avpllFreqOff
                0x0000000008009aa8       0x2c CMakeFiles/temperature_measurement.elf.dir/home/ubuntu/Downloads/newRW612/devices/RW612/drivers/fsl_clock.c.obj
 .rodata.s_avpllPostDiv
                0x0000000008009ad4       0x2c CMakeFiles/temperature_measurement.elf.dir/home/ubuntu/Downloads/newRW612/devices/RW612/drivers/fsl_clock.c.obj
 .rodata.s_avpllPostDiv0p5
                0x0000000008009b00       0x2c CMakeFiles/temperature_measurement.elf.dir/home/ubuntu/Downloads/newRW612/devices/RW612/drivers/fsl_clock.c.obj
 .rodata.__func__.9
                0x0000000008009b2c       0x1c CMakeFiles/temperature_measurement.elf.dir/home/ubuntu/Downloads/newRW612/devices/RW612/drivers/fsl_clock.c.obj
 .rodata.__func__.8
                0x0000000008009b48       0x16 CMakeFiles/temperature_measurement.elf.dir/home/ubuntu/Downloads/newRW612/devices/RW612/drivers/fsl_clock.c.obj
 *fill*         0x0000000008009b5e        0x2 
 .rodata.__func__.7
                0x0000000008009b60       0x12 CMakeFiles/temperature_measurement.elf.dir/home/ubuntu/Downloads/newRW612/devices/RW612/drivers/fsl_clock.c.obj
 *fill*         0x0000000008009b72        0x2 
 .rodata.__func__.6
                0x0000000008009b74       0x13 CMakeFiles/temperature_measurement.elf.dir/home/ubuntu/Downloads/newRW612/devices/RW612/drivers/fsl_clock.c.obj
 *fill*         0x0000000008009b87        0x1 
 .rodata.__func__.5
                0x0000000008009b88       0x12 CMakeFiles/temperature_measurement.elf.dir/home/ubuntu/Downloads/newRW612/devices/RW612/drivers/fsl_clock.c.obj
 *fill*         0x0000000008009b9a        0x2 
 .rodata.__func__.4
                0x0000000008009b9c       0x12 CMakeFiles/temperature_measurement.elf.dir/home/ubuntu/Downloads/newRW612/devices/RW612/drivers/fsl_clock.c.obj
 *fill*         0x0000000008009bae        0x2 
 .rodata.__func__.3
                0x0000000008009bb0       0x19 CMakeFiles/temperature_measurement.elf.dir/home/ubuntu/Downloads/newRW612/devices/RW612/drivers/fsl_clock.c.obj
 *fill*         0x0000000008009bc9        0x3 
 .rodata.__func__.1
                0x0000000008009bcc       0x14 CMakeFiles/temperature_measurement.elf.dir/home/ubuntu/Downloads/newRW612/devices/RW612/drivers/fsl_clock.c.obj
 .rodata.__func__.0
                0x0000000008009be0       0x10 CMakeFiles/temperature_measurement.elf.dir/home/ubuntu/Downloads/newRW612/devices/RW612/drivers/fsl_clock.c.obj
 .rodata.__func__.0
                0x0000000008009bf0       0x13 CMakeFiles/temperature_measurement.elf.dir/home/ubuntu/Downloads/newRW612/devices/RW612/drivers/fsl_common_arm.c.obj
 *fill*         0x0000000008009c03        0x1 
 .rodata.s_flexcommBaseAddrs
                0x0000000008009c04       0x14 CMakeFiles/temperature_measurement.elf.dir/home/ubuntu/Downloads/newRW612/devices/RW612/drivers/fsl_flexcomm.c.obj
 .rodata.s_flexcommClocks
                0x0000000008009c18       0x14 CMakeFiles/temperature_measurement.elf.dir/home/ubuntu/Downloads/newRW612/devices/RW612/drivers/fsl_flexcomm.c.obj
 .rodata.s_flexcommResets
                0x0000000008009c2c        0xa CMakeFiles/temperature_measurement.elf.dir/home/ubuntu/Downloads/newRW612/devices/RW612/drivers/fsl_flexcomm.c.obj
 *fill*         0x0000000008009c36        0x2 
 .rodata.__func__.5
                0x0000000008009c38       0x15 CMakeFiles/temperature_measurement.elf.dir/home/ubuntu/Downloads/newRW612/devices/RW612/drivers/fsl_flexcomm.c.obj
 *fill*         0x0000000008009c4d        0x3 
 .rodata.__func__.4
                0x0000000008009c50       0x1b CMakeFiles/temperature_measurement.elf.dir/home/ubuntu/Downloads/newRW612/devices/RW612/drivers/fsl_flexcomm.c.obj
 *fill*         0x0000000008009c6b        0x1 
 .rodata.__func__.3
                0x0000000008009c6c       0x1b CMakeFiles/temperature_measurement.elf.dir/home/ubuntu/Downloads/newRW612/devices/RW612/drivers/fsl_flexcomm.c.obj
 *fill*         0x0000000008009c87        0x1 
 .rodata.__func__.2
                0x0000000008009c88       0x1b CMakeFiles/temperature_measurement.elf.dir/home/ubuntu/Downloads/newRW612/devices/RW612/drivers/fsl_flexcomm.c.obj
 *fill*         0x0000000008009ca3        0x1 
 .rodata.__func__.1
                0x0000000008009ca4       0x1b CMakeFiles/temperature_measurement.elf.dir/home/ubuntu/Downloads/newRW612/devices/RW612/drivers/fsl_flexcomm.c.obj
 *fill*         0x0000000008009cbf        0x1 
 .rodata.__func__.0
                0x0000000008009cc0       0x1c CMakeFiles/temperature_measurement.elf.dir/home/ubuntu/Downloads/newRW612/devices/RW612/drivers/fsl_flexcomm.c.obj
 .rodata.__func__.15
                0x0000000008009cdc        0xb CMakeFiles/temperature_measurement.elf.dir/home/ubuntu/Downloads/newRW612/devices/RW612/drivers/fsl_usart.c.obj
 *fill*         0x0000000008009ce7        0x1 
 .rodata.__func__.13
                0x0000000008009ce8       0x17 CMakeFiles/temperature_measurement.elf.dir/home/ubuntu/Downloads/newRW612/devices/RW612/drivers/fsl_usart.c.obj
 *fill*         0x0000000008009cff        0x1 
 .rodata.__func__.12
                0x0000000008009d00       0x12 CMakeFiles/temperature_measurement.elf.dir/home/ubuntu/Downloads/newRW612/devices/RW612/drivers/fsl_usart.c.obj
 *fill*         0x0000000008009d12        0x2 
 .rodata.__func__.9
                0x0000000008009d14       0x14 CMakeFiles/temperature_measurement.elf.dir/home/ubuntu/Downloads/newRW612/devices/RW612/drivers/fsl_usart.c.obj
 .rodata.__func__.8
                0x0000000008009d28       0x13 CMakeFiles/temperature_measurement.elf.dir/home/ubuntu/Downloads/newRW612/devices/RW612/drivers/fsl_usart.c.obj
 *fill*         0x0000000008009d3b        0x1 
 .rodata.__func__.1
                0x0000000008009d3c        0xe CMakeFiles/temperature_measurement.elf.dir/home/ubuntu/Downloads/newRW612/devices/RW612/drivers/fsl_ocotp.c.obj
 *fill*         0x0000000008009d4a        0x2 
 .rodata.__func__.0
                0x0000000008009d4c       0x12 CMakeFiles/temperature_measurement.elf.dir/home/ubuntu/Downloads/newRW612/devices/RW612/drivers/fsl_ocotp.c.obj
 *fill*         0x0000000008009d5e        0x2 
 .rodata.s_droTable
                0x0000000008009d60       0x13 CMakeFiles/temperature_measurement.elf.dir/home/ubuntu/Downloads/newRW612/devices/RW612/drivers/fsl_power.c.obj
 *fill*         0x0000000008009d73        0x1 
 .rodata.__func__.14
                0x0000000008009d74       0x13 CMakeFiles/temperature_measurement.elf.dir/home/ubuntu/Downloads/newRW612/devices/RW612/drivers/fsl_power.c.obj
 *fill*         0x0000000008009d87        0x1 
 .rodata.__func__.13
                0x0000000008009d88       0x15 CMakeFiles/temperature_measurement.elf.dir/home/ubuntu/Downloads/newRW612/devices/RW612/drivers/fsl_power.c.obj
 *fill*         0x0000000008009d9d        0x3 
 .rodata.__func__.12
                0x0000000008009da0       0x19 CMakeFiles/temperature_measurement.elf.dir/home/ubuntu/Downloads/newRW612/devices/RW612/drivers/fsl_power.c.obj
 *fill*         0x0000000008009db9        0x3 
 .rodata.__func__.11
                0x0000000008009dbc       0x14 CMakeFiles/temperature_measurement.elf.dir/home/ubuntu/Downloads/newRW612/devices/RW612/drivers/fsl_power.c.obj
 .rodata.__func__.8
                0x0000000008009dd0       0x13 CMakeFiles/temperature_measurement.elf.dir/home/ubuntu/Downloads/newRW612/devices/RW612/drivers/fsl_power.c.obj
 *fill*         0x0000000008009de3        0x1 
 .rodata.__func__.6
                0x0000000008009de4       0x13 CMakeFiles/temperature_measurement.elf.dir/home/ubuntu/Downloads/newRW612/devices/RW612/drivers/fsl_power.c.obj
 *fill*         0x0000000008009df7        0x1 
 .rodata.__func__.5
                0x0000000008009df8       0x14 CMakeFiles/temperature_measurement.elf.dir/home/ubuntu/Downloads/newRW612/devices/RW612/drivers/fsl_power.c.obj
 .rodata.__func__.2
                0x0000000008009e0c       0x16 CMakeFiles/temperature_measurement.elf.dir/home/ubuntu/Downloads/newRW612/devices/RW612/drivers/fsl_power.c.obj
 *fill*         0x0000000008009e22        0x2 
 .rodata.__func__.1
                0x0000000008009e24       0x12 CMakeFiles/temperature_measurement.elf.dir/home/ubuntu/Downloads/newRW612/devices/RW612/drivers/fsl_power.c.obj
 *fill*         0x0000000008009e36        0x2 
 .rodata.__func__.0
                0x0000000008009e38        0xe CMakeFiles/temperature_measurement.elf.dir/home/ubuntu/Downloads/newRW612/devices/RW612/drivers/fsl_power.c.obj
 *fill*         0x0000000008009e46        0x2 
 .rodata.__func__.1
                0x0000000008009e48       0x19 CMakeFiles/temperature_measurement.elf.dir/home/ubuntu/Downloads/newRW612/devices/RW612/drivers/fsl_reset.c.obj
 *fill*         0x0000000008009e61        0x3 
 .rodata.__func__.0
                0x0000000008009e64       0x1b CMakeFiles/temperature_measurement.elf.dir/home/ubuntu/Downloads/newRW612/devices/RW612/drivers/fsl_reset.c.obj
 *fill*         0x0000000008009e7f        0x1 
 .rodata.str1.4
                0x0000000008009e80        0x1 /usr/lib/gcc/arm-none-eabi/10.3.1/../../../arm-none-eabi/lib/thumb/v8-m.main+fp/hard/libm.a(lib_a-e_pow.o)
 *(.glue_7)
 .glue_7        0x0000000008009e81        0x0 linker stubs
 *(.glue_7t)
 .glue_7t       0x0000000008009e81        0x0 linker stubs
 *(.eh_frame)
 *fill*         0x0000000008009e81        0x3 
 .eh_frame      0x0000000008009e84        0x0 /usr/lib/gcc/arm-none-eabi/10.3.1/thumb/v8-m.main+fp/hard/crtbegin.o
 *(.init)
 .init          0x0000000008009e84        0x4 /usr/lib/gcc/arm-none-eabi/10.3.1/thumb/v8-m.main+fp/hard/crti.o
                0x0000000008009e84                _init
 .init          0x0000000008009e88        0x8 /usr/lib/gcc/arm-none-eabi/10.3.1/thumb/v8-m.main+fp/hard/crtn.o
 *(.fini)
 .fini          0x0000000008009e90        0x4 /usr/lib/gcc/arm-none-eabi/10.3.1/thumb/v8-m.main+fp/hard/crti.o
                0x0000000008009e90                _fini
 .fini          0x0000000008009e94        0x8 /usr/lib/gcc/arm-none-eabi/10.3.1/thumb/v8-m.main+fp/hard/crtn.o
 *fill*         0x0000000008009e9c        0x4 
 .fini.__stub   0x0000000008009ea0       0x20 linker stubs
                0x0000000008009ec0                . = ALIGN (0x4)

.vfp11_veneer   0x0000000008009ec0        0x0
 .vfp11_veneer  0x0000000008009ec0        0x0 linker stubs

.v4_bx          0x0000000008009ec0        0x0
 .v4_bx         0x0000000008009ec0        0x0 linker stubs

.iplt           0x0000000008009ec0        0x0
 .iplt          0x0000000008009ec0        0x0 /usr/lib/gcc/arm-none-eabi/10.3.1/thumb/v8-m.main+fp/hard/crtbegin.o

.ARM.extab
 *(.ARM.extab* .gnu.linkonce.armextab.*)

.ARM            0x0000000008009ec0        0x8
                0x0000000008009ec0                __exidx_start = .
 *(.ARM.exidx*)
 .ARM.exidx     0x0000000008009ec0        0x8 /usr/lib/gcc/arm-none-eabi/10.3.1/../../../arm-none-eabi/lib/thumb/v8-m.main+fp/hard/crt0.o
                                         0x10 (size before relaxing)
 .ARM.exidx     0x0000000008009ec8        0x0 /usr/lib/gcc/arm-none-eabi/10.3.1/thumb/v8-m.main+fp/hard/libgcc.a(_udivmoddi4.o)
                                          0x8 (size before relaxing)
                0x0000000008009ec8                __exidx_end = .

.rel.dyn        0x0000000008009ec8        0x0
 .rel.iplt      0x0000000008009ec8        0x0 /usr/lib/gcc/arm-none-eabi/10.3.1/thumb/v8-m.main+fp/hard/crtbegin.o

.ctors          0x0000000008009ec8        0x0
                0x0000000008009ec8                __CTOR_LIST__ = .
 *crtbegin.o(.ctors)
 *crtbegin?.o(.ctors)
 *(EXCLUDE_FILE(*crtend.o *crtend?.o) .ctors)
 *(SORT_BY_NAME(.ctors.*))
 *(.ctors)
                0x0000000008009ec8                __CTOR_END__ = .

.dtors          0x0000000008009ec8        0x0
                0x0000000008009ec8                __DTOR_LIST__ = .
 *crtbegin.o(.dtors)
 *crtbegin?.o(.dtors)
 *(EXCLUDE_FILE(*crtend.o *crtend?.o) .dtors)
 *(SORT_BY_NAME(.dtors.*))
 *(.dtors)
                0x0000000008009ec8                __DTOR_END__ = .

.preinit_array  0x0000000008009ec8        0x0
                0x0000000008009ec8                PROVIDE (__preinit_array_start = .)
 *(.preinit_array*)
                0x0000000008009ec8                PROVIDE (__preinit_array_end = .)

.init_array     0x0000000008009ec8        0x4
                0x0000000008009ec8                PROVIDE (__init_array_start = .)
 *(SORT_BY_NAME(.init_array.*))
 *(.init_array*)
 .init_array    0x0000000008009ec8        0x4 /usr/lib/gcc/arm-none-eabi/10.3.1/thumb/v8-m.main+fp/hard/crtbegin.o
                0x0000000008009ecc                PROVIDE (__init_array_end = .)

.fini_array     0x0000000008009ecc        0x4
                0x0000000008009ecc                PROVIDE (__fini_array_start = .)
 *(SORT_BY_NAME(.fini_array.*))
 *(.fini_array*)
 .fini_array    0x0000000008009ecc        0x4 /usr/lib/gcc/arm-none-eabi/10.3.1/thumb/v8-m.main+fp/hard/crtbegin.o
                0x0000000008009ed0                PROVIDE (__fini_array_end = .)
                0x0000000008009ed0                __etext = .
                0x0000000008009ed0                __DATA_ROM = .

.interrupts_ram
                0x0000000020000000        0x0
                0x0000000020000000                . = ALIGN (0x4)
                0x0000000020000000                __VECTOR_RAM__ = .
                0x0000000020000000                __interrupts_ram_start__ = .
 *(.m_interrupts_ram)
                0x0000000020000000                . = (. + M_VECTOR_RAM_SIZE)
                0x0000000020000000                . = ALIGN (0x4)
                0x0000000020000000                __interrupts_ram_end__ = .
                0x0000000008001000                __VECTOR_RAM = DEFINED (__ram_vector_table__)?__VECTOR_RAM__:ORIGIN (m_interrupts)
                0x0000000000000000                __RAM_VECTOR_TABLE_SIZE_BYTES = DEFINED (__ram_vector_table__)?(__interrupts_ram_end__ - __interrupts_ram_start__):0x0

.data           0x0000000020000000      0xc7c load address 0x0000000008009ed0
                0x0000000020000000                . = ALIGN (0x4)
                0x0000000020000000                __DATA_RAM = .
                0x0000000020000000                __data_start__ = .
 *(CodeQuickAccess)
 CodeQuickAccess
                0x0000000020000000      0x1a0 CMakeFiles/temperature_measurement.elf.dir/home/ubuntu/Downloads/newRW612/boards/frdmrw612/demo_apps/temperature_measurement/board.c.obj
                0x0000000020000000                BOARD_SetFlexspiClock
                0x0000000020000088                BOARD_DeinitFlash
                0x00000000200000e0                BOARD_InitFlash
 CodeQuickAccess
                0x00000000200001a0      0xa38 CMakeFiles/temperature_measurement.elf.dir/home/ubuntu/Downloads/newRW612/devices/RW612/drivers/fsl_power.c.obj
                0x00000000200001a0                POWER_SetSleepMode
                0x0000000020000210                POWER_EnterPowerMode
                0x000000002000028c                POWER_DisableGDetVSensors
                0x00000000200003f0                POWER_EnableGDetVSensors
 CodeQuickAccess.__stub
                0x0000000020000bd8       0x38 linker stubs
 *(DataQuickAccess)
 *(.data)
 .data          0x0000000020000c10        0x1 /usr/lib/gcc/arm-none-eabi/10.3.1/../../../arm-none-eabi/lib/thumb/v8-m.main+fp/hard/libm.a(lib_a-s_lib_ver.o)
                0x0000000020000c10                __fdlib_version
 *fill*         0x0000000020000c11        0x3 
 .data          0x0000000020000c14       0x64 /usr/lib/gcc/arm-none-eabi/10.3.1/../../../arm-none-eabi/lib/thumb/v8-m.main+fp/hard/libc_nano.a(lib_a-impure.o)
                0x0000000020000c14                _impure_ptr
 *(.data*)
 .data.SystemCoreClock
                0x0000000020000c78        0x4 CMakeFiles/temperature_measurement.elf.dir/home/ubuntu/Downloads/newRW612/devices/RW612/system_RW612.c.obj
                0x0000000020000c78                SystemCoreClock
 *(.jcr*)
                0x0000000020000c7c                . = ALIGN (0x4)
                0x0000000020000c7c                __data_end__ = .
                0x000000000800ab4c                __DATA_END = (__DATA_ROM + (__data_end__ - __data_start__))

.tm_clone_table
                0x0000000020000c7c        0x0 load address 0x000000000800ab4c
 .tm_clone_table
                0x0000000020000c7c        0x0 /usr/lib/gcc/arm-none-eabi/10.3.1/thumb/v8-m.main+fp/hard/crtbegin.o
 .tm_clone_table
                0x0000000020000c7c        0x0 /usr/lib/gcc/arm-none-eabi/10.3.1/thumb/v8-m.main+fp/hard/crtend.o

.igot.plt       0x0000000020000c7c        0x0 load address 0x000000000800ab4c
 .igot.plt      0x0000000020000c7c        0x0 /usr/lib/gcc/arm-none-eabi/10.3.1/thumb/v8-m.main+fp/hard/crtbegin.o

.ram_function   0x0000000020000c7c        0x0 load address 0x000000000800ab4c
                0x0000000020000c7c                . = ALIGN (0x4)
                0x0000000020000c7c                __ram_function_start__ = .
                0x0000000020000c7c                . = ALIGN (0x4)
                0x0000000020000c7c                __ram_function_end__ = .
                0x0000000008200000                text_end = (ORIGIN (m_text) + LENGTH (m_text))
                0x0000000000000001                ASSERT ((__DATA_END <= text_end), region m_text overflowed with text and data)
                0x0000000000009b4c                _image_size = (__DATA_END - __VECTOR_TABLE)

.bss            0x0000000020000c7c      0x260 load address 0x000000000800ab4c
                0x0000000020000c7c                . = ALIGN (0x4)
                0x0000000020000c7c                __START_BSS = .
                0x0000000020000c7c                __bss_start__ = .
 *(.bss)
 .bss           0x0000000020000c7c       0x1c /usr/lib/gcc/arm-none-eabi/10.3.1/thumb/v8-m.main+fp/hard/crtbegin.o
 .bss           0x0000000020000c98        0x8 /usr/lib/gcc/arm-none-eabi/10.3.1/../../../arm-none-eabi/lib/thumb/v8-m.main+fp/hard/libc_nano.a(lib_a-nano-mallocr.o)
                0x0000000020000c98                __malloc_free_list
                0x0000000020000c9c                __malloc_sbrk_start
 .bss           0x0000000020000ca0       0x8c /usr/lib/gcc/arm-none-eabi/10.3.1/../../../arm-none-eabi/lib/thumb/v8-m.main+fp/hard/libc_nano.a(lib_a-__atexit.o)
 .bss           0x0000000020000d2c        0x4 /usr/lib/gcc/arm-none-eabi/10.3.1/../../../arm-none-eabi/lib/thumb/v8-m.main+fp/hard/libc_nano.a(lib_a-__call_atexit.o)
                0x0000000020000d2c                _global_atexit
 .bss           0x0000000020000d30        0x4 /usr/lib/gcc/arm-none-eabi/10.3.1/../../../arm-none-eabi/lib/thumb/v8-m.main+fp/hard/libc_nano.a(lib_a-reent.o)
                0x0000000020000d30                errno
 *(.bss*)
 .bss.g_clkinFreq
                0x0000000020000d34        0x4 CMakeFiles/temperature_measurement.elf.dir/home/ubuntu/Downloads/newRW612/devices/RW612/drivers/fsl_clock.c.obj
                0x0000000020000d34                g_clkinFreq
 .bss.g_mclkinFreq
                0x0000000020000d38        0x4 CMakeFiles/temperature_measurement.elf.dir/home/ubuntu/Downloads/newRW612/devices/RW612/drivers/fsl_clock.c.obj
                0x0000000020000d38                g_mclkinFreq
 .bss.s_flexcommIrqHandler