Archive member included to satisfy reference by file (symbol)

/usr/lib/gcc/arm-none-eabi/10.3.1/../../../arm-none-eabi/lib/thumb/v8-m.main+fp/hard/libm.a(lib_a-s_modf.o)
                              CMakeFiles/i2c_read_p3t1755_temp_value_transfer.elf.dir/home/ubuntu/Desktop/comp445/sdk/devices/RW612/utilities/debug_console_lite/fsl_debug_console.c.obj (modf)
/usr/lib/gcc/arm-none-eabi/10.3.1/../../../arm-none-eabi/lib/thumb/v8-m.main+fp/hard/libm.a(lib_a-w_pow.o)
                              CMakeFiles/i2c_read_p3t1755_temp_value_transfer.elf.dir/home/ubuntu/Desktop/comp445/sdk/devices/RW612/utilities/debug_console_lite/fsl_debug_console.c.obj (pow)
/usr/lib/gcc/arm-none-eabi/10.3.1/../../../arm-none-eabi/lib/thumb/v8-m.main+fp/hard/libm.a(lib_a-e_pow.o)
                              /usr/lib/gcc/arm-none-eabi/10.3.1/../../../arm-none-eabi/lib/thumb/v8-m.main+fp/hard/libm.a(lib_a-w_pow.o) (__ieee754_pow)
/usr/lib/gcc/arm-none-eabi/10.3.1/../../../arm-none-eabi/lib/thumb/v8-m.main+fp/hard/libm.a(lib_a-e_sqrt.o)
                              /usr/lib/gcc/arm-none-eabi/10.3.1/../../../arm-none-eabi/lib/thumb/v8-m.main+fp/hard/libm.a(lib_a-e_pow.o) (__ieee754_sqrt)
/usr/lib/gcc/arm-none-eabi/10.3.1/../../../arm-none-eabi/lib/thumb/v8-m.main+fp/hard/libm.a(lib_a-s_fabs.o)
                              /usr/lib/gcc/arm-none-eabi/10.3.1/../../../arm-none-eabi/lib/thumb/v8-m.main+fp/hard/libm.a(lib_a-e_pow.o) (fabs)
/usr/lib/gcc/arm-none-eabi/10.3.1/../../../arm-none-eabi/lib/thumb/v8-m.main+fp/hard/libm.a(lib_a-s_finite.o)
                              /usr/lib/gcc/arm-none-eabi/10.3.1/../../../arm-none-eabi/lib/thumb/v8-m.main+fp/hard/libm.a(lib_a-w_pow.o) (finite)
/usr/lib/gcc/arm-none-eabi/10.3.1/../../../arm-none-eabi/lib/thumb/v8-m.main+fp/hard/libm.a(lib_a-s_lib_ver.o)
                              /usr/lib/gcc/arm-none-eabi/10.3.1/../../../arm-none-eabi/lib/thumb/v8-m.main+fp/hard/libm.a(lib_a-w_pow.o) (__fdlib_version)
/usr/lib/gcc/arm-none-eabi/10.3.1/../../../arm-none-eabi/lib/thumb/v8-m.main+fp/hard/libm.a(lib_a-s_nan.o)
                              /usr/lib/gcc/arm-none-eabi/10.3.1/../../../arm-none-eabi/lib/thumb/v8-m.main+fp/hard/libm.a(lib_a-e_pow.o) (nan)
/usr/lib/gcc/arm-none-eabi/10.3.1/../../../arm-none-eabi/lib/thumb/v8-m.main+fp/hard/libm.a(lib_a-s_rint.o)
                              /usr/lib/gcc/arm-none-eabi/10.3.1/../../../arm-none-eabi/lib/thumb/v8-m.main+fp/hard/libm.a(lib_a-w_pow.o) (rint)
/usr/lib/gcc/arm-none-eabi/10.3.1/../../../arm-none-eabi/lib/thumb/v8-m.main+fp/hard/libm.a(lib_a-s_scalbn.o)
                              /usr/lib/gcc/arm-none-eabi/10.3.1/../../../arm-none-eabi/lib/thumb/v8-m.main+fp/hard/libm.a(lib_a-e_pow.o) (scalbn)
/usr/lib/gcc/arm-none-eabi/10.3.1/../../../arm-none-eabi/lib/thumb/v8-m.main+fp/hard/libc_nano.a(lib_a-atexit.o)
                              /usr/lib/gcc/arm-none-eabi/10.3.1/../../../arm-none-eabi/lib/thumb/v8-m.main+fp/hard/crt0.o (atexit)
/usr/lib/gcc/arm-none-eabi/10.3.1/../../../arm-none-eabi/lib/thumb/v8-m.main+fp/hard/libc_nano.a(lib_a-errno.o)
                              CMakeFiles/i2c_read_p3t1755_temp_value_transfer.elf.dir/home/ubuntu/Desktop/comp445/sdk/devices/RW612/utilities/fsl_sbrk.c.obj (__errno)
/usr/lib/gcc/arm-none-eabi/10.3.1/../../../arm-none-eabi/lib/thumb/v8-m.main+fp/hard/libc_nano.a(lib_a-exit.o)
                              /usr/lib/gcc/arm-none-eabi/10.3.1/../../../arm-none-eabi/lib/thumb/v8-m.main+fp/hard/crt0.o (exit)
/usr/lib/gcc/arm-none-eabi/10.3.1/../../../arm-none-eabi/lib/thumb/v8-m.main+fp/hard/libc_nano.a(lib_a-fini.o)
                              /usr/lib/gcc/arm-none-eabi/10.3.1/../../../arm-none-eabi/lib/thumb/v8-m.main+fp/hard/crt0.o (__libc_fini_array)
/usr/lib/gcc/arm-none-eabi/10.3.1/../../../arm-none-eabi/lib/thumb/v8-m.main+fp/hard/libc_nano.a(lib_a-impure.o)
                              /usr/lib/gcc/arm-none-eabi/10.3.1/../../../arm-none-eabi/lib/thumb/v8-m.main+fp/hard/libc_nano.a(lib_a-exit.o) (_global_impure_ptr)
/usr/lib/gcc/arm-none-eabi/10.3.1/../../../arm-none-eabi/lib/thumb/v8-m.main+fp/hard/libc_nano.a(lib_a-init.o)
                              /usr/lib/gcc/arm-none-eabi/10.3.1/../../../arm-none-eabi/lib/thumb/v8-m.main+fp/hard/crt0.o (__libc_init_array)
/usr/lib/gcc/arm-none-eabi/10.3.1/../../../arm-none-eabi/lib/thumb/v8-m.main+fp/hard/libc_nano.a(lib_a-malloc.o)
                              CMakeFiles/i2c_read_p3t1755_temp_value_transfer.elf.dir/home/ubuntu/Desktop/comp445/sdk/devices/RW612/drivers/fsl_common.c.obj (malloc)
/usr/lib/gcc/arm-none-eabi/10.3.1/../../../arm-none-eabi/lib/thumb/v8-m.main+fp/hard/libc_nano.a(lib_a-memset.o)
                              /usr/lib/gcc/arm-none-eabi/10.3.1/../../../arm-none-eabi/lib/thumb/v8-m.main+fp/hard/crt0.o (memset)
/usr/lib/gcc/arm-none-eabi/10.3.1/../../../arm-none-eabi/lib/thumb/v8-m.main+fp/hard/libc_nano.a(lib_a-nano-freer.o)
[...]
Memory Configuration

Name             Origin             Length             Attributes
m_flash_config   0x0000000008000000 0x0000000000001000 xr
m_interrupts     0x0000000008001000 0x0000000000000280 xr
m_text           0x0000000008001280 0x00000000001fed80 xr
m_data           0x0000000020000000 0x0000000000130000 rw
*default*        0x0000000000000000 0xffffffffffffffff

Linker script and memory map

LOAD /usr/lib/gcc/arm-none-eabi/10.3.1/thumb/v8-m.main+fp/hard/crti.o
LOAD /usr/lib/gcc/arm-none-eabi/10.3.1/thumb/v8-m.main+fp/hard/crtbegin.o
LOAD /usr/lib/gcc/arm-none-eabi/10.3.1/../../../arm-none-eabi/lib/thumb/v8-m.main+fp/hard/crt0.o
LOAD CMakeFiles/i2c_read_p3t1755_temp_value_transfer.elf.dir/home/ubuntu/Desktop/comp445/sdk/boards/frdmrw612/driver_examples/i2c/read_p3t1755_temp_value_transfer/i2c_read_p3t1755_temp_value_transfer.c.obj
LOAD CMakeFiles/i2c_read_p3t1755_temp_value_transfer.elf.dir/home/ubuntu/Desktop/comp445/sdk/boards/frdmrw612/driver_examples/i2c/read_p3t1755_temp_value_transfer/pin_mux.c.obj
LOAD CMakeFiles/i2c_read_p3t1755_temp_value_transfer.elf.dir/home/ubuntu/Desktop/comp445/sdk/boards/frdmrw612/driver_examples/i2c/read_p3t1755_temp_value_transfer/board.c.obj
LOAD CMakeFiles/i2c_read_p3t1755_temp_value_transfer.elf.dir/home/ubuntu/Desktop/comp445/sdk/boards/frdmrw612/driver_examples/i2c/read_p3t1755_temp_value_transfer/clock_config.c.obj
LOAD CMakeFiles/i2c_read_p3t1755_temp_value_transfer.elf.dir/home/ubuntu/Desktop/comp445/sdk/components/els_pkc/src/comps/mcuxClBuffer/src/mcuxClBuffer.c.obj
LOAD CMakeFiles/i2c_read_p3t1755_temp_value_transfer.elf.dir/home/ubuntu/Desktop/comp445/sdk/components/els_pkc/src/comps/mcuxClEls/src/mcuxClEls_Common.c.obj
LOAD CMakeFiles/i2c_read_p3t1755_temp_value_transfer.elf.dir/home/ubuntu/Desktop/comp445/sdk/components/els_pkc/src/comps/mcuxClMemory/src/mcuxClMemory.c.obj
LOAD CMakeFiles/i2c_read_p3t1755_temp_value_transfer.elf.dir/home/ubuntu/Desktop/comp445/sdk/components/els_pkc/src/comps/mcuxCsslMemory/src/mcuxCsslMemory_Clear.c.obj
LOAD CMakeFiles/i2c_read_p3t1755_temp_value_transfer.elf.dir/home/ubuntu/Desktop/comp445/sdk/components/els_pkc/src/comps/mcuxCsslMemory/src/mcuxCsslMemory_Compare.c.obj
LOAD CMakeFiles/i2c_read_p3t1755_temp_value_transfer.elf.dir/home/ubuntu/Desktop/comp445/sdk/components/els_pkc/src/comps/mcuxCsslMemory/src/mcuxCsslMemory_Copy.c.obj
LOAD CMakeFiles/i2c_read_p3t1755_temp_value_transfer.elf.dir/home/ubuntu/Desktop/comp445/sdk/components/els_pkc/src/comps/mcuxCsslMemory/src/mcuxCsslMemory_Internal_SecureCompare_Stub.c.obj
LOAD CMakeFiles/i2c_read_p3t1755_temp_value_transfer.elf.dir/home/ubuntu/Desktop/comp445/sdk/components/els_pkc/src/comps/mcuxCsslMemory/src/mcuxCsslMemory_Set.c.obj
LOAD CMakeFiles/i2c_read_p3t1755_temp_value_transfer.elf.dir/home/ubuntu/Desktop/comp445/sdk/components/els_pkc/src/comps/mcuxCsslParamIntegrity/src/mcuxCsslParamIntegrity.c.obj
LOAD CMakeFiles/i2c_read_p3t1755_temp_value_transfer.elf.dir/home/ubuntu/Desktop/comp445/sdk/components/els_pkc/src/comps/mcuxClEls/src/mcuxClEls_GlitchDetector.c.obj
LOAD CMakeFiles/i2c_read_p3t1755_temp_value_transfer.elf.dir/home/ubuntu/Desktop/comp445/sdk/components/uart/fsl_adapter_usart.c.obj
LOAD CMakeFiles/i2c_read_p3t1755_temp_value_transfer.elf.dir/home/ubuntu/Desktop/comp445/sdk/devices/RW612/gcc/startup_RW612.S.obj
LOAD CMakeFiles/i2c_read_p3t1755_temp_value_transfer.elf.dir/home/ubuntu/Desktop/comp445/sdk/devices/RW612/system_RW612.c.obj
LOAD CMakeFiles/i2c_read_p3t1755_temp_value_transfer.elf.dir/home/ubuntu/Desktop/comp445/sdk/devices/RW612/drivers/fsl_cache.c.obj
LOAD CMakeFiles/i2c_read_p3t1755_temp_value_transfer.elf.dir/home/ubuntu/Desktop/comp445/sdk/devices/RW612/drivers/fsl_clock.c.obj
LOAD CMakeFiles/i2c_read_p3t1755_temp_value_transfer.elf.dir/home/ubuntu/Desktop/comp445/sdk/devices/RW612/drivers/fsl_common.c.obj
LOAD CMakeFiles/i2c_read_p3t1755_temp_value_transfer.elf.dir/home/ubuntu/Desktop/comp445/sdk/devices/RW612/drivers/fsl_common_arm.c.obj
LOAD CMakeFiles/i2c_read_p3t1755_temp_value_transfer.elf.dir/home/ubuntu/Desktop/comp445/sdk/boards/frdmrw612/flash_config/flash_config.c.obj
LOAD CMakeFiles/i2c_read_p3t1755_temp_value_transfer.elf.dir/home/ubuntu/Desktop/comp445/sdk/devices/RW612/drivers/fsl_flexcomm.c.obj
LOAD CMakeFiles/i2c_read_p3t1755_temp_value_transfer.elf.dir/home/ubuntu/Desktop/comp445/sdk/devices/RW612/drivers/fsl_i2c.c.obj
LOAD CMakeFiles/i2c_read_p3t1755_temp_value_transfer.elf.dir/home/ubuntu/Desktop/comp445/sdk/devices/RW612/drivers/fsl_usart.c.obj
LOAD CMakeFiles/i2c_read_p3t1755_temp_value_transfer.elf.dir/home/ubuntu/Desktop/comp445/sdk/devices/RW612/drivers/fsl_flexspi.c.obj
LOAD CMakeFiles/i2c_read_p3t1755_temp_value_transfer.elf.dir/home/ubuntu/Desktop/comp445/sdk/devices/RW612/drivers/fsl_inputmux.c.obj
LOAD CMakeFiles/i2c_read_p3t1755_temp_value_transfer.elf.dir/home/ubuntu/Desktop/comp445/sdk/devices/RW612/drivers/fsl_gpio.c.obj
LOAD CMakeFiles/i2c_read_p3t1755_temp_value_transfer.elf.dir/home/ubuntu/Desktop/comp445/sdk/devices/RW612/drivers/fsl_ocotp.c.obj
LOAD CMakeFiles/i2c_read_p3t1755_temp_value_transfer.elf.dir/home/ubuntu/Desktop/comp445/sdk/components/sensor/p3t1755/fsl_p3t1755.c.obj
LOAD CMakeFiles/i2c_read_p3t1755_temp_value_transfer.elf.dir/home/ubuntu/Desktop/comp445/sdk/devices/RW612/drivers/fsl_power.c.obj
LOAD CMakeFiles/i2c_read_p3t1755_temp_value_transfer.elf.dir/home/ubuntu/Desktop/comp445/sdk/devices/RW612/drivers/fsl_reset.c.obj
LOAD CMakeFiles/i2c_read_p3t1755_temp_value_transfer.elf.dir/home/ubuntu/Desktop/comp445/sdk/devices/RW612/utilities/fsl_sbrk.c.obj
LOAD CMakeFiles/i2c_read_p3t1755_temp_value_transfer.elf.dir/home/ubuntu/Desktop/comp445/sdk/devices/RW612/utilities/fsl_syscall_stub.c.obj
LOAD CMakeFiles/i2c_read_p3t1755_temp_value_transfer.elf.dir/home/ubuntu/Desktop/comp445/sdk/devices/RW612/utilities/fsl_memcpy.S.obj
LOAD CMakeFiles/i2c_read_p3t1755_temp_value_transfer.elf.dir/home/ubuntu/Desktop/comp445/sdk/devices/RW612/utilities/debug_console_lite/fsl_assert.c.obj
LOAD CMakeFiles/i2c_read_p3t1755_temp_value_transfer.elf.dir/home/ubuntu/Desktop/comp445/sdk/devices/RW612/utilities/debug_console_lite/fsl_debug_console.c.obj
LOAD CMakeFiles/i2c_read_p3t1755_temp_value_transfer.elf.dir/home/ubuntu/Desktop/comp445/sdk/devices/RW612/utilities/str/fsl_str.c.obj
START GROUP
LOAD /usr/lib/gcc/arm-none-eabi/10.3.1/../../../arm-none-eabi/lib/thumb/v8-m.main+fp/hard/libm.a
LOAD /usr/lib/gcc/arm-none-eabi/10.3.1/../../../arm-none-eabi/lib/thumb/v8-m.main+fp/hard/libc_nano.a
LOAD /usr/lib/gcc/arm-none-eabi/10.3.1/thumb/v8-m.main+fp/hard/libgcc.a
LOAD /usr/lib/gcc/arm-none-eabi/10.3.1/../../../arm-none-eabi/lib/thumb/v8-m.main+fp/hard/libnosys.a
END GROUP
START GROUP
LOAD /usr/lib/gcc/arm-none-eabi/10.3.1/thumb/v8-m.main+fp/hard/libgcc.a
LOAD /usr/lib/gcc/arm-none-eabi/10.3.1/../../../arm-none-eabi/lib/thumb/v8-m.main+fp/hard/libg_nano.a
LOAD /usr/lib/gcc/arm-none-eabi/10.3.1/../../../arm-none-eabi/lib/thumb/v8-m.main+fp/hard/libc_nano.a
END GROUP
START GROUP
LOAD /usr/lib/gcc/arm-none-eabi/10.3.1/thumb/v8-m.main+fp/hard/libgcc.a
LOAD /usr/lib/gcc/arm-none-eabi/10.3.1/../../../arm-none-eabi/lib/thumb/v8-m.main+fp/hard/libc_nano.a
LOAD /usr/lib/gcc/arm-none-eabi/10.3.1/../../../arm-none-eabi/lib/thumb/v8-m.main+fp/hard/libnosys.a
END GROUP
START GROUP
LOAD /usr/lib/gcc/arm-none-eabi/10.3.1/thumb/v8-m.main+fp/hard/libgcc.a
LOAD /usr/lib/gcc/arm-none-eabi/10.3.1/../../../arm-none-eabi/lib/thumb/v8-m.main+fp/hard/libc_nano.a
LOAD /usr/lib/gcc/arm-none-eabi/10.3.1/../../../arm-none-eabi/lib/thumb/v8-m.main+fp/hard/libnosys.a
END GROUP
LOAD /usr/lib/gcc/arm-none-eabi/10.3.1/thumb/v8-m.main+fp/hard/crtend.o
LOAD /usr/lib/gcc/arm-none-eabi/10.3.1/thumb/v8-m.main+fp/hard/crtn.o
                0x0000000000000400                HEAP_SIZE = DEFINED (__heap_size__)?__heap_size__:0x400
                0x0000000000000400                STACK_SIZE = DEFINED (__stack_size__)?__stack_size__:0x400
                0x0000000000000000                M_VECTOR_RAM_SIZE = DEFINED (__ram_vector_table__)?0x280:0x0

.flash_config   0x0000000008000000     0x1000
                0x0000000008000000                . = ALIGN (0x4)
 FILL mask 0xff
                0x0000000000000400                . = 0x400
 *fill*         0x0000000008000000      0x400 ff
                0x0000000008000400                __FLASH_BASE = .
 *(.flash_conf)
 .flash_conf    0x0000000008000400      0xc00 CMakeFiles/i2c_read_p3t1755_temp_value_transfer.elf.dir/home/ubuntu/Desktop/comp445/sdk/boards/frdmrw612/flash_config/flash_config.c.obj
                0x0000000008000400                flexspi_config
                0x0000000000001000                . = 0x1000

.interrupts     0x0000000008001000      0x280
                0x0000000008001000                . = ALIGN (0x4)
                0x0000000008001000                __VECTOR_TABLE = .
                0x0000000008001000                __Vectors = .
 *(.isr_vector)
 .isr_vector    0x0000000008001000      0x244 CMakeFiles/i2c_read_p3t1755_temp_value_transfer.elf.dir/home/ubuntu/Desktop/comp445/sdk/devices/RW612/gcc/startup_RW612.S.obj
                0x0000000008001000                __isr_vector
 FILL mask 0x00
                0x0000000000000280                . = 0x280
 *fill*         0x0000000008001244       0x3c 00

.text           0x0000000008001280     0x9b78
                0x0000000008001280                . = ALIGN (0x4)
 *(.text)
 .text          0x0000000008001280       0x8c /usr/lib/gcc/arm-none-eabi/10.3.1/thumb/v8-m.main+fp/hard/crtbegin.o
 .text          0x000000000800130c       0x70 /usr/lib/gcc/arm-none-eabi/10.3.1/../../../arm-none-eabi/lib/thumb/v8-m.main+fp/hard/crt0.o
                0x000000000800130c                _stack_init
                0x0000000008001314                _mainCRTStartup
                0x0000000008001314                _start
 .text          0x000000000800137c      0x4c8 CMakeFiles/i2c_read_p3t1755_temp_value_transfer.elf.dir/home/ubuntu/Desktop/comp445/sdk/devices/RW612/gcc/startup_RW612.S.obj
                0x000000000800137c                Reset_Handler
                0x0000000008001410                CDOG_INT_DriverIRQHandler
                0x0000000008001410                W2MWKUP_DONE1_DriverIRQHandler
                0x0000000008001410                PIN1_INT_DriverIRQHandler
                0x0000000008001410                DebugMon_Handler
                0x0000000008001410                WL_MCI_INT3_DriverIRQHandler
                0x0000000008001410                PKC_ERR_DriverIRQHandler
                0x0000000008001410                W2MWKUP_DONE4_DriverIRQHandler
                0x0000000008001410                Reserved75_DriverIRQHandler
                0x0000000008001410                B2MWKUP_DONE2_DriverIRQHandler
                0x0000000008001410                B2MWKUP0_DriverIRQHandler
                0x0000000008001410                DMA0_DriverIRQHandler
                0x0000000008001410                GAU_ACOMP_WKUP_DriverIRQHandler
                0x0000000008001410                SGPIO_INTA_DriverIRQHandler
                0x0000000008001410                BLE_MCI_INT7_DriverIRQHandler
                0x0000000008001410                BLE_MCI_INT3_DriverIRQHandler
                0x0000000008001410                BLE_MCI_INT5_DriverIRQHandler
                0x0000000008001410                B2MWKUP_DONE0_DriverIRQHandler
                0x0000000008001410                HWVAD_DriverIRQHandler
                0x0000000008001410                USIM_DriverIRQHandler
                0x0000000008001410                WKDEEPSLEEP_DriverIRQHandler
                0x0000000008001410                B2MWKUP_DONE3_DriverIRQHandler
                0x0000000008001410                Reserved73_DriverIRQHandler
                0x0000000008001410                WL_MCI_INT5_DriverIRQHandler
                0x0000000008001410                ENET_TIMER_DriverIRQHandler
                0x0000000008001410                PIN_INT3_DriverIRQHandler
                0x0000000008001410                PIN_INT2_DriverIRQHandler
                0x0000000008001410                ELS_DriverIRQHandler
                0x0000000008001410                OTP_DriverIRQHandler
                0x0000000008001410                GPIO_INTB_DriverIRQHandler
                0x0000000008001410                TRNG_DriverIRQHandler
                0x0000000008001410                ACC_C_INT_DriverIRQHandler
                0x0000000008001410                PIN_INT0_DriverIRQHandler
                0x0000000008001410                GFMRT_DriverIRQHandler
                0x0000000008001410                Reserved76_DriverIRQHandler
                0x0000000008001410                CTIMER2_DriverIRQHandler
                0x0000000008001410                Reserved69_DriverIRQHandler
                0x0000000008001410                UsageFault_Handler
                0x0000000008001410                SECUREVIOLATION_DriverIRQHandler
                0x0000000008001410                BACC_DriverIRQHandler
                0x0000000008001410                Reserved34_DriverIRQHandler
                0x0000000008001410                DefaultISR
                0x0000000008001410                Reserved138_DriverIRQHandler
                0x0000000008001410                Reserved136_DriverIRQHandler
                0x0000000008001410                Reserved67_DriverIRQHandler
                0x0000000008001410                W2MWKUP_DONE7_DriverIRQHandler
                0x0000000008001410                W2MWKUP1_DriverIRQHandler
                0x0000000008001410                PMIP_DriverIRQHandler
                0x0000000008001410                WL_MCI_INT1_DriverIRQHandler
                0x0000000008001410                B2MWKUP_DONE7_DriverIRQHandler
                0x0000000008001410                PIN_INT4_DriverIRQHandler
                0x0000000008001410                PIN_INT5_DriverIRQHandler
                0x0000000008001410                PIN0_INT_DriverIRQHandler
                0x0000000008001410                ENET_DriverIRQHandler
                0x0000000008001410                Reserved47_DriverIRQHandler
                0x0000000008001410                GAU_ADC0_DriverIRQHandler
                0x0000000008001410                CTIMER4_DriverIRQHandler
                0x0000000008001410                WL_MCI_INT0_DriverIRQHandler
                0x0000000008001410                PIN_INT7_DriverIRQHandler
                0x0000000008001410                GDMA_DriverIRQHandler
                0x0000000008001410                BLE_MCI_INT1_DriverIRQHandler
                0x0000000008001410                OS_EVENT_TIMER_DriverIRQHandler
                0x0000000008001410                Reserved38_DriverIRQHandler
                0x0000000008001410                POWERQUAD_DriverIRQHandler
                0x0000000008001410                ELS_GDET_DriverIRQHandler
                0x0000000008001410                Reserved35_DriverIRQHandler
                0x0000000008001410                CTIMER0_DriverIRQHandler
                0x0000000008001410                Reserved79_DriverIRQHandler
                0x0000000008001410                MRT_DriverIRQHandler
                0x0000000008001410                BLE_MCI_INT6_DriverIRQHandler
                0x0000000008001410                CTIMER1_DriverIRQHandler
                0x0000000008001410                SecureFault_Handler
                0x0000000008001410                PIN_INT6_DriverIRQHandler
                0x0000000008001410                W2MWKUP_DONE6_DriverIRQHandler
                0x0000000008001410                SGPIO_INTB_DriverIRQHandler
                0x0000000008001410                ACC_S_INT_DriverIRQHandler
                0x0000000008001410                PMIP_CHANGE_DriverIRQHandler
                0x0000000008001410                PIN_INT1_DriverIRQHandler
                0x0000000008001410                W2MWKUP0_DriverIRQHandler
                0x0000000008001410                CTIMER3_DriverIRQHandler
                0x0000000008001410                W2MWKUP_DONE0_DriverIRQHandler
                0x0000000008001410                Reserved74_DriverIRQHandler
                0x0000000008001410                PKC_INT_DriverIRQHandler
                0x0000000008001410                GPIO_INTA_DriverIRQHandler
                0x0000000008001410                Reserved61_DriverIRQHandler
                0x0000000008001410                WL_MCI_INT2_DriverIRQHandler
                0x0000000008001410                PUF_DriverIRQHandler
                0x0000000008001410                GAU_ACOMP_DriverIRQHandler
                0x0000000008001410                Reserved40_DriverIRQHandler
                0x0000000008001410                RTC_DriverIRQHandler
                0x0000000008001410                WACC_DriverIRQHandler
                0x0000000008001410                Reserved65_DriverIRQHandler
                0x0000000008001410                LCD_DriverIRQHandler
                0x0000000008001410                B2MWKUP1_DriverIRQHandler
                0x0000000008001410                MemManage_Handler
                0x0000000008001410                BLE_MCI_INT4_DriverIRQHandler
                0x0000000008001410                BLE_MCI_INT2_DriverIRQHandler
                0x0000000008001410                GAU_DAC_DriverIRQHandler
                0x0000000008001410                Reserved60_DriverIRQHandler
                0x0000000008001410                WL_MCI_INT4_DriverIRQHandler
                0x0000000008001410                Reserved49_DriverIRQHandler
                0x0000000008001410                DMA1_DriverIRQHandler
                0x0000000008001410                DMIC_DriverIRQHandler
                0x0000000008001410                Reserved137_DriverIRQHandler
                0x0000000008001410                B2MWKUP_DONE4_DriverIRQHandler
                0x0000000008001410                B2MWKUP_DONE1_DriverIRQHandler
                0x0000000008001410                GAU_ADC1_DriverIRQHandler
                0x0000000008001410                BLE_MCI_INT0_DriverIRQHandler
                0x0000000008001410                ELS_GDET_UM_DriverIRQHandler
                0x0000000008001410                WL_MCI_INT7_DriverIRQHandler
                0x0000000008001410                UTICK_DriverIRQHandler
                0x0000000008001410                W2MWKUP_DONE2_DriverIRQHandler
                0x0000000008001410                B2MWKUP_DONE6_DriverIRQHandler
                0x0000000008001410                WDT0_DriverIRQHandler
                0x0000000008001410                Reserved68_DriverIRQHandler
                0x0000000008001410                Reserved59_DriverIRQHandler
                0x0000000008001410                SDIO_DriverIRQHandler
                0x0000000008001410                WL_MCI_INT6_DriverIRQHandler
                0x0000000008001410                W2MWKUP_DONE3_DriverIRQHandler
                0x0000000008001410                B2MWKUP_DONE5_DriverIRQHandler
                0x0000000008001410                BusFault_Handler
                0x0000000008001410                Reserved46_DriverIRQHandler
                0x0000000008001410                Reserved37_DriverIRQHandler
                0x0000000008001410                SCT0_DriverIRQHandler
                0x0000000008001410                HYPERVISOR_DriverIRQHandler
                0x0000000008001410                ITRC_DriverIRQHandler
                0x0000000008001410                Reserved50_DriverIRQHandler
                0x0000000008001410                W2MWKUP_DONE5_DriverIRQHandler
                0x0000000008001410                USB_DriverIRQHandler
                0x0000000008001414                NMI_Handler
                0x0000000008001418                HardFault_Handler
                0x000000000800141c                SVC_Handler
                0x0000000008001420                PendSV_Handler
                0x0000000008001424                SysTick_Handler
                0x0000000008001428                WDT0_IRQHandler
                0x000000000800142c                DMA0_IRQHandler
                0x0000000008001430                GPIO_INTA_IRQHandler
                0x0000000008001434                GPIO_INTB_IRQHandler
                0x0000000008001438                PIN_INT0_IRQHandler
                0x000000000800143c                PIN_INT1_IRQHandler
                0x0000000008001440                PIN_INT2_IRQHandler
                0x0000000008001444                PIN_INT3_IRQHandler
                0x0000000008001448                UTICK_IRQHandler
                0x000000000800144c                MRT_IRQHandler
                0x0000000008001450                CTIMER0_IRQHandler
                0x0000000008001454                CTIMER1_IRQHandler
                0x0000000008001458                SCT0_IRQHandler
                0x000000000800145c                CTIMER3_IRQHandler
                0x0000000008001460                FLEXCOMM0_IRQHandler
                0x0000000008001464                FLEXCOMM1_IRQHandler
                0x0000000008001468                FLEXCOMM2_IRQHandler
                0x000000000800146c                FLEXCOMM3_IRQHandler
                0x0000000008001470                Reserved34_IRQHandler
                0x0000000008001474                Reserved35_IRQHandler
                0x0000000008001478                FLEXCOMM14_IRQHandler
                0x000000000800147c                Reserved37_IRQHandler
                0x0000000008001480                Reserved38_IRQHandler
                0x0000000008001484                GFMRT_IRQHandler
                0x0000000008001488                Reserved40_IRQHandler
                0x000000000800148c                DMIC_IRQHandler
                0x0000000008001490                WKDEEPSLEEP_IRQHandler
                0x0000000008001494                HYPERVISOR_IRQHandler
                0x0000000008001498                SECUREVIOLATION_IRQHandler
                0x000000000800149c                HWVAD_IRQHandler
                0x00000000080014a0                Reserved46_IRQHandler
                0x00000000080014a4                Reserved47_IRQHandler
                0x00000000080014a8                RTC_IRQHandler
                0x00000000080014ac                Reserved49_IRQHandler
                0x00000000080014b0                Reserved50_IRQHandler
                0x00000000080014b4                PIN_INT4_IRQHandler
                0x00000000080014b8                PIN_INT5_IRQHandler
                0x00000000080014bc                PIN_INT6_IRQHandler
                0x00000000080014c0                PIN_INT7_IRQHandler
                0x00000000080014c4                CTIMER2_IRQHandler
                0x00000000080014c8                CTIMER4_IRQHandler
                0x00000000080014cc                OS_EVENT_TIMER_IRQHandler
                0x00000000080014d0                FLEXSPI_IRQHandler
                0x00000000080014d4                Reserved59_IRQHandler
                0x00000000080014d8                Reserved60_IRQHandler
                0x00000000080014dc                Reserved61_IRQHandler
                0x00000000080014e0                SDIO_IRQHandler
                0x00000000080014e4                SGPIO_INTA_IRQHandler
                0x00000000080014e8                SGPIO_INTB_IRQHandler
                0x00000000080014ec                Reserved65_IRQHandler
                0x00000000080014f0                USB_IRQHandler
                0x00000000080014f4                Reserved67_IRQHandler
                0x00000000080014f8                Reserved68_IRQHandler
                0x00000000080014fc                Reserved69_IRQHandler
                0x0000000008001500                DMA1_IRQHandler
                0x0000000008001504                PUF_IRQHandler
                0x0000000008001508                POWERQUAD_IRQHandler
                0x000000000800150c                Reserved73_IRQHandler
                0x0000000008001510                Reserved74_IRQHandler
                0x0000000008001514                Reserved75_IRQHandler
                0x0000000008001518                Reserved76_IRQHandler
                0x000000000800151c                LCD_IRQHandler
                0x0000000008001520                CAPTIMER_IRQHandler
                0x0000000008001524                Reserved79_IRQHandler
                0x0000000008001528                W2MWKUP_DONE0_IRQHandler
                0x000000000800152c                W2MWKUP_DONE1_IRQHandler
                0x0000000008001530                W2MWKUP_DONE2_IRQHandler
                0x0000000008001534                W2MWKUP_DONE3_IRQHandler
                0x0000000008001538                W2MWKUP_DONE4_IRQHandler
                0x000000000800153c                W2MWKUP_DONE5_IRQHandler
                0x0000000008001540                W2MWKUP_DONE6_IRQHandler
                0x0000000008001544                W2MWKUP_DONE7_IRQHandler
                0x0000000008001548                W2MWKUP0_IRQHandler
                0x000000000800154c                W2MWKUP1_IRQHandler
                0x0000000008001550                WL_MCI_INT0_IRQHandler
                0x0000000008001554                WL_MCI_INT1_IRQHandler
                0x0000000008001558                WL_MCI_INT2_IRQHandler
                0x000000000800155c                WL_MCI_INT3_IRQHandler
                0x0000000008001560                WL_MCI_INT4_IRQHandler
                0x0000000008001564                WL_MCI_INT5_IRQHandler
                0x0000000008001568                WL_MCI_INT6_IRQHandler
                0x000000000800156c                WL_MCI_INT7_IRQHandler
                0x0000000008001570                B2MWKUP_DONE0_IRQHandler
                0x0000000008001574                B2MWKUP_DONE1_IRQHandler
                0x0000000008001578                B2MWKUP_DONE2_IRQHandler
                0x000000000800157c                B2MWKUP_DONE3_IRQHandler
                0x0000000008001580                B2MWKUP_DONE4_IRQHandler
                0x0000000008001584                B2MWKUP_DONE5_IRQHandler
                0x0000000008001588                B2MWKUP_DONE6_IRQHandler
                0x000000000800158c                B2MWKUP_DONE7_IRQHandler
                0x0000000008001590                B2MWKUP0_IRQHandler
                0x0000000008001594                B2MWKUP1_IRQHandler
                0x0000000008001598                BLE_MCI_INT0_IRQHandler
                0x000000000800159c                BLE_MCI_INT1_IRQHandler
                0x00000000080015a0                BLE_MCI_INT2_IRQHandler
                0x00000000080015a4                BLE_MCI_INT3_IRQHandler
                0x00000000080015a8                BLE_MCI_INT4_IRQHandler
                0x00000000080015ac                BLE_MCI_INT5_IRQHandler
                0x00000000080015b0                BLE_MCI_INT6_IRQHandler
                0x00000000080015b4                BLE_MCI_INT7_IRQHandler
                0x00000000080015b8                PIN0_INT_IRQHandler
                0x00000000080015bc                PIN1_INT_IRQHandler
                0x00000000080015c0                ELS_IRQHandler
                0x00000000080015c4                ELS_GDET_IRQHandler
                0x00000000080015c8                ELS_GDET_UM_IRQHandler
                0x00000000080015cc                PKC_INT_IRQHandler
                0x00000000080015d0                PKC_ERR_IRQHandler
                0x00000000080015d4                CDOG_INT_IRQHandler
                0x00000000080015d8                GAU_DAC_IRQHandler
                0x00000000080015dc                GAU_ACOMP_WKUP_IRQHandler
                0x00000000080015e0                GAU_ACOMP_IRQHandler
                0x00000000080015e4                GAU_ADC1_IRQHandler
                0x00000000080015e8                GAU_ADC0_IRQHandler
                0x00000000080015ec                USIM_IRQHandler
                0x00000000080015f0                OTP_IRQHandler
                0x00000000080015f4                ENET_IRQHandler
                0x00000000080015f8                ENET_TIMER_IRQHandler
                0x00000000080015fc                PMIP_IRQHandler
                0x0000000008001600                PMIP_CHANGE_IRQHandler
                0x0000000008001604                ITRC_IRQHandler
                0x0000000008001608                Reserved136_IRQHandler
                0x000000000800160c                Reserved137_IRQHandler
                0x0000000008001610                Reserved138_IRQHandler
                0x0000000008001614                TRNG_IRQHandler
                0x0000000008001618                ACC_C_INT_IRQHandler
                0x000000000800161c                ACC_S_INT_IRQHandler
                0x0000000008001620                WACC_IRQHandler
                0x0000000008001624                BACC_IRQHandler
                0x0000000008001628                GDMA_IRQHandler
 .text          0x0000000008001844       0xa0 CMakeFiles/i2c_read_p3t1755_temp_value_transfer.elf.dir/home/ubuntu/Desktop/comp445/sdk/devices/RW612/utilities/fsl_memcpy.S.obj
                0x0000000008001844                memcpy
 .text          0x00000000080018e4       0xa0 /usr/lib/gcc/arm-none-eabi/10.3.1/../../../arm-none-eabi/lib/thumb/v8-m.main+fp/hard/libm.a(lib_a-s_modf.o)
                0x00000000080018e4                modf
 *fill*         0x0000000008001984        0x4 
 .text          0x0000000008001988      0x1a4 /usr/lib/gcc/arm-none-eabi/10.3.1/../../../arm-none-eabi/lib/thumb/v8-m.main+fp/hard/libm.a(lib_a-w_pow.o)
                0x0000000008001988                pow
 *fill*         0x0000000008001b2c        0x4 
 .text          0x0000000008001b30      0xb24 /usr/lib/gcc/arm-none-eabi/10.3.1/../../../arm-none-eabi/lib/thumb/v8-m.main+fp/hard/libm.a(lib_a-e_pow.o)
                0x0000000008001b30                __ieee754_pow
 .text          0x0000000008002654      0x184 /usr/lib/gcc/arm-none-eabi/10.3.1/../../../arm-none-eabi/lib/thumb/v8-m.main+fp/hard/libm.a(lib_a-e_sqrt.o)
                0x0000000008002654                __ieee754_sqrt
 .text          0x00000000080027d8       0x14 /usr/lib/gcc/arm-none-eabi/10.3.1/../../../arm-none-eabi/lib/thumb/v8-m.main+fp/hard/libm.a(lib_a-s_fabs.o)
                0x00000000080027d8                fabs
 .text          0x00000000080027ec       0x1c /usr/lib/gcc/arm-none-eabi/10.3.1/../../../arm-none-eabi/lib/thumb/v8-m.main+fp/hard/libm.a(lib_a-s_finite.o)
                0x00000000080027ec                finite
 .text          0x0000000008002808       0x10 /usr/lib/gcc/arm-none-eabi/10.3.1/../../../arm-none-eabi/lib/thumb/v8-m.main+fp/hard/libm.a(lib_a-s_nan.o)
                0x0000000008002808                nan
 .text          0x0000000008002818      0x138 /usr/lib/gcc/arm-none-eabi/10.3.1/../../../arm-none-eabi/lib/thumb/v8-m.main+fp/hard/libm.a(lib_a-s_rint.o)
                0x0000000008002818                rint
 .text          0x0000000008002950      0x128 /usr/lib/gcc/arm-none-eabi/10.3.1/../../../arm-none-eabi/lib/thumb/v8-m.main+fp/hard/libm.a(lib_a-s_scalbn.o)
                0x0000000008002950                scalbn
 .text          0x0000000008002a78        0xc /usr/lib/gcc/arm-none-eabi/10.3.1/../../../arm-none-eabi/lib/thumb/v8-m.main+fp/hard/libc_nano.a(lib_a-atexit.o)
                0x0000000008002a78                atexit
 .text          0x0000000008002a84        0xc /usr/lib/gcc/arm-none-eabi/10.3.1/../../../arm-none-eabi/lib/thumb/v8-m.main+fp/hard/libc_nano.a(lib_a-errno.o)
                0x0000000008002a84                __errno
 .text          0x0000000008002a90       0x28 /usr/lib/gcc/arm-none-eabi/10.3.1/../../../arm-none-eabi/lib/thumb/v8-m.main+fp/hard/libc_nano.a(lib_a-exit.o)
                0x0000000008002a90                exit
 .text          0x0000000008002ab8       0x2c /usr/lib/gcc/arm-none-eabi/10.3.1/../../../arm-none-eabi/lib/thumb/v8-m.main+fp/hard/libc_nano.a(lib_a-fini.o)
                0x0000000008002ab8                __libc_fini_array
 .text          0x0000000008002ae4       0x48 /usr/lib/gcc/arm-none-eabi/10.3.1/../../../arm-none-eabi/lib/thumb/v8-m.main+fp/hard/libc_nano.a(lib_a-init.o)
                0x0000000008002ae4                __libc_init_array
 .text          0x0000000008002b2c       0x20 /usr/lib/gcc/arm-none-eabi/10.3.1/../../../arm-none-eabi/lib/thumb/v8-m.main+fp/hard/libc_nano.a(lib_a-malloc.o)
                0x0000000008002b2c                malloc
                0x0000000008002b3c                free
 .text          0x0000000008002b4c       0xa4 /usr/lib/gcc/arm-none-eabi/10.3.1/../../../arm-none-eabi/lib/thumb/v8-m.main+fp/hard/libc_nano.a(lib_a-memset.o)
                0x0000000008002b4c                memset
 .text          0x0000000008002bf0       0xac /usr/lib/gcc/arm-none-eabi/10.3.1/../../../arm-none-eabi/lib/thumb/v8-m.main+fp/hard/libc_nano.a(lib_a-nano-freer.o)
                0x0000000008002bf0                _free_r
 .text          0x0000000008002c9c       0xb4 /usr/lib/gcc/arm-none-eabi/10.3.1/../../../arm-none-eabi/lib/thumb/v8-m.main+fp/hard/libc_nano.a(lib_a-nano-mallocr.o)
                0x0000000008002c9c                _malloc_r
 .text          0x0000000008002d50       0x24 /usr/lib/gcc/arm-none-eabi/10.3.1/../../../arm-none-eabi/lib/thumb/v8-m.main+fp/hard/libc_nano.a(lib_a-sbrkr.o)
                0x0000000008002d50                _sbrk_r
 .text          0x0000000008002d74       0x5c /usr/lib/gcc/arm-none-eabi/10.3.1/../../../arm-none-eabi/lib/thumb/v8-m.main+fp/hard/libc_nano.a(lib_a-strlen-stub.o)
                0x0000000008002d74                strlen
 .text          0x0000000008002dd0       0xac /usr/lib/gcc/arm-none-eabi/10.3.1/../../../arm-none-eabi/lib/thumb/v8-m.main+fp/hard/libc_nano.a(lib_a-__atexit.o)
                0x0000000008002dd0                __register_exitproc
 .text          0x0000000008002e7c       0xc4 /usr/lib/gcc/arm-none-eabi/10.3.1/../../../arm-none-eabi/lib/thumb/v8-m.main+fp/hard/libc_nano.a(lib_a-__call_atexit.o)
                0x0000000008002e7c                __call_exitprocs
 .text          0x0000000008002f40        0x8 /usr/lib/gcc/arm-none-eabi/10.3.1/../../../arm-none-eabi/lib/thumb/v8-m.main+fp/hard/libc_nano.a(lib_a-mlock.o)
                0x0000000008002f40                __malloc_lock
                0x0000000008002f44                __malloc_unlock
 .text          0x0000000008002f48      0x378 /usr/lib/gcc/arm-none-eabi/10.3.1/thumb/v8-m.main+fp/hard/libgcc.a(_arm_addsubdf3.o)
                0x0000000008002f48                __aeabi_drsub
                0x0000000008002f50                __aeabi_dsub
                0x0000000008002f50                __subdf3
                0x0000000008002f54                __adddf3
                0x0000000008002f54                __aeabi_dadd
                0x00000000080031cc                __aeabi_ui2d
                0x00000000080031cc                __floatunsidf
                0x00000000080031ec                __floatsidf
                0x00000000080031ec                __aeabi_i2d
                0x0000000008003210                __extendsfdf2
                0x0000000008003210                __aeabi_f2d
                0x0000000008003254                __aeabi_ul2d
                0x0000000008003254                __floatundidf
                0x0000000008003264                __floatdidf
                0x0000000008003264                __aeabi_l2d
 .text          0x00000000080032c0      0x424 /usr/lib/gcc/arm-none-eabi/10.3.1/thumb/v8-m.main+fp/hard/libgcc.a(_arm_muldivdf3.o)
                0x00000000080032c0                __aeabi_dmul
                0x00000000080032c0                __muldf3
                0x0000000008003514                __aeabi_ddiv
                0x0000000008003514                __divdf3
 .text          0x00000000080036e4      0x110 /usr/lib/gcc/arm-none-eabi/10.3.1/thumb/v8-m.main+fp/hard/libgcc.a(_arm_cmpdf2.o)
                0x00000000080036e4                __gtdf2
                0x00000000080036e4                __gedf2
                0x00000000080036ec                __ltdf2
                0x00000000080036ec                __ledf2
                0x00000000080036f4                __cmpdf2
                0x00000000080036f4                __eqdf2
                0x00000000080036f4                __nedf2
                0x0000000008003770                __aeabi_cdrcmple
                0x0000000008003780                __aeabi_cdcmple
                0x0000000008003780                __aeabi_cdcmpeq
                0x0000000008003790                __aeabi_dcmpeq
                0x00000000080037a4                __aeabi_dcmplt
                0x00000000080037b8                __aeabi_dcmple
                0x00000000080037cc                __aeabi_dcmpge
                0x00000000080037e0                __aeabi_dcmpgt
 .text          0x00000000080037f4       0x2c /usr/lib/gcc/arm-none-eabi/10.3.1/thumb/v8-m.main+fp/hard/libgcc.a(_arm_unorddf2.o)
                0x00000000080037f4                __aeabi_dcmpun
                0x00000000080037f4                __unorddf2
 .text          0x0000000008003820       0x50 /usr/lib/gcc/arm-none-eabi/10.3.1/thumb/v8-m.main+fp/hard/libgcc.a(_arm_fixdfsi.o)
                0x0000000008003820                __fixdfsi
                0x0000000008003820                __aeabi_d2iz
 .text          0x0000000008003870       0xa0 /usr/lib/gcc/arm-none-eabi/10.3.1/thumb/v8-m.main+fp/hard/libgcc.a(_aeabi_ldivmod.o)
                0x0000000008003870                __aeabi_ldivmod
 .text          0x0000000008003910       0x30 /usr/lib/gcc/arm-none-eabi/10.3.1/thumb/v8-m.main+fp/hard/libgcc.a(_aeabi_uldivmod.o)
                0x0000000008003910                __aeabi_uldivmod
 .text          0x0000000008003940       0x30 /usr/lib/gcc/arm-none-eabi/10.3.1/thumb/v8-m.main+fp/hard/libgcc.a(_fixdfdi.o)
                0x0000000008003940                __aeabi_d2lz
                0x0000000008003940                __fixdfdi
 .text          0x0000000008003970       0x3c /usr/lib/gcc/arm-none-eabi/10.3.1/thumb/v8-m.main+fp/hard/libgcc.a(_fixunsdfdi.o)
                0x0000000008003970                __aeabi_d2ulz
                0x0000000008003970                __fixunsdfdi
 .text          0x00000000080039ac      0x2ec /usr/lib/gcc/arm-none-eabi/10.3.1/thumb/v8-m.main+fp/hard/libgcc.a(_udivmoddi4.o)
                0x00000000080039ac                __udivmoddi4
 .text          0x0000000008003c98        0x4 /usr/lib/gcc/arm-none-eabi/10.3.1/thumb/v8-m.main+fp/hard/libgcc.a(_dvmd_tls.o)
                0x0000000008003c98                __aeabi_ldiv0
                0x0000000008003c98                __aeabi_idiv0
 .text          0x0000000008003c9c       0x40 /usr/lib/gcc/arm-none-eabi/10.3.1/thumb/v8-m.main+fp/hard/libgcc.a(_arm_fixunsdfsi.o)
                0x0000000008003c9c                __fixunsdfsi
                0x0000000008003c9c                __aeabi_d2uiz
 .text          0x0000000008003cdc        0x4 /usr/lib/gcc/arm-none-eabi/10.3.1/../../../arm-none-eabi/lib/thumb/v8-m.main+fp/hard/libnosys.a(_exit.o)
                0x0000000008003cdc                _exit
 *(.text*)
 .text.i2c_master_callback
                0x0000000008003ce0       0x2c CMakeFiles/i2c_read_p3t1755_temp_value_transfer.elf.dir/home/ubuntu/Desktop/comp445/sdk/boards/frdmrw612/driver_examples/i2c/read_p3t1755_temp_value_transfer/i2c_read_p3t1755_temp_value_transfer.c.obj
 .text.main     0x0000000008003d0c       0xf0 CMakeFiles/i2c_read_p3t1755_temp_value_transfer.elf.dir/home/ubuntu/Desktop/comp445/sdk/boards/frdmrw612/driver_examples/i2c/read_p3t1755_temp_value_transfer/i2c_read_p3t1755_temp_value_transfer.c.obj
                0x0000000008003d0c                main
 .text.I2C_WriteSensor
                0x0000000008003dfc       0x8c CMakeFiles/i2c_read_p3t1755_temp_value_transfer.elf.dir/home/ubuntu/Desktop/comp445/sdk/boards/frdmrw612/driver_examples/i2c/read_p3t1755_temp_value_transfer/i2c_read_p3t1755_temp_value_transfer.c.obj
                0x0000000008003dfc                I2C_WriteSensor
 .text.I2C_ReadSensor
                0x0000000008003e88       0x8c CMakeFiles/i2c_read_p3t1755_temp_value_transfer.elf.dir/home/ubuntu/Desktop/comp445/sdk/boards/frdmrw612/driver_examples/i2c/read_p3t1755_temp_value_transfer/i2c_read_p3t1755_temp_value_transfer.c.obj
                0x0000000008003e88                I2C_ReadSensor
 .text.IO_MUX_SetPinMux
                0x0000000008003f14      0x29c CMakeFiles/i2c_read_p3t1755_temp_value_transfer.elf.dir/home/ubuntu/Desktop/comp445/sdk/boards/frdmrw612/driver_examples/i2c/read_p3t1755_temp_value_transfer/pin_mux.c.obj
 .text.BOARD_InitBootPins
                0x00000000080041b0        0xc CMakeFiles/i2c_read_p3t1755_temp_value_transfer.elf.dir/home/ubuntu/Desktop/comp445/sdk/boards/frdmrw612/driver_examples/i2c/read_p3t1755_temp_value_transfer/pin_mux.c.obj
                0x00000000080041b0                BOARD_InitBootPins
 .text.BOARD_InitPins
                0x00000000080041bc       0x6c CMakeFiles/i2c_read_p3t1755_temp_value_transfer.elf.dir/home/ubuntu/Desktop/comp445/sdk/boards/frdmrw612/driver_examples/i2c/read_p3t1755_temp_value_transfer/pin_mux.c.obj
                0x00000000080041bc                BOARD_InitPins
 .text.BOARD_InitDebugConsole
                0x0000000008004228       0x44 CMakeFiles/i2c_read_p3t1755_temp_value_transfer.elf.dir/home/ubuntu/Desktop/comp445/sdk/boards/frdmrw612/driver_examples/i2c/read_p3t1755_temp_value_transfer/board.c.obj
                0x0000000008004228                BOARD_InitDebugConsole
 .text.LoadGdetCfg
                0x000000000800426c       0xcc CMakeFiles/i2c_read_p3t1755_temp_value_transfer.elf.dir/home/ubuntu/Desktop/comp445/sdk/boards/frdmrw612/driver_examples/i2c/read_p3t1755_temp_value_transfer/board.c.obj
 .text.ConfigSvcSensor
                0x0000000008004338      0x178 CMakeFiles/i2c_read_p3t1755_temp_value_transfer.elf.dir/home/ubuntu/Desktop/comp445/sdk/boards/frdmrw612/driver_examples/i2c/read_p3t1755_temp_value_transfer/board.c.obj
 .text.BOARD_ClockPreConfig
                0x00000000080044b0       0x6c CMakeFiles/i2c_read_p3t1755_temp_value_transfer.elf.dir/home/ubuntu/Desktop/comp445/sdk/boards/frdmrw612/driver_examples/i2c/read_p3t1755_temp_value_transfer/board.c.obj
                0x00000000080044b0                BOARD_ClockPreConfig
 .text.BOARD_ClockPostConfig
                0x000000000800451c       0x3c CMakeFiles/i2c_read_p3t1755_temp_value_transfer.elf.dir/home/ubuntu/Desktop/comp445/sdk/boards/frdmrw612/driver_examples/i2c/read_p3t1755_temp_value_transfer/board.c.obj
                0x000000000800451c                BOARD_ClockPostConfig
 .text.BOARD_InitBootClocks
                0x0000000008004558        0xc CMakeFiles/i2c_read_p3t1755_temp_value_transfer.elf.dir/home/ubuntu/Desktop/comp445/sdk/boards/frdmrw612/driver_examples/i2c/read_p3t1755_temp_value_transfer/clock_config.c.obj
                0x0000000008004558                BOARD_InitBootClocks
 .text.BOARD_BootClockRUN
                0x0000000008004564      0x108 CMakeFiles/i2c_read_p3t1755_temp_value_transfer.elf.dir/home/ubuntu/Desktop/comp445/sdk/boards/frdmrw612/driver_examples/i2c/read_p3t1755_temp_value_transfer/clock_config.c.obj
                0x0000000008004564                BOARD_BootClockRUN
 .text.mcuxClEls_getSfrField
                0x000000000800466c       0x24 CMakeFiles/i2c_read_p3t1755_temp_value_transfer.elf.dir/home/ubuntu/Desktop/comp445/sdk/components/els_pkc/src/comps/mcuxClEls/src/mcuxClEls_Common.c.obj
 .text.mcuxClEls_isBusy
                0x0000000008004690       0x24 CMakeFiles/i2c_read_p3t1755_temp_value_transfer.elf.dir/home/ubuntu/Desktop/comp445/sdk/components/els_pkc/src/comps/mcuxClEls/src/mcuxClEls_Common.c.obj
 .text.mcuxClEls_GetErrorCode
                0x00000000080046b4      0x1a8 CMakeFiles/i2c_read_p3t1755_temp_value_transfer.elf.dir/home/ubuntu/Desktop/comp445/sdk/components/els_pkc/src/comps/mcuxClEls/src/mcuxClEls_Common.c.obj
                0x00000000080046b4                mcuxClEls_GetErrorCode
 .text.mcuxClEls_WaitForOperation
                0x000000000800485c       0x80 CMakeFiles/i2c_read_p3t1755_temp_value_transfer.elf.dir/home/ubuntu/Desktop/comp445/sdk/components/els_pkc/src/comps/mcuxClEls/src/mcuxClEls_Common.c.obj
                0x000000000800485c                mcuxClEls_WaitForOperation
 .text.mcuxClEls_ResetErrorFlags
                0x00000000080048dc       0x74 CMakeFiles/i2c_read_p3t1755_temp_value_transfer.elf.dir/home/ubuntu/Desktop/comp445/sdk/components/els_pkc/src/comps/mcuxClEls/src/mcuxClEls_Common.c.obj
                0x00000000080048dc                mcuxClEls_ResetErrorFlags
 .text.mcuxClEls_setInput0_fixedSize
                0x0000000008004950       0x20 CMakeFiles/i2c_read_p3t1755_temp_value_transfer.elf.dir/home/ubuntu/Desktop/comp445/sdk/components/els_pkc/src/comps/mcuxClEls/src/mcuxClEls_GlitchDetector.c.obj
 .text.mcuxClEls_startCommand
                0x0000000008004970       0x40 CMakeFiles/i2c_read_p3t1755_temp_value_transfer.elf.dir/home/ubuntu/Desktop/comp445/sdk/components/els_pkc/src/comps/mcuxClEls/src/mcuxClEls_GlitchDetector.c.obj
 .text.mcuxClEls_isBusy
                0x00000000080049b0       0x24 CMakeFiles/i2c_read_p3t1755_temp_value_transfer.elf.dir/home/ubuntu/Desktop/comp445/sdk/components/els_pkc/src/comps/mcuxClEls/src/mcuxClEls_GlitchDetector.c.obj
 .text.mcuxClEls_GlitchDetector_LoadConfig_Async
                0x00000000080049d4       0x98 CMakeFiles/i2c_read_p3t1755_temp_value_transfer.elf.dir/home/ubuntu/Desktop/comp445/sdk/components/els_pkc/src/comps/mcuxClEls/src/mcuxClEls_GlitchDetector.c.obj
                0x00000000080049d4                mcuxClEls_GlitchDetector_LoadConfig_Async
 .text.HAL_UartGetStatus
                0x0000000008004a6c       0x22 CMakeFiles/i2c_read_p3t1755_temp_value_transfer.elf.dir/home/ubuntu/Desktop/comp445/sdk/components/uart/fsl_adapter_usart.c.obj
 *fill*         0x0000000008004a8e        0x2 
 .text.HAL_UartInitCommon
                0x0000000008004a90      0x138 CMakeFiles/i2c_read_p3t1755_temp_value_transfer.elf.dir/home/ubuntu/Desktop/comp445/sdk/components/uart/fsl_adapter_usart.c.obj
 .text.HAL_UartInit
                0x0000000008004bc8       0x36 CMakeFiles/i2c_read_p3t1755_temp_value_transfer.elf.dir/home/ubuntu/Desktop/comp445/sdk/components/uart/fsl_adapter_usart.c.obj
                0x0000000008004bc8                HAL_UartInit
 *fill*         0x0000000008004bfe        0x2 
 .text.HAL_UartReceiveBlocking
                0x0000000008004c00       0x8c CMakeFiles/i2c_read_p3t1755_temp_value_transfer.elf.dir/home/ubuntu/Desktop/comp445/sdk/components/uart/fsl_adapter_usart.c.obj
                0x0000000008004c00                HAL_UartReceiveBlocking
 .text.HAL_UartSendBlocking
                0x0000000008004c8c       0x84 CMakeFiles/i2c_read_p3t1755_temp_value_transfer.elf.dir/home/ubuntu/Desktop/comp445/sdk/components/uart/fsl_adapter_usart.c.obj
                0x0000000008004c8c                HAL_UartSendBlocking
 .text.SystemInit
                0x0000000008004d10       0xc4 CMakeFiles/i2c_read_p3t1755_temp_value_transfer.elf.dir/home/ubuntu/Desktop/comp445/sdk/devices/RW612/system_RW612.c.obj
                0x0000000008004d10                SystemInit
 .text.getT3PllMciIrcClkFreq
                0x0000000008004dd4       0x50 CMakeFiles/i2c_read_p3t1755_temp_value_transfer.elf.dir/home/ubuntu/Desktop/comp445/sdk/devices/RW612/system_RW612.c.obj
 .text.getTcpuFvcoFreq
                0x0000000008004e24       0x9c CMakeFiles/i2c_read_p3t1755_temp_value_transfer.elf.dir/home/ubuntu/Desktop/comp445/sdk/devices/RW612/system_RW612.c.obj
 .text.getT3PllMci256mClkFreq
                0x0000000008004ec0       0x1c CMakeFiles/i2c_read_p3t1755_temp_value_transfer.elf.dir/home/ubuntu/Desktop/comp445/sdk/devices/RW612/system_RW612.c.obj
 .text.getTcpuMciClkFreq
                0x0000000008004edc       0x24 CMakeFiles/i2c_read_p3t1755_temp_value_transfer.elf.dir/home/ubuntu/Desktop/comp445/sdk/devices/RW612/system_RW612.c.obj
 .text.getSysOscFreq
                0x0000000008004f00       0x48 CMakeFiles/i2c_read_p3t1755_temp_value_transfer.elf.dir/home/ubuntu/Desktop/comp445/sdk/devices/RW612/system_RW612.c.obj
 .text.getFFroFreq
                0x0000000008004f48        0xe CMakeFiles/i2c_read_p3t1755_temp_value_transfer.elf.dir/home/ubuntu/Desktop/comp445/sdk/devices/RW612/system_RW612.c.obj
 *fill*         0x0000000008004f56        0x2 
 .text.getLpOscFreq
                0x0000000008004f58       0x30 CMakeFiles/i2c_read_p3t1755_temp_value_transfer.elf.dir/home/ubuntu/Desktop/comp445/sdk/devices/RW612/system_RW612.c.obj
 .text.getSFroFreq
                0x0000000008004f88       0x10 CMakeFiles/i2c_read_p3t1755_temp_value_transfer.elf.dir/home/ubuntu/Desktop/comp445/sdk/devices/RW612/system_RW612.c.obj
 .text.getMainPllClkFreq
                0x0000000008004f98       0x20 CMakeFiles/i2c_read_p3t1755_temp_value_transfer.elf.dir/home/ubuntu/Desktop/comp445/sdk/devices/RW612/system_RW612.c.obj
 .text.SystemCoreClockUpdate
                0x0000000008004fb8       0xc4 CMakeFiles/i2c_read_p3t1755_temp_value_transfer.elf.dir/home/ubuntu/Desktop/comp445/sdk/devices/RW612/system_RW612.c.obj
                0x0000000008004fb8                SystemCoreClockUpdate
 .text.SystemInitHook
                0x000000000800507c        0xe CMakeFiles/i2c_read_p3t1755_temp_value_transfer.elf.dir/home/ubuntu/Desktop/comp445/sdk/devices/RW612/system_RW612.c.obj
                0x000000000800507c                SystemInitHook
 *fill*         0x000000000800508a        0x2 
 .text.CLOCK_GetSysOscFreq
                0x000000000800508c       0x54 CMakeFiles/i2c_read_p3t1755_temp_value_transfer.elf.dir/home/ubuntu/Desktop/comp445/sdk/devices/RW612/drivers/fsl_clock.c.obj
 .text.CLOCK_GetMclkInClkFreq
                0x00000000080050e0       0x18 CMakeFiles/i2c_read_p3t1755_temp_value_transfer.elf.dir/home/ubuntu/Desktop/comp445/sdk/devices/RW612/drivers/fsl_clock.c.obj
 .text.CLOCK_GetLpOscFreq
                0x00000000080050f8       0x30 CMakeFiles/i2c_read_p3t1755_temp_value_transfer.elf.dir/home/ubuntu/Desktop/comp445/sdk/devices/RW612/drivers/fsl_clock.c.obj
 .text.CLOCK_GetClk32KFreq
                0x0000000008005128       0x12 CMakeFiles/i2c_read_p3t1755_temp_value_transfer.elf.dir/home/ubuntu/Desktop/comp445/sdk/devices/RW612/drivers/fsl_clock.c.obj
 .text.CLOCK_Delay
                0x000000000800513a       0x22 CMakeFiles/i2c_read_p3t1755_temp_value_transfer.elf.dir/home/ubuntu/Desktop/comp445/sdk/devices/RW612/drivers/fsl_clock.c.obj
 .text.CLOCK_DelayUs
                0x000000000800515c       0x4c CMakeFiles/i2c_read_p3t1755_temp_value_transfer.elf.dir/home/ubuntu/Desktop/comp445/sdk/devices/RW612/drivers/fsl_clock.c.obj
 .text.CLOCK_GetT3PllMciIrcClkFreq
                0x00000000080051a8       0x64 CMakeFiles/i2c_read_p3t1755_temp_value_transfer.elf.dir/home/ubuntu/Desktop/comp445/sdk/devices/RW612/drivers/fsl_clock.c.obj
                0x00000000080051a8                CLOCK_GetT3PllMciIrcClkFreq
 .text.CLOCK_GetT3PllMci256mClkFreq
                0x000000000800520c       0x1c CMakeFiles/i2c_read_p3t1755_temp_value_transfer.elf.dir/home/ubuntu/Desktop/comp445/sdk/devices/RW612/drivers/fsl_clock.c.obj
                0x000000000800520c                CLOCK_GetT3PllMci256mClkFreq
 .text.CLOCK_GetTcpuFvcoFreq
                0x0000000008005228       0xb0 CMakeFiles/i2c_read_p3t1755_temp_value_transfer.elf.dir/home/ubuntu/Desktop/comp445/sdk/devices/RW612/drivers/fsl_clock.c.obj
 .text.CLOCK_GetTcpuMciClkFreq
                0x00000000080052d8       0x24 CMakeFiles/i2c_read_p3t1755_temp_value_transfer.elf.dir/home/ubuntu/Desktop/comp445/sdk/devices/RW612/drivers/fsl_clock.c.obj
                0x00000000080052d8                CLOCK_GetTcpuMciClkFreq
 .text.CLOCK_EnableClock
                0x00000000080052fc      0x128 CMakeFiles/i2c_read_p3t1755_temp_value_transfer.elf.dir/home/ubuntu/Desktop/comp445/sdk/devices/RW612/drivers/fsl_clock.c.obj
                0x00000000080052fc                CLOCK_EnableClock
 .text.CLOCK_DisableClock
                0x0000000008005424      0x114 CMakeFiles/i2c_read_p3t1755_temp_value_transfer.elf.dir/home/ubuntu/Desktop/comp445/sdk/devices/RW612/drivers/fsl_clock.c.obj
                0x0000000008005424                CLOCK_DisableClock
 .text.CLOCK_AttachClk
                0x0000000008005538       0xf4 CMakeFiles/i2c_read_p3t1755_temp_value_transfer.elf.dir/home/ubuntu/Desktop/comp445/sdk/devices/RW612/drivers/fsl_clock.c.obj
                0x0000000008005538                CLOCK_AttachClk
 .text.CLOCK_SetClkDiv
                0x000000000800562c       0x78 CMakeFiles/i2c_read_p3t1755_temp_value_transfer.elf.dir/home/ubuntu/Desktop/comp445/sdk/devices/RW612/drivers/fsl_clock.c.obj
                0x000000000800562c                CLOCK_SetClkDiv
 .text.CLOCK_GetFFroFreq
                0x00000000080056a4        0xe CMakeFiles/i2c_read_p3t1755_temp_value_transfer.elf.dir/home/ubuntu/Desktop/comp445/sdk/devices/RW612/drivers/fsl_clock.c.obj
                0x00000000080056a4                CLOCK_GetFFroFreq
 .text.CLOCK_GetSFroFreq
                0x00000000080056b2       0x10 CMakeFiles/i2c_read_p3t1755_temp_value_transfer.elf.dir/home/ubuntu/Desktop/comp445/sdk/devices/RW612/drivers/fsl_clock.c.obj
                0x00000000080056b2                CLOCK_GetSFroFreq
 *fill*         0x00000000080056c2        0x2 
 .text.CLOCK_GetAvPllCh1Freq
                0x00000000080056c4       0x5c CMakeFiles/i2c_read_p3t1755_temp_value_transfer.elf.dir/home/ubuntu/Desktop/comp445/sdk/devices/RW612/drivers/fsl_clock.c.obj
                0x00000000080056c4                CLOCK_GetAvPllCh1Freq
 .text.CLOCK_GetMainPllClkFreq
                0x0000000008005720       0x20 CMakeFiles/i2c_read_p3t1755_temp_value_transfer.elf.dir/home/ubuntu/Desktop/comp445/sdk/devices/RW612/drivers/fsl_clock.c.obj
 .text.CLOCK_GetAudioPllClkFreq
                0x0000000008005740       0x20 CMakeFiles/i2c_read_p3t1755_temp_value_transfer.elf.dir/home/ubuntu/Desktop/comp445/sdk/devices/RW612/drivers/fsl_clock.c.obj
 .text.CLOCK_GetMainClkFreq
                0x0000000008005760       0xac CMakeFiles/i2c_read_p3t1755_temp_value_transfer.elf.dir/home/ubuntu/Desktop/comp445/sdk/devices/RW612/drivers/fsl_clock.c.obj
                0x0000000008005760                CLOCK_GetMainClkFreq
 .text.CLOCK_GetCoreSysClkFreq
                0x000000000800580c       0x20 CMakeFiles/i2c_read_p3t1755_temp_value_transfer.elf.dir/home/ubuntu/Desktop/comp445/sdk/devices/RW612/drivers/fsl_clock.c.obj
                0x000000000800580c                CLOCK_GetCoreSysClkFreq
 .text.CLOCK_GetFRGClock
                0x000000000800582c      0x158 CMakeFiles/i2c_read_p3t1755_temp_value_transfer.elf.dir/home/ubuntu/Desktop/comp445/sdk/devices/RW612/drivers/fsl_clock.c.obj
                0x000000000800582c                CLOCK_GetFRGClock
 .text.CLOCK_SetFRGClock
                0x0000000008005984       0xc4 CMakeFiles/i2c_read_p3t1755_temp_value_transfer.elf.dir/home/ubuntu/Desktop/comp445/sdk/devices/RW612/drivers/fsl_clock.c.obj
                0x0000000008005984                CLOCK_SetFRGClock
 .text.CLOCK_GetFlexCommClkFreq
                0x0000000008005a48       0xb4 CMakeFiles/i2c_read_p3t1755_temp_value_transfer.elf.dir/home/ubuntu/Desktop/comp445/sdk/devices/RW612/drivers/fsl_clock.c.obj
                0x0000000008005a48                CLOCK_GetFlexCommClkFreq
 .text.CLOCK_CfgTcpuRefClk
                0x0000000008005afc      0x124 CMakeFiles/i2c_read_p3t1755_temp_value_transfer.elf.dir/home/ubuntu/Desktop/comp445/sdk/devices/RW612/drivers/fsl_clock.c.obj
 .text.CLOCK_InitTcpuRefClk
                0x0000000008005c20       0x64 CMakeFiles/i2c_read_p3t1755_temp_value_transfer.elf.dir/home/ubuntu/Desktop/comp445/sdk/devices/RW612/drivers/fsl_clock.c.obj
                0x0000000008005c20                CLOCK_InitTcpuRefClk
 .text.CLOCK_DeinitTcpuRefClk
                0x0000000008005c84       0x40 CMakeFiles/i2c_read_p3t1755_temp_value_transfer.elf.dir/home/ubuntu/Desktop/comp445/sdk/devices/RW612/drivers/fsl_clock.c.obj
                0x0000000008005c84                CLOCK_DeinitTcpuRefClk
 .text.CLOCK_InitTddrRefClk
                0x0000000008005cc4       0x70 CMakeFiles/i2c_read_p3t1755_temp_value_transfer.elf.dir/home/ubuntu/Desktop/comp445/sdk/devices/RW612/drivers/fsl_clock.c.obj
                0x0000000008005cc4                CLOCK_InitTddrRefClk
 .text.CLOCK_DeinitTddrRefClk
                0x0000000008005d34       0x40 CMakeFiles/i2c_read_p3t1755_temp_value_transfer.elf.dir/home/ubuntu/Desktop/comp445/sdk/devices/RW612/drivers/fsl_clock.c.obj
                0x0000000008005d34                CLOCK_DeinitTddrRefClk
 .text.CLOCK_InitT3RefClk
                0x0000000008005d74       0x68 CMakeFiles/i2c_read_p3t1755_temp_value_transfer.elf.dir/home/ubuntu/Desktop/comp445/sdk/devices/RW612/drivers/fsl_clock.c.obj
                0x0000000008005d74                CLOCK_InitT3RefClk
 .text.CLOCK_DeinitT3RefClk
                0x0000000008005ddc       0x38 CMakeFiles/i2c_read_p3t1755_temp_value_transfer.elf.dir/home/ubuntu/Desktop/comp445/sdk/devices/RW612/drivers/fsl_clock.c.obj
                0x0000000008005ddc                CLOCK_DeinitT3RefClk
 .text.CLOCK_ConfigAvPll
                0x0000000008005e14       0xf4 CMakeFiles/i2c_read_p3t1755_temp_value_transfer.elf.dir/home/ubuntu/Desktop/comp445/sdk/devices/RW612/drivers/fsl_clock.c.obj
 .text.CLOCK_ConfigAvPllCh1
                0x0000000008005f08       0x84 CMakeFiles/i2c_read_p3t1755_temp_value_transfer.elf.dir/home/ubuntu/Desktop/comp445/sdk/devices/RW612/drivers/fsl_clock.c.obj
 .text.CLOCK_ConfigAvPllCh2
                0x0000000008005f8c       0x64 CMakeFiles/i2c_read_p3t1755_temp_value_transfer.elf.dir/home/ubuntu/Desktop/comp445/sdk/devices/RW612/drivers/fsl_clock.c.obj
 .text.CLOCK_PowerUpAnaGrp
                0x0000000008005ff0       0x34 CMakeFiles/i2c_read_p3t1755_temp_value_transfer.elf.dir/home/ubuntu/Desktop/comp445/sdk/devices/RW612/drivers/fsl_clock.c.obj
 .text.CLOCK_PowerDownAnaGrp
                0x0000000008006024       0x30 CMakeFiles/i2c_read_p3t1755_temp_value_transfer.elf.dir/home/ubuntu/Desktop/comp445/sdk/devices/RW612/drivers/fsl_clock.c.obj
 .text.CLOCK_EnableAvPllCh
                0x0000000008006054      0x154 CMakeFiles/i2c_read_p3t1755_temp_value_transfer.elf.dir/home/ubuntu/Desktop/comp445/sdk/devices/RW612/drivers/fsl_clock.c.obj
                0x0000000008006054                CLOCK_EnableAvPllCh
 .text.CLOCK_DisableAvPllCh
                0x00000000080061a8       0x60 CMakeFiles/i2c_read_p3t1755_temp_value_transfer.elf.dir/home/ubuntu/Desktop/comp445/sdk/devices/RW612/drivers/fsl_clock.c.obj
                0x00000000080061a8                CLOCK_DisableAvPllCh
 .text.CLOCK_InitAvPll
                0x0000000008006208       0x98 CMakeFiles/i2c_read_p3t1755_temp_value_transfer.elf.dir/home/ubuntu/Desktop/comp445/sdk/devices/RW612/drivers/fsl_clock.c.obj
                0x0000000008006208                CLOCK_InitAvPll
 .text.CLOCK_DeinitAvPll
                0x00000000080062a0       0x54 CMakeFiles/i2c_read_p3t1755_temp_value_transfer.elf.dir/home/ubuntu/Desktop/comp445/sdk/devices/RW612/drivers/fsl_clock.c.obj
                0x00000000080062a0                CLOCK_DeinitAvPll
 .text.DelayLoop
                0x00000000080062f4       0x20 CMakeFiles/i2c_read_p3t1755_temp_value_transfer.elf.dir/home/ubuntu/Desktop/comp445/sdk/devices/RW612/drivers/fsl_common_arm.c.obj
 .text.SDK_DelayAtLeastUs
                0x0000000008006314       0x98 CMakeFiles/i2c_read_p3t1755_temp_value_transfer.elf.dir/home/ubuntu/Desktop/comp445/sdk/devices/RW612/drivers/fsl_common_arm.c.obj
                0x0000000008006314                SDK_DelayAtLeastUs
 .text.FLEXCOMM_PeripheralIsPresent
                0x00000000080063ac       0x64 CMakeFiles/i2c_read_p3t1755_temp_value_transfer.elf.dir/home/ubuntu/Desktop/comp445/sdk/devices/RW612/drivers/fsl_flexcomm.c.obj
 .text.FLEXCOMM_GetInstance
                0x0000000008006410       0x58 CMakeFiles/i2c_read_p3t1755_temp_value_transfer.elf.dir/home/ubuntu/Desktop/comp445/sdk/devices/RW612/drivers/fsl_flexcomm.c.obj
                0x0000000008006410                FLEXCOMM_GetInstance
 .text.FLEXCOMM_SetPeriph
                0x0000000008006468       0x74 CMakeFiles/i2c_read_p3t1755_temp_value_transfer.elf.dir/home/ubuntu/Desktop/comp445/sdk/devices/RW612/drivers/fsl_flexcomm.c.obj
 .text.FLEXCOMM_Init
                0x00000000080064dc       0x50 CMakeFiles/i2c_read_p3t1755_temp_value_transfer.elf.dir/home/ubuntu/Desktop/comp445/sdk/devices/RW612/drivers/fsl_flexcomm.c.obj
                0x00000000080064dc                FLEXCOMM_Init
 .text.FLEXCOMM_SetIRQHandler
                0x000000000800652c       0x44 CMakeFiles/i2c_read_p3t1755_temp_value_transfer.elf.dir/home/ubuntu/Desktop/comp445/sdk/devices/RW612/drivers/fsl_flexcomm.c.obj
                0x000000000800652c                FLEXCOMM_SetIRQHandler
 .text.FLEXCOMM0_DriverIRQHandler
                0x0000000008006570       0x68 CMakeFiles/i2c_read_p3t1755_temp_value_transfer.elf.dir/home/ubuntu/Desktop/comp445/sdk/devices/RW612/drivers/fsl_flexcomm.c.obj
                0x0000000008006570                FLEXCOMM0_DriverIRQHandler
 .text.FLEXCOMM1_DriverIRQHandler
                0x00000000080065d8       0x68 CMakeFiles/i2c_read_p3t1755_temp_value_transfer.elf.dir/home/ubuntu/Desktop/comp445/sdk/devices/RW612/drivers/fsl_flexcomm.c.obj
                0x00000000080065d8                FLEXCOMM1_DriverIRQHandler
 .text.FLEXCOMM2_DriverIRQHandler
                0x0000000008006640       0x68 CMakeFiles/i2c_read_p3t1755_temp_value_transfer.elf.dir/home/ubuntu/Desktop/comp445/sdk/devices/RW612/drivers/fsl_flexcomm.c.obj
                0x0000000008006640                FLEXCOMM2_DriverIRQHandler
 .text.FLEXCOMM3_DriverIRQHandler
                0x00000000080066a8       0x68 CMakeFiles/i2c_read_p3t1755_temp_value_transfer.elf.dir/home/ubuntu/Desktop/comp445/sdk/devices/RW612/drivers/fsl_flexcomm.c.obj
                0x00000000080066a8                FLEXCOMM3_DriverIRQHandler
 .text.FLEXCOMM14_DriverIRQHandler
                0x0000000008006710       0x6c CMakeFiles/i2c_read_p3t1755_temp_value_transfer.elf.dir/home/ubuntu/Desktop/comp445/sdk/devices/RW612/drivers/fsl_flexcomm.c.obj
                0x0000000008006710                FLEXCOMM14_DriverIRQHandler
 .text.__NVIC_EnableIRQ
                0x000000000800677c       0x3c CMakeFiles/i2c_read_p3t1755_temp_value_transfer.elf.dir/home/ubuntu/Desktop/comp445/sdk/devices/RW612/drivers/fsl_i2c.c.obj
 .text.EnableIRQ
                0x00000000080067b8       0x32 CMakeFiles/i2c_read_p3t1755_temp_value_transfer.elf.dir/home/ubuntu/Desktop/comp445/sdk/devices/RW612/drivers/fsl_i2c.c.obj
 .text.I2C_MasterEnable
                0x00000000080067ea       0x44 CMakeFiles/i2c_read_p3t1755_temp_value_transfer.elf.dir/home/ubuntu/Desktop/comp445/sdk/devices/RW612/drivers/fsl_i2c.c.obj
 *fill*         0x000000000800682e        0x2 
 .text.I2C_ClearStatusFlags
                0x0000000008006830       0x2c CMakeFiles/i2c_read_p3t1755_temp_value_transfer.elf.dir/home/ubuntu/Desktop/comp445/sdk/devices/RW612/drivers/fsl_i2c.c.obj
 .text.I2C_EnableInterrupts
                0x000000000800685c       0x1e CMakeFiles/i2c_read_p3t1755_temp_value_transfer.elf.dir/home/ubuntu/Desktop/comp445/sdk/devices/RW612/drivers/fsl_i2c.c.obj
 .text.I2C_DisableInterrupts
                0x000000000800687a       0x1e CMakeFiles/i2c_read_p3t1755_temp_value_transfer.elf.dir/home/ubuntu/Desktop/comp445/sdk/devices/RW612/drivers/fsl_i2c.c.obj
 .text.I2C_SlaveEnable
                0x0000000008006898       0x44 CMakeFiles/i2c_read_p3t1755_temp_value_transfer.elf.dir/home/ubuntu/Desktop/comp445/sdk/devices/RW612/drivers/fsl_i2c.c.obj
 .text.I2C_GetInstance
                0x00000000080068dc       0x58 CMakeFiles/i2c_read_p3t1755_temp_value_transfer.elf.dir/home/ubuntu/Desktop/comp445/sdk/devices/RW612/drivers/fsl_i2c.c.obj
                0x00000000080068dc                I2C_GetInstance
 .text.I2C_MasterGetDefaultConfig
                0x0000000008006934       0x38 CMakeFiles/i2c_read_p3t1755_temp_value_transfer.elf.dir/home/ubuntu/Desktop/comp445/sdk/devices/RW612/drivers/fsl_i2c.c.obj
                0x0000000008006934                I2C_MasterGetDefaultConfig
 .text.I2C_MasterInit
                0x000000000800696c       0x6e CMakeFiles/i2c_read_p3t1755_temp_value_transfer.elf.dir/home/ubuntu/Desktop/comp445/sdk/devices/RW612/drivers/fsl_i2c.c.obj
                0x000000000800696c                I2C_MasterInit
 .text.I2C_GetStatusFlags
                0x00000000080069da       0x88 CMakeFiles/i2c_read_p3t1755_temp_value_transfer.elf.dir/home/ubuntu/Desktop/comp445/sdk/devices/RW612/drivers/fsl_i2c.c.obj
                0x00000000080069da                I2C_GetStatusFlags
 *fill*         0x0000000008006a62        0x2 
 .text.I2C_MasterSetBaudRate
                0x0000000008006a64      0x13c CMakeFiles/i2c_read_p3t1755_temp_value_transfer.elf.dir/home/ubuntu/Desktop/comp445/sdk/devices/RW612/drivers/fsl_i2c.c.obj
                0x0000000008006a64                I2C_MasterSetBaudRate
 .text.I2C_MasterSetTimeoutValue
                0x0000000008006ba0       0x94 CMakeFiles/i2c_read_p3t1755_temp_value_transfer.elf.dir/home/ubuntu/Desktop/comp445/sdk/devices/RW612/drivers/fsl_i2c.c.obj
                0x0000000008006ba0                I2C_MasterSetTimeoutValue
 .text.I2C_MasterTransferCreateHandle
                0x0000000008006c34       0x88 CMakeFiles/i2c_read_p3t1755_temp_value_transfer.elf.dir/home/ubuntu/Desktop/comp445/sdk/devices/RW612/drivers/fsl_i2c.c.obj
                0x0000000008006c34                I2C_MasterTransferCreateHandle
 .text.I2C_MasterTransferNonBlocking
                0x0000000008006cbc       0xb4 CMakeFiles/i2c_read_p3t1755_temp_value_transfer.elf.dir/home/ubuntu/Desktop/comp445/sdk/devices/RW612/drivers/fsl_i2c.c.obj
                0x0000000008006cbc                I2C_MasterTransferNonBlocking
 .text.I2C_InitTransferStateMachine
                0x0000000008006d70       0xf8 CMakeFiles/i2c_read_p3t1755_temp_value_transfer.elf.dir/home/ubuntu/Desktop/comp445/sdk/devices/RW612/drivers/fsl_i2c.c.obj
 .text.I2C_RunTransferStateMachine
                0x0000000008006e68      0x350 CMakeFiles/i2c_read_p3t1755_temp_value_transfer.elf.dir/home/ubuntu/Desktop/comp445/sdk/devices/RW612/drivers/fsl_i2c.c.obj
 .text.I2C_MasterTransferHandleIRQ
                0x00000000080071b8       0x60 CMakeFiles/i2c_read_p3t1755_temp_value_transfer.elf.dir/home/ubuntu/Desktop/comp445/sdk/devices/RW612/drivers/fsl_i2c.c.obj
                0x00000000080071b8                I2C_MasterTransferHandleIRQ
 .text.USART_EnableContinuousSCLK
                0x0000000008007218       0x38 CMakeFiles/i2c_read_p3t1755_temp_value_transfer.elf.dir/home/ubuntu/Desktop/comp445/sdk/devices/RW612/drivers/fsl_usart.c.obj
 .text.USART_Init
                0x0000000008007250      0x1dc CMakeFiles/i2c_read_p3t1755_temp_value_transfer.elf.dir/home/ubuntu/Desktop/comp445/sdk/devices/RW612/drivers/fsl_usart.c.obj
                0x0000000008007250                USART_Init
 .text.USART_GetDefaultConfig
                0x000000000800742c       0x90 CMakeFiles/i2c_read_p3t1755_temp_value_transfer.elf.dir/home/ubuntu/Desktop/comp445/sdk/devices/RW612/drivers/fsl_usart.c.obj
                0x000000000800742c                USART_GetDefaultConfig
 .text.USART_SetBaudRate
                0x00000000080074bc      0x19c CMakeFiles/i2c_read_p3t1755_temp_value_transfer.elf.dir/home/ubuntu/Desktop/comp445/sdk/devices/RW612/drivers/fsl_usart.c.obj
                0x00000000080074bc                USART_SetBaudRate
 .text.USART_WriteBlocking
                0x0000000008007658       0x9c CMakeFiles/i2c_read_p3t1755_temp_value_transfer.elf.dir/home/ubuntu/Desktop/comp445/sdk/devices/RW612/drivers/fsl_usart.c.obj
                0x0000000008007658                USART_WriteBlocking
 .text.USART_ReadBlocking
                0x00000000080076f4      0x114 CMakeFiles/i2c_read_p3t1755_temp_value_transfer.elf.dir/home/ubuntu/Desktop/comp445/sdk/devices/RW612/drivers/fsl_usart.c.obj
                0x00000000080076f4                USART_ReadBlocking
 .text.FLEXSPI_DriverIRQHandler
                0x0000000008007808       0x24 CMakeFiles/i2c_read_p3t1755_temp_value_transfer.elf.dir/home/ubuntu/Desktop/comp445/sdk/devices/RW612/drivers/fsl_flexspi.c.obj
                0x0000000008007808                FLEXSPI_DriverIRQHandler
 .text.otp_get_nonmask_status_result
                0x000000000800782c       0x60 CMakeFiles/i2c_read_p3t1755_temp_value_transfer.elf.dir/home/ubuntu/Desktop/comp445/sdk/devices/RW612/drivers/fsl_ocotp.c.obj
 .text.otp_wait_busy
                0x000000000800788c       0x50 CMakeFiles/i2c_read_p3t1755_temp_value_transfer.elf.dir/home/ubuntu/Desktop/comp445/sdk/devices/RW612/drivers/fsl_ocotp.c.obj
 .text.otp_clear_status
                0x00000000080078dc       0x28 CMakeFiles/i2c_read_p3t1755_temp_value_transfer.elf.dir/home/ubuntu/Desktop/comp445/sdk/devices/RW612/drivers/fsl_ocotp.c.obj
 .text.OCOTP_OtpInit
                0x0000000008007904       0x34 CMakeFiles/i2c_read_p3t1755_temp_value_transfer.elf.dir/home/ubuntu/Desktop/comp445/sdk/devices/RW612/drivers/fsl_ocotp.c.obj
                0x0000000008007904                OCOTP_OtpInit
 .text.OCOTP_OtpDeinit
                0x0000000008007938       0x44 CMakeFiles/i2c_read_p3t1755_temp_value_transfer.elf.dir/home/ubuntu/Desktop/comp445/sdk/devices/RW612/drivers/fsl_ocotp.c.obj
                0x0000000008007938                OCOTP_OtpDeinit
 .text.OCOTP_OtpFuseRead
                0x000000000800797c       0x74 CMakeFiles/i2c_read_p3t1755_temp_value_transfer.elf.dir/home/ubuntu/Desktop/comp445/sdk/devices/RW612/drivers/fsl_ocotp.c.obj
                0x000000000800797c                OCOTP_OtpFuseRead
 .text.soc_otp_read
                0x00000000080079f0      0x120 CMakeFiles/i2c_read_p3t1755_temp_value_transfer.elf.dir/home/ubuntu/Desktop/comp445/sdk/devices/RW612/drivers/fsl_ocotp.c.obj
 .text.OCOTP_ReadSocOtp
                0x0000000008007b10       0x6a CMakeFiles/i2c_read_p3t1755_temp_value_transfer.elf.dir/home/ubuntu/Desktop/comp445/sdk/devices/RW612/drivers/fsl_ocotp.c.obj
                0x0000000008007b10                OCOTP_ReadSocOtp
 *fill*         0x0000000008007b7a        0x2 
 .text.OCOTP_ReadSVC
                0x0000000008007b7c       0x44 CMakeFiles/i2c_read_p3t1755_temp_value_transfer.elf.dir/home/ubuntu/Desktop/comp445/sdk/devices/RW612/drivers/fsl_ocotp.c.obj
                0x0000000008007b7c                OCOTP_ReadSVC
 .text.OCOTP_ReadPackage
                0x0000000008007bc0       0x68 CMakeFiles/i2c_read_p3t1755_temp_value_transfer.elf.dir/home/ubuntu/Desktop/comp445/sdk/devices/RW612/drivers/fsl_ocotp.c.obj
                0x0000000008007bc0                OCOTP_ReadPackage
 .text.P3T1755_ReadReg
                0x0000000008007c28       0x34 CMakeFiles/i2c_read_p3t1755_temp_value_transfer.elf.dir/home/ubuntu/Desktop/comp445/sdk/components/sensor/p3t1755/fsl_p3t1755.c.obj
                0x0000000008007c28                P3T1755_ReadReg
 .text.P3T1755_Init
                0x0000000008007c5c       0x90 CMakeFiles/i2c_read_p3t1755_temp_value_transfer.elf.dir/home/ubuntu/Desktop/comp445/sdk/components/sensor/p3t1755/fsl_p3t1755.c.obj
                0x0000000008007c5c                P3T1755_Init
 .text.P3T1755_ReadTemperature
                0x0000000008007cec       0x5c CMakeFiles/i2c_read_p3t1755_temp_value_transfer.elf.dir/home/ubuntu/Desktop/comp445/sdk/components/sensor/p3t1755/fsl_p3t1755.c.obj
                0x0000000008007cec                P3T1755_ReadTemperature
 .text.__NVIC_SetPriorityGrouping
                0x0000000008007d48       0x48 CMakeFiles/i2c_read_p3t1755_temp_value_transfer.elf.dir/home/ubuntu/Desktop/comp445/sdk/devices/RW612/drivers/fsl_power.c.obj
 .text.__NVIC_GetPriorityGrouping
                0x0000000008007d90       0x1c CMakeFiles/i2c_read_p3t1755_temp_value_transfer.elf.dir/home/ubuntu/Desktop/comp445/sdk/devices/RW612/drivers/fsl_power.c.obj
 .text.DisableGlobalIRQ
                0x0000000008007dac       0x22 CMakeFiles/i2c_read_p3t1755_temp_value_transfer.elf.dir/home/ubuntu/Desktop/comp445/sdk/devices/RW612/drivers/fsl_power.c.obj
 .text.EnableGlobalIRQ
                0x0000000008007dce       0x20 CMakeFiles/i2c_read_p3t1755_temp_value_transfer.elf.dir/home/ubuntu/Desktop/comp445/sdk/devices/RW612/drivers/fsl_power.c.obj
 *fill*         0x0000000008007dee        0x2 
 .text.POWER_GetThresholdParams
                0x0000000008007df0      0x144 CMakeFiles/i2c_read_p3t1755_temp_value_transfer.elf.dir/home/ubuntu/Desktop/comp445/sdk/devices/RW612/drivers/fsl_power.c.obj
 .text.POWER_SaveNvicState
                0x0000000008007f34      0x154 CMakeFiles/i2c_read_p3t1755_temp_value_transfer.elf.dir/home/ubuntu/Desktop/comp445/sdk/devices/RW612/drivers/fsl_power.c.obj
 .text.POWER_RestoreNvicState
                0x0000000008008088      0x11c CMakeFiles/i2c_read_p3t1755_temp_value_transfer.elf.dir/home/ubuntu/Desktop/comp445/sdk/devices/RW612/drivers/fsl_power.c.obj
 .text.CAPTIMER_DriverIRQHandler
                0x00000000080081a4       0x34 CMakeFiles/i2c_read_p3t1755_temp_value_transfer.elf.dir/home/ubuntu/Desktop/comp445/sdk/devices/RW612/drivers/fsl_power.c.obj
                0x00000000080081a4                CAPTIMER_DriverIRQHandler
 .text.POWER_EnableWakeup
                0x00000000080081d8      0x1e4 CMakeFiles/i2c_read_p3t1755_temp_value_transfer.elf.dir/home/ubuntu/Desktop/comp445/sdk/devices/RW612/drivers/fsl_power.c.obj
                0x00000000080081d8                POWER_EnableWakeup
 .text.POWER_InitVSensorThreshold
                0x00000000080083bc      0x1f0 CMakeFiles/i2c_read_p3t1755_temp_value_transfer.elf.dir/home/ubuntu/Desktop/comp445/sdk/devices/RW612/drivers/fsl_power.c.obj
 .text.Power_InitLoadGdetCfg
                0x00000000080085ac       0x90 CMakeFiles/i2c_read_p3t1755_temp_value_transfer.elf.dir/home/ubuntu/Desktop/comp445/sdk/devices/RW612/drivers/fsl_power.c.obj
                0x00000000080085ac                Power_InitLoadGdetCfg
 .text.POWER_InitVoltage
                0x000000000800863c       0xa4 CMakeFiles/i2c_read_p3t1755_temp_value_transfer.elf.dir/home/ubuntu/Desktop/comp445/sdk/devices/RW612/drivers/fsl_power.c.obj
                0x000000000800863c                POWER_InitVoltage
 .text.POWER_TrimSvc
                0x00000000080086e0      0x148 CMakeFiles/i2c_read_p3t1755_temp_value_transfer.elf.dir/home/ubuntu/Desktop/comp445/sdk/devices/RW612/drivers/fsl_power.c.obj
                0x00000000080086e0                POWER_TrimSvc
 .text.RESET_SetPeripheralReset
                0x0000000008008828      0x104 CMakeFiles/i2c_read_p3t1755_temp_value_transfer.elf.dir/home/ubuntu/Desktop/comp445/sdk/devices/RW612/drivers/fsl_reset.c.obj
                0x0000000008008828                RESET_SetPeripheralReset
 .text.RESET_ClearPeripheralReset
                0x000000000800892c      0x110 CMakeFiles/i2c_read_p3t1755_temp_value_transfer.elf.dir/home/ubuntu/Desktop/comp445/sdk/devices/RW612/drivers/fsl_reset.c.obj
                0x000000000800892c                RESET_ClearPeripheralReset
 .text.RESET_PeripheralReset
                0x0000000008008a3c       0x22 CMakeFiles/i2c_read_p3t1755_temp_value_transfer.elf.dir/home/ubuntu/Desktop/comp445/sdk/devices/RW612/drivers/fsl_reset.c.obj
                0x0000000008008a3c                RESET_PeripheralReset
 *fill*         0x0000000008008a5e        0x2 
 .text._sbrk    0x0000000008008a60       0x68 CMakeFiles/i2c_read_p3t1755_temp_value_transfer.elf.dir/home/ubuntu/Desktop/comp445/sdk/devices/RW612/utilities/fsl_sbrk.c.obj
                0x0000000008008a60                _sbrk
 .text.fsl_assert_hook
                0x0000000008008ac8       0x1a CMakeFiles/i2c_read_p3t1755_temp_value_transfer.elf.dir/home/ubuntu/Desktop/comp445/sdk/devices/RW612/utilities/debug_console_lite/fsl_assert.c.obj
                0x0000000008008ac8                fsl_assert_hook
 *fill*         0x0000000008008ae2        0x2 
 .text.__assert_func
                0x0000000008008ae4       0x30 CMakeFiles/i2c_read_p3t1755_temp_value_transfer.elf.dir/home/ubuntu/Desktop/comp445/sdk/devices/RW612/utilities/debug_console_lite/fsl_assert.c.obj
                0x0000000008008ae4                __assert_func
 .text.DbgConsole_Init
                0x0000000008008b14       0x88 CMakeFiles/i2c_read_p3t1755_temp_value_transfer.elf.dir/home/ubuntu/Desktop/comp445/sdk/devices/RW612/utilities/debug_console_lite/fsl_debug_console.c.obj
                0x0000000008008b14                DbgConsole_Init
 .text.DbgConsole_Printf
                0x0000000008008b9c       0x2c CMakeFiles/i2c_read_p3t1755_temp_value_transfer.elf.dir/home/ubuntu/Desktop/comp445/sdk/devices/RW612/utilities/debug_console_lite/fsl_debug_console.c.obj
                0x0000000008008b9c                DbgConsole_Printf
 .text.DbgConsole_Vprintf
                0x0000000008008bc8       0x3c CMakeFiles/i2c_read_p3t1755_temp_value_transfer.elf.dir/home/ubuntu/Desktop/comp445/sdk/devices/RW612/utilities/debug_console_lite/fsl_debug_console.c.obj
                0x0000000008008bc8                DbgConsole_Vprintf
 .text.DbgConsole_Putchar
                0x0000000008008c04       0x30 CMakeFiles/i2c_read_p3t1755_temp_value_transfer.elf.dir/home/ubuntu/Desktop/comp445/sdk/devices/RW612/utilities/debug_console_lite/fsl_debug_console.c.obj
                0x0000000008008c04                DbgConsole_Putchar
 .text.DbgConsole_PrintfPaddingCharacter
                0x0000000008008c34       0x40 CMakeFiles/i2c_read_p3t1755_temp_value_transfer.elf.dir/home/ubuntu/Desktop/comp445/sdk/devices/RW612/utilities/debug_console_lite/fsl_debug_console.c.obj
 .text.DbgConsole_ConvertRadixNumToString
                0x0000000008008c74      0x2b0 CMakeFiles/i2c_read_p3t1755_temp_value_transfer.elf.dir/home/ubuntu/Desktop/comp445/sdk/devices/RW612/utilities/debug_console_lite/fsl_debug_console.c.obj
 *fill*         0x0000000008008f24        0x4 
 .text.DbgConsole_ConvertFloatRadixNumToString
                0x0000000008008f28      0x2a0 CMakeFiles/i2c_read_p3t1755_temp_value_transfer.elf.dir/home/ubuntu/Desktop/comp445/sdk/devices/RW612/utilities/debug_console_lite/fsl_debug_console.c.obj
 .text.DbgConsole_PrintfFormattedData
                0x00000000080091c8      0xb68 CMakeFiles/i2c_read_p3t1755_temp_value_transfer.elf.dir/home/ubuntu/Desktop/comp445/sdk/devices/RW612/utilities/debug_console_lite/fsl_debug_console.c.obj
 *(.rodata)
 .rodata        0x0000000008009d30       0x79 CMakeFiles/i2c_read_p3t1755_temp_value_transfer.elf.dir/home/ubuntu/Desktop/comp445/sdk/boards/frdmrw612/driver_examples/i2c/read_p3t1755_temp_value_transfer/i2c_read_p3t1755_temp_value_transfer.c.obj
 *fill*         0x0000000008009da9        0x3 
 .rodata        0x0000000008009dac       0x76 CMakeFiles/i2c_read_p3t1755_temp_value_transfer.elf.dir/home/ubuntu/Desktop/comp445/sdk/boards/frdmrw612/driver_examples/i2c/read_p3t1755_temp_value_transfer/pin_mux.c.obj
 *fill*         0x0000000008009e22        0x2 
 .rodata        0x0000000008009e24      0x10f CMakeFiles/i2c_read_p3t1755_temp_value_transfer.elf.dir/home/ubuntu/Desktop/comp445/sdk/boards/frdmrw612/driver_examples/i2c/read_p3t1755_temp_value_transfer/board.c.obj
 *fill*         0x0000000008009f33        0x1 
 .rodata        0x0000000008009f34       0xd7 CMakeFiles/i2c_read_p3t1755_temp_value_transfer.elf.dir/home/ubuntu/Desktop/comp445/sdk/components/uart/fsl_adapter_usart.c.obj
 *fill*         0x000000000800a00b        0x1 
 .rodata        0x000000000800a00c       0x7d CMakeFiles/i2c_read_p3t1755_temp_value_transfer.elf.dir/home/ubuntu/Desktop/comp445/sdk/devices/RW612/drivers/fsl_clock.c.obj
 *fill*         0x000000000800a089        0x3 
 .rodata        0x000000000800a08c       0x9c CMakeFiles/i2c_read_p3t1755_temp_value_transfer.elf.dir/home/ubuntu/Desktop/comp445/sdk/devices/RW612/drivers/fsl_common_arm.c.obj
 .rodata        0x000000000800a128       0x9f CMakeFiles/i2c_read_p3t1755_temp_value_transfer.elf.dir/home/ubuntu/Desktop/comp445/sdk/devices/RW612/drivers/fsl_flexcomm.c.obj
 *fill*         0x000000000800a1c7        0x1 
 .rodata        0x000000000800a1c8      0x120 CMakeFiles/i2c_read_p3t1755_temp_value_transfer.elf.dir/home/ubuntu/Desktop/comp445/sdk/devices/RW612/drivers/fsl_i2c.c.obj
 .rodata        0x000000000800a2e8      0x267 CMakeFiles/i2c_read_p3t1755_temp_value_transfer.elf.dir/home/ubuntu/Desktop/comp445/sdk/devices/RW612/drivers/fsl_usart.c.obj
 *fill*         0x000000000800a54f        0x1 
 .rodata        0x000000000800a550       0x5d CMakeFiles/i2c_read_p3t1755_temp_value_transfer.elf.dir/home/ubuntu/Desktop/comp445/sdk/devices/RW612/drivers/fsl_ocotp.c.obj
 *fill*         0x000000000800a5ad        0x3 
 .rodata        0x000000000800a5b0       0xa9 CMakeFiles/i2c_read_p3t1755_temp_value_transfer.elf.dir/home/ubuntu/Desktop/comp445/sdk/components/sensor/p3t1755/fsl_p3t1755.c.obj
 *fill*         0x000000000800a659        0x3 
 .rodata        0x000000000800a65c      0x193 CMakeFiles/i2c_read_p3t1755_temp_value_transfer.elf.dir/home/ubuntu/Desktop/comp445/sdk/devices/RW612/drivers/fsl_power.c.obj
 *fill*         0x000000000800a7ef        0x1 
 .rodata        0x000000000800a7f0       0x53 CMakeFiles/i2c_read_p3t1755_temp_value_transfer.elf.dir/home/ubuntu/Desktop/comp445/sdk/devices/RW612/drivers/fsl_reset.c.obj
 *fill*         0x000000000800a843        0x1 
 .rodata        0x000000000800a844       0x3e CMakeFiles/i2c_read_p3t1755_temp_value_transfer.elf.dir/home/ubuntu/Desktop/comp445/sdk/devices/RW612/utilities/debug_console_lite/fsl_assert.c.obj
 *fill*         0x000000000800a882        0x6 
 .rodata        0x000000000800a888       0x10 /usr/lib/gcc/arm-none-eabi/10.3.1/../../../arm-none-eabi/lib/thumb/v8-m.main+fp/hard/libm.a(lib_a-s_rint.o)
 .rodata        0x000000000800a898        0x4 /usr/lib/gcc/arm-none-eabi/10.3.1/../../../arm-none-eabi/lib/thumb/v8-m.main+fp/hard/libc_nano.a(lib_a-impure.o)
                0x000000000800a898                _global_impure_ptr
 *(.rodata*)
 .rodata.__func__.0
                0x000000000800a89c       0x11 CMakeFiles/i2c_read_p3t1755_temp_value_transfer.elf.dir/home/ubuntu/Desktop/comp445/sdk/boards/frdmrw612/driver_examples/i2c/read_p3t1755_temp_value_transfer/pin_mux.c.obj
 *fill*         0x000000000800a8ad        0x3 
 .rodata.__func__.0
                0x000000000800a8b0       0x10 CMakeFiles/i2c_read_p3t1755_temp_value_transfer.elf.dir/home/ubuntu/Desktop/comp445/sdk/boards/frdmrw612/driver_examples/i2c/read_p3t1755_temp_value_transfer/board.c.obj
 .rodata.avpllConfig_BOARD_BootClockRUN
                0x000000000800a8c0        0x3 CMakeFiles/i2c_read_p3t1755_temp_value_transfer.elf.dir/home/ubuntu/Desktop/comp445/sdk/boards/frdmrw612/driver_examples/i2c/read_p3t1755_temp_value_transfer/clock_config.c.obj
                0x000000000800a8c0                avpllConfig_BOARD_BootClockRUN
 *fill*         0x000000000800a8c3        0x1 
 .rodata.s_UsartAdapterBase
                0x000000000800a8c4       0x14 CMakeFiles/i2c_read_p3t1755_temp_value_transfer.elf.dir/home/ubuntu/Desktop/comp445/sdk/components/uart/fsl_adapter_usart.c.obj
 .rodata.__func__.4
                0x000000000800a8d8       0x13 CMakeFiles/i2c_read_p3t1755_temp_value_transfer.elf.dir/home/ubuntu/Desktop/comp445/sdk/components/uart/fsl_adapter_usart.c.obj
 *fill*         0x000000000800a8eb        0x1 
 .rodata.__func__.2
                0x000000000800a8ec       0x18 CMakeFiles/i2c_read_p3t1755_temp_value_transfer.elf.dir/home/ubuntu/Desktop/comp445/sdk/components/uart/fsl_adapter_usart.c.obj
 .rodata.__func__.1
                0x000000000800a904       0x15 CMakeFiles/i2c_read_p3t1755_temp_value_transfer.elf.dir/home/ubuntu/Desktop/comp445/sdk/components/uart/fsl_adapter_usart.c.obj
 *fill*         0x000000000800a919        0x3 
 .rodata.s_avpllFreq
                0x000000000800a91c       0x2c CMakeFiles/i2c_read_p3t1755_temp_value_transfer.elf.dir/home/ubuntu/Desktop/comp445/sdk/devices/RW612/drivers/fsl_clock.c.obj
 .rodata.s_avpllFreqOff
                0x000000000800a948       0x2c CMakeFiles/i2c_read_p3t1755_temp_value_transfer.elf.dir/home/ubuntu/Desktop/comp445/sdk/devices/RW612/drivers/fsl_clock.c.obj
 .rodata.s_avpllPostDiv
                0x000000000800a974       0x2c CMakeFiles/i2c_read_p3t1755_temp_value_transfer.elf.dir/home/ubuntu/Desktop/comp445/sdk/devices/RW612/drivers/fsl_clock.c.obj
 .rodata.s_avpllPostDiv0p5
                0x000000000800a9a0       0x2c CMakeFiles/i2c_read_p3t1755_temp_value_transfer.elf.dir/home/ubuntu/Desktop/comp445/sdk/devices/RW612/drivers/fsl_clock.c.obj
 .rodata.__func__.9
                0x000000000800a9cc       0x1c CMakeFiles/i2c_read_p3t1755_temp_value_transfer.elf.dir/home/ubuntu/Desktop/comp445/sdk/devices/RW612/drivers/fsl_clock.c.obj
 .rodata.__func__.8
                0x000000000800a9e8       0x16 CMakeFiles/i2c_read_p3t1755_temp_value_transfer.elf.dir/home/ubuntu/Desktop/comp445/sdk/devices/RW612/drivers/fsl_clock.c.obj
 *fill*         0x000000000800a9fe        0x2 
 .rodata.__func__.7
                0x000000000800aa00       0x12 CMakeFiles/i2c_read_p3t1755_temp_value_transfer.elf.dir/home/ubuntu/Desktop/comp445/sdk/devices/RW612/drivers/fsl_clock.c.obj
 *fill*         0x000000000800aa12        0x2 
 .rodata.__func__.6
                0x000000000800aa14       0x13 CMakeFiles/i2c_read_p3t1755_temp_value_transfer.elf.dir/home/ubuntu/Desktop/comp445/sdk/devices/RW612/drivers/fsl_clock.c.obj
 *fill*         0x000000000800aa27        0x1 
 .rodata.__func__.5
                0x000000000800aa28       0x12 CMakeFiles/i2c_read_p3t1755_temp_value_transfer.elf.dir/home/ubuntu/Desktop/comp445/sdk/devices/RW612/drivers/fsl_clock.c.obj
 *fill*         0x000000000800aa3a        0x2 
 .rodata.__func__.4
                0x000000000800aa3c       0x12 CMakeFiles/i2c_read_p3t1755_temp_value_transfer.elf.dir/home/ubuntu/Desktop/comp445/sdk/devices/RW612/drivers/fsl_clock.c.obj
 *fill*         0x000000000800aa4e        0x2 
 .rodata.__func__.3
                0x000000000800aa50       0x19 CMakeFiles/i2c_read_p3t1755_temp_value_transfer.elf.dir/home/ubuntu/Desktop/comp445/sdk/devices/RW612/drivers/fsl_clock.c.obj
 *fill*         0x000000000800aa69        0x3 
 .rodata.__func__.1
                0x000000000800aa6c       0x14 CMakeFiles/i2c_read_p3t1755_temp_value_transfer.elf.dir/home/ubuntu/Desktop/comp445/sdk/devices/RW612/drivers/fsl_clock.c.obj
 .rodata.__func__.0
                0x000000000800aa80       0x10 CMakeFiles/i2c_read_p3t1755_temp_value_transfer.elf.dir/home/ubuntu/Desktop/comp445/sdk/devices/RW612/drivers/fsl_clock.c.obj
 .rodata.__func__.0
                0x000000000800aa90       0x13 CMakeFiles/i2c_read_p3t1755_temp_value_transfer.elf.dir/home/ubuntu/Desktop/comp445/sdk/devices/RW612/drivers/fsl_common_arm.c.obj
 *fill*         0x000000000800aaa3        0x1 
 .rodata.s_flexcommBaseAddrs
                0x000000000800aaa4       0x14 CMakeFiles/i2c_read_p3t1755_temp_value_transfer.elf.dir/home/ubuntu/Desktop/comp445/sdk/devices/RW612/drivers/fsl_flexcomm.c.obj
 .rodata.s_flexcommClocks
                0x000000000800aab8       0x14 CMakeFiles/i2c_read_p3t1755_temp_value_transfer.elf.dir/home/ubuntu/Desktop/comp445/sdk/devices/RW612/drivers/fsl_flexcomm.c.obj
 .rodata.s_flexcommResets
                0x000000000800aacc        0xa CMakeFiles/i2c_read_p3t1755_temp_value_transfer.elf.dir/home/ubuntu/Desktop/comp445/sdk/devices/RW612/drivers/fsl_flexcomm.c.obj
 *fill*         0x000000000800aad6        0x2 
 .rodata.__func__.5
                0x000000000800aad8       0x15 CMakeFiles/i2c_read_p3t1755_temp_value_transfer.elf.dir/home/ubuntu/Desktop/comp445/sdk/devices/RW612/drivers/fsl_flexcomm.c.obj
 *fill*         0x000000000800aaed        0x3 
 .rodata.__func__.4
                0x000000000800aaf0       0x1b CMakeFiles/i2c_read_p3t1755_temp_value_transfer.elf.dir/home/ubuntu/Desktop/comp445/sdk/devices/RW612/drivers/fsl_flexcomm.c.obj
 *fill*         0x000000000800ab0b        0x1 
 .rodata.__func__.3
                0x000000000800ab0c       0x1b CMakeFiles/i2c_read_p3t1755_temp_value_transfer.elf.dir/home/ubuntu/Desktop/comp445/sdk/devices/RW612/drivers/fsl_flexcomm.c.obj
 *fill*         0x000000000800ab27        0x1 
 .rodata.__func__.2
                0x000000000800ab28       0x1b CMakeFiles/i2c_read_p3t1755_temp_value_transfer.elf.dir/home/ubuntu/Desktop/comp445/sdk/devices/RW612/drivers/fsl_flexcomm.c.obj
 *fill*         0x000000000800ab43        0x1 
 .rodata.__func__.1
                0x000000000800ab44       0x1b CMakeFiles/i2c_read_p3t1755_temp_value_transfer.elf.dir/home/ubuntu/Desktop/comp445/sdk/devices/RW612/drivers/fsl_flexcomm.c.obj
 *fill*         0x000000000800ab5f        0x1 
 .rodata.__func__.0
                0x000000000800ab60       0x1c CMakeFiles/i2c_read_p3t1755_temp_value_transfer.elf.dir/home/ubuntu/Desktop/comp445/sdk/devices/RW612/drivers/fsl_flexcomm.c.obj
 .rodata.s_i2cBaseAddrs
                0x000000000800ab7c       0x14 CMakeFiles/i2c_read_p3t1755_temp_value_transfer.elf.dir/home/ubuntu/Desktop/comp445/sdk/devices/RW612/drivers/fsl_i2c.c.obj
 .rodata.s_i2cIRQ
                0x000000000800ab90        0xa CMakeFiles/i2c_read_p3t1755_temp_value_transfer.elf.dir/home/ubuntu/Desktop/comp445/sdk/devices/RW612/drivers/fsl_i2c.c.obj
 *fill*         0x000000000800ab9a        0x2 
 .rodata.__func__.11
                0x000000000800ab9c       0x10 CMakeFiles/i2c_read_p3t1755_temp_value_transfer.elf.dir/home/ubuntu/Desktop/comp445/sdk/devices/RW612/drivers/fsl_i2c.c.obj
 .rodata.__func__.10
                0x000000000800abac       0x1a CMakeFiles/i2c_read_p3t1755_temp_value_transfer.elf.dir/home/ubuntu/Desktop/comp445/sdk/devices/RW612/drivers/fsl_i2c.c.obj
 *fill*         0x000000000800abc6        0x2 
 .rodata.__func__.6
                0x000000000800abc8       0x1f CMakeFiles/i2c_read_p3t1755_temp_value_transfer.elf.dir/home/ubuntu/Desktop/comp445/sdk/devices/RW612/drivers/fsl_i2c.c.obj
 *fill*         0x000000000800abe7        0x1 
 .rodata.__func__.5
                0x000000000800abe8       0x1e CMakeFiles/i2c_read_p3t1755_temp_value_transfer.elf.dir/home/ubuntu/Desktop/comp445/sdk/devices/RW612/drivers/fsl_i2c.c.obj
 *fill*         0x000000000800ac06        0x2 
 .rodata.__func__.15
                0x000000000800ac08        0xb CMakeFiles/i2c_read_p3t1755_temp_value_transfer.elf.dir/home/ubuntu/Desktop/comp445/sdk/devices/RW612/drivers/fsl_usart.c.obj
 *fill*         0x000000000800ac13        0x1 
 .rodata.__func__.13
                0x000000000800ac14       0x17 CMakeFiles/i2c_read_p3t1755_temp_value_transfer.elf.dir/home/ubuntu/Desktop/comp445/sdk/devices/RW612/drivers/fsl_usart.c.obj
 *fill*         0x000000000800ac2b        0x1 
 .rodata.__func__.12
                0x000000000800ac2c       0x12 CMakeFiles/i2c_read_p3t1755_temp_value_transfer.elf.dir/home/ubuntu/Desktop/comp445/sdk/devices/RW612/drivers/fsl_usart.c.obj
 *fill*         0x000000000800ac3e        0x2 
 .rodata.__func__.9
                0x000000000800ac40       0x14 CMakeFiles/i2c_read_p3t1755_temp_value_transfer.elf.dir/home/ubuntu/Desktop/comp445/sdk/devices/RW612/drivers/fsl_usart.c.obj
 .rodata.__func__.8
                0x000000000800ac54       0x13 CMakeFiles/i2c_read_p3t1755_temp_value_transfer.elf.dir/home/ubuntu/Desktop/comp445/sdk/devices/RW612/drivers/fsl_usart.c.obj
 *fill*         0x000000000800ac67        0x1 
 .rodata.__func__.1
                0x000000000800ac68        0xe CMakeFiles/i2c_read_p3t1755_temp_value_transfer.elf.dir/home/ubuntu/Desktop/comp445/sdk/devices/RW612/drivers/fsl_ocotp.c.obj
 *fill*         0x000000000800ac76        0x2 
 .rodata.__func__.0
                0x000000000800ac78       0x12 CMakeFiles/i2c_read_p3t1755_temp_value_transfer.elf.dir/home/ubuntu/Desktop/comp445/sdk/devices/RW612/drivers/fsl_ocotp.c.obj
 *fill*         0x000000000800ac8a        0x2 
 .rodata.__func__.0
                0x000000000800ac8c        0xd CMakeFiles/i2c_read_p3t1755_temp_value_transfer.elf.dir/home/ubuntu/Desktop/comp445/sdk/components/sensor/p3t1755/fsl_p3t1755.c.obj
 *fill*         0x000000000800ac99        0x3 
 .rodata.s_droTable
                0x000000000800ac9c       0x13 CMakeFiles/i2c_read_p3t1755_temp_value_transfer.elf.dir/home/ubuntu/Desktop/comp445/sdk/devices/RW612/drivers/fsl_power.c.obj
 *fill*         0x000000000800acaf        0x1 
 .rodata.__func__.14
                0x000000000800acb0       0x13 CMakeFiles/i2c_read_p3t1755_temp_value_transfer.elf.dir/home/ubuntu/Desktop/comp445/sdk/devices/RW612/drivers/fsl_power.c.obj
 *fill*         0x000000000800acc3        0x1 
 .rodata.__func__.13
                0x000000000800acc4       0x15 CMakeFiles/i2c_read_p3t1755_temp_value_transfer.elf.dir/home/ubuntu/Desktop/comp445/sdk/devices/RW612/drivers/fsl_power.c.obj
 *fill*         0x000000000800acd9        0x3 
 .rodata.__func__.12
                0x000000000800acdc       0x19 CMakeFiles/i2c_read_p3t1755_temp_value_transfer.elf.dir/home/ubuntu/Desktop/comp445/sdk/devices/RW612/drivers/fsl_power.c.obj
 *fill*         0x000000000800acf5        0x3 
 .rodata.__func__.11
                0x000000000800acf8       0x14 CMakeFiles/i2c_read_p3t1755_temp_value_transfer.elf.dir/home/ubuntu/Desktop/comp445/sdk/devices/RW612/drivers/fsl_power.c.obj
 .rodata.__func__.8
                0x000000000800ad0c       0x13 CMakeFiles/i2c_read_p3t1755_temp_value_transfer.elf.dir/home/ubuntu/Desktop/comp445/sdk/devices/RW612/drivers/fsl_power.c.obj
 *fill*         0x000000000800ad1f        0x1 
 .rodata.__func__.6
                0x000000000800ad20       0x13 CMakeFiles/i2c_read_p3t1755_temp_value_transfer.elf.dir/home/ubuntu/Desktop/comp445/sdk/devices/RW612/drivers/fsl_power.c.obj
 *fill*         0x000000000800ad33        0x1 
 .rodata.__func__.5
                0x000000000800ad34       0x14 CMakeFiles/i2c_read_p3t1755_temp_value_transfer.elf.dir/home/ubuntu/Desktop/comp445/sdk/devices/RW612/drivers/fsl_power.c.obj
 .rodata.__func__.2